// Jest Snapshot v1, https://goo.gl/fbAQLP

exports[`did-you-mean.test.wipple 1`] = `
[
  "did-you-mean/did-you-mean.test.wipple:3:1: error: use \`show\` to display on the screen",
  "did-you-mean/did-you-mean.test.wipple:4:6: error: can't find \`hello\`",
  "did-you-mean/did-you-mean.test.wipple:5:13: error: expected expression here while reading this binary operator expression",
  "did-you-mean/did-you-mean.test.wipple:5:16: error: can't find \`comment\`",
]
`;
