// Bun Snapshot v1, https://goo.gl/fbAQLP

exports[`exhaustiveness-checking.test.wipple 1`] = `
[
  "/Users/wilson/Desktop/wipple-wasm/test/tests/exhaustiveness-checking/exhaustiveness-checking.test.wipple:5:23: error: expected expression here while reading this call expression",
  "/Users/wilson/Desktop/wipple-wasm/test/tests/exhaustiveness-checking/exhaustiveness-checking.test.wipple:2:14: error: can't find \`A\`",
  "/Users/wilson/Desktop/wipple-wasm/test/tests/exhaustiveness-checking/exhaustiveness-checking.test.wipple:2:13: error: this code produces a \`_\`, but the \`_\`s are unknown",
]
`;
