Facts:
`X : type` (default-type-parameter.wipple:1:1-1:9) (TypeDefinitionSyntax):
  has definition constraints
  has type `X` (default-type-parameter.wipple:1:1-1:9)
  is a definition

`Y : type` (default-type-parameter.wipple:2:1-2:9) (TypeDefinitionSyntax):
  has definition constraints
  has type `Y` (default-type-parameter.wipple:2:1-2:9)
  is a definition

`T : value => trait` (default-type-parameter.wipple:4:1-4:19) (TraitDefinitionSyntax):
  has definition constraints
  has instances
  has type `value` (default-type-parameter.wipple:4:5-4:10)
  has type parameters
  is a definition

`value` (default-type-parameter.wipple:4:5-4:10) (TypeParameterSyntax):
  has type `value` (default-type-parameter.wipple:4:5-4:10)
  is a definition
  is a type
  resolved to 1 definition(s): `value` (default-type-parameter.wipple:4:5-4:10)

`instance (T X)` (default-type-parameter.wipple:5:1-5:15) (InstanceDefinitionSyntax):
  has definition constraints
  has type `X` (default-type-parameter.wipple:5:13-5:14)
  is a definition
  resolved to 1 definition(s): `T : value => trait` (default-type-parameter.wipple:4:1-4:19)

`instance (T Y)` (default-type-parameter.wipple:6:1-6:15) (InstanceDefinitionSyntax):
  has definition constraints
  has type `Y` (default-type-parameter.wipple:6:13-6:14)
  is a definition
  resolved to 1 definition(s): `T : value => trait` (default-type-parameter.wipple:4:1-4:19)

`instance (Describe X)` (default-type-parameter.wipple:8:1-8:22) (InstanceDefinitionSyntax):
  has definition constraints
  has type `X -> String` (default-type-parameter.wipple:8:25-8:33)
  is a definition
  resolved to 1 definition(s): `Describe : value => trait` (io.wipple:2:1-2:26)

`instance (Describe Y)` (default-type-parameter.wipple:9:1-9:22) (InstanceDefinitionSyntax):
  has definition constraints
  has type `Y -> String` (default-type-parameter.wipple:9:25-9:33)
  is a definition
  resolved to 1 definition(s): `Describe : value => trait` (io.wipple:2:1-2:26)

`foo :: value where (value :: X) (T value)` (default-type-parameter.wipple:11:1-11:42) (ConstantDefinitionSyntax):
  has definition constraints
  has type `value` (default-type-parameter.wipple:11:8-11:13)
  has type parameters
  is a definition

`foo : T` (default-type-parameter.wipple:12:1-12:8) (AssignmentStatementSyntax):
  has type `()` (default-type-parameter.wipple:12:1-12:8)

`X` (default-type-parameter.wipple:5:13-5:14) (NamedTypeSyntax):
  has type `X` (default-type-parameter.wipple:5:13-5:14)
  is a type
  resolved to 1 definition(s): `X : type` (default-type-parameter.wipple:1:1-1:9)

`Y` (default-type-parameter.wipple:6:13-6:14) (NamedTypeSyntax):
  has type `Y` (default-type-parameter.wipple:6:13-6:14)
  is a type
  resolved to 1 definition(s): `Y : type` (default-type-parameter.wipple:2:1-2:9)

`X` (default-type-parameter.wipple:8:20-8:21) (NamedTypeSyntax):
  has type `X` (default-type-parameter.wipple:8:20-8:21)
  is a type
  resolved to 1 definition(s): `X : type` (default-type-parameter.wipple:1:1-1:9)

`Y` (default-type-parameter.wipple:9:20-9:21) (NamedTypeSyntax):
  has type `Y` (default-type-parameter.wipple:9:20-9:21)
  is a type
  resolved to 1 definition(s): `Y : type` (default-type-parameter.wipple:2:1-2:9)

`value` (default-type-parameter.wipple:11:8-11:13) (TypeParameterSyntax):
  has type `value` (default-type-parameter.wipple:11:8-11:13)
  is a definition
  is a type
  resolved to 1 definition(s): `value` (default-type-parameter.wipple:11:8-11:13)

`(value :: X)` (default-type-parameter.wipple:11:20-11:32) (DefaultConstraintSyntax):
  is a constraint

`value` (default-type-parameter.wipple:11:21-11:26) (TypeParameterSyntax):
  has type `value` (default-type-parameter.wipple:11:8-11:13)
  is a type
  resolved to 1 definition(s): `value` (default-type-parameter.wipple:11:8-11:13)

`X` (default-type-parameter.wipple:11:30-11:31) (NamedTypeSyntax):
  has type `X` (default-type-parameter.wipple:11:30-11:31)
  is a type
  resolved to 1 definition(s): `X : type` (default-type-parameter.wipple:1:1-1:9)

`(T value)` (default-type-parameter.wipple:11:33-11:42) (BoundConstraintSyntax):
  has bound(s) `T` `value` (default-type-parameter.wipple:11:8-11:13) (`(T value)` (default-type-parameter.wipple:11:33-11:42))
  has definition constraints
  is a constraint
  resolved to 1 definition(s): `T : value => trait` (default-type-parameter.wipple:4:1-4:19)

`value` (default-type-parameter.wipple:11:36-11:41) (TypeParameterSyntax):
  has type `value` (default-type-parameter.wipple:11:8-11:13)
  is a type
  resolved to 1 definition(s): `value` (default-type-parameter.wipple:11:8-11:13)

`value` (default-type-parameter.wipple:4:20-4:25) (TypeParameterSyntax):
  has type `value` (default-type-parameter.wipple:4:5-4:10)
  is a type
  resolved to 1 definition(s): `value` (default-type-parameter.wipple:4:5-4:10)

`X` (default-type-parameter.wipple:5:18-5:19) (ConstructorExpressionSyntax):
  has type `X` (default-type-parameter.wipple:5:13-5:14)
  is an expression
  resolved to 1 definition(s): `X : type` (default-type-parameter.wipple:1:1-1:9)

`Y` (default-type-parameter.wipple:6:18-6:19) (ConstructorExpressionSyntax):
  has type `Y` (default-type-parameter.wipple:6:13-6:14)
  is an expression
  resolved to 1 definition(s): `Y : type` (default-type-parameter.wipple:2:1-2:9)

`_ -> "X"` (default-type-parameter.wipple:8:25-8:33) (FunctionExpressionSyntax):
  has type `X -> String` (default-type-parameter.wipple:8:25-8:33)
  is an expression
  no captures

`_` (default-type-parameter.wipple:8:25-8:26) (WildcardPatternSyntax):
  has type `X` (default-type-parameter.wipple:8:20-8:21)
  is a pattern

`"X"` (default-type-parameter.wipple:8:30-8:33) (StringExpressionSyntax):
  has type `String` (default-type-parameter.wipple:8:30-8:33)
  is an expression

`_ -> "Y"` (default-type-parameter.wipple:9:25-9:33) (FunctionExpressionSyntax):
  has type `Y -> String` (default-type-parameter.wipple:9:25-9:33)
  is an expression
  no captures

`_` (default-type-parameter.wipple:9:25-9:26) (WildcardPatternSyntax):
  has type `Y` (default-type-parameter.wipple:9:20-9:21)
  is a pattern

`"Y"` (default-type-parameter.wipple:9:30-9:33) (StringExpressionSyntax):
  has type `String` (default-type-parameter.wipple:9:30-9:33)
  is an expression

`T` (default-type-parameter.wipple:12:7-12:8) (ConstructorExpressionSyntax):
  has bound(s) `T` `value` (default-type-parameter.wipple:11:8-11:13) (`(T value)` (default-type-parameter.wipple:11:33-11:42))
  has type `value` (default-type-parameter.wipple:11:8-11:13)
  is an expression
  resolved to 1 definition(s): `T : value => trait` (default-type-parameter.wipple:4:1-4:19)

`show foo` (default-type-parameter.wipple:14:1-14:9) (CallExpressionSyntax):
  has type `()`
  is an expression

`show` (default-type-parameter.wipple:14:1-14:5) (VariableExpressionSyntax):
  has bound(s) `Describe` `X` (`instance (Describe X)` (default-type-parameter.wipple:8:1-8:22))
  has type `X -> ()` (default-type-parameter.wipple:14:1-14:5)
  is an expression
  resolved to 1 definition(s): `show :: value -> () where (Describe value)` (io.wipple:11:1-11:43)

`foo` (default-type-parameter.wipple:14:6-14:9) (VariableExpressionSyntax):
  has bound(s) `T` `X` (`instance (T X)` (default-type-parameter.wipple:5:1-5:15))
  has type `X`
  is an expression
  resolved to 1 definition(s): `foo :: value where (value :: X) (T value)` (default-type-parameter.wipple:11:1-11:42)

`show (foo :: Y)` (default-type-parameter.wipple:15:1-15:16) (CallExpressionSyntax):
  has type `()`
  is an expression

`show` (default-type-parameter.wipple:15:1-15:5) (VariableExpressionSyntax):
  has bound(s) `Describe` `Y` (`instance (Describe Y)` (default-type-parameter.wipple:9:1-9:22))
  has type `Y -> ()` (default-type-parameter.wipple:15:1-15:5)
  is an expression
  resolved to 1 definition(s): `show :: value -> () where (Describe value)` (io.wipple:11:1-11:43)

`foo :: Y` (default-type-parameter.wipple:15:7-15:15) (AnnotateExpressionSyntax):
  has type `Y`
  is an expression

`foo` (default-type-parameter.wipple:15:7-15:10) (VariableExpressionSyntax):
  has bound(s) `T` `Y` (`instance (T Y)` (default-type-parameter.wipple:6:1-6:15))
  has type `Y`
  is an expression
  resolved to 1 definition(s): `foo :: value where (value :: X) (T value)` (default-type-parameter.wipple:11:1-11:42)

`Y` (default-type-parameter.wipple:15:14-15:15) (NamedTypeSyntax):
  has type `Y`
  is a type
  resolved to 1 definition(s): `Y : type` (default-type-parameter.wipple:2:1-2:9)


Output:
X
Y
