Facts:
`Do-Something : value => trait` (default-instance.wipple:1:1-1:30) (TraitDefinitionSyntax):
  has definition constraints
  has instances
  has type `value -> ()` (default-instance.wipple:1:32-1:43)
  has type parameters
  is a definition

`value` (default-instance.wipple:1:16-1:21) (TypeParameterSyntax):
  has type `value` (default-instance.wipple:1:16-1:21)
  is a definition
  is a type
  resolved to 1 definition(s): `value` (default-instance.wipple:1:16-1:21)

`instance (Do-Something value)` (default-instance.wipple:3:11-3:40) (InstanceDefinitionSyntax):
  has definition constraints
  has type `value -> ()` (default-instance.wipple:3:43-3:77)
  has type parameters
  is a definition
  resolved to 1 definition(s): `Do-Something : value => trait` (default-instance.wipple:1:1-1:30)

`[default]` (default-instance.wipple:3:1-3:10) (AttributeSyntax):
  (no facts)

`instance (Do-Something String)` (default-instance.wipple:4:1-4:31) (InstanceDefinitionSyntax):
  has definition constraints
  has type `String -> ()` (default-instance.wipple:4:34-4:82)
  is a definition
  resolved to 1 definition(s): `Do-Something : value => trait` (default-instance.wipple:1:1-1:30)

`value` (default-instance.wipple:3:34-3:39) (TypeParameterSyntax):
  has type `value` (default-instance.wipple:3:34-3:39)
  is a definition
  is a type
  resolved to 1 definition(s): `value` (default-instance.wipple:3:34-3:39)

`String` (default-instance.wipple:4:24-4:30) (NamedTypeSyntax):
  has type `String`
  is a type
  resolved to 1 definition(s): `String : type` (language.wipple:2:13-2:26)

`value -> ()` (default-instance.wipple:1:32-1:43) (FunctionTypeSyntax):
  has type `value -> ()` (default-instance.wipple:1:32-1:43)
  is a type

`value` (default-instance.wipple:1:32-1:37) (TypeParameterSyntax):
  has type `value` (default-instance.wipple:1:16-1:21)
  is a type
  resolved to 1 definition(s): `value` (default-instance.wipple:1:16-1:21)

`()` (default-instance.wipple:1:41-1:43) (UnitTypeSyntax):
  has type `()` (default-instance.wipple:1:41-1:43)
  is a type

`_ -> show "using default instance"` (default-instance.wipple:3:43-3:77) (FunctionExpressionSyntax):
  has type `value -> ()` (default-instance.wipple:3:43-3:77)
  is an expression
  no captures

`_` (default-instance.wipple:3:43-3:44) (WildcardPatternSyntax):
  has type `value` (default-instance.wipple:3:34-3:39)
  is a pattern

`show "using default instance"` (default-instance.wipple:3:48-3:77) (CallExpressionSyntax):
  has type `()`
  is an expression

`show` (default-instance.wipple:3:48-3:52) (VariableExpressionSyntax):
  has bound(s) `Describe` `String` (`instance (Describe String)` (io.wipple:14:1-14:27))
  has type `String -> ()` (default-instance.wipple:3:48-3:52)
  is an expression
  resolved to 1 definition(s): `show :: value -> () where (Describe value)` (io.wipple:11:1-11:43)

`"using default instance"` (default-instance.wipple:3:53-3:77) (StringExpressionSyntax):
  has type `String`
  is an expression

`text -> show ("using specific instance: _" text)` (default-instance.wipple:4:34-4:82) (FunctionExpressionSyntax):
  has type `String -> ()` (default-instance.wipple:4:34-4:82)
  is an expression
  no captures

`text` (default-instance.wipple:4:34-4:38) (VariablePatternSyntax):
  has type `String`
  is a pattern

`show ("using specific instance: _" text)` (default-instance.wipple:4:42-4:82) (CallExpressionSyntax):
  has type `()`
  is an expression

`show` (default-instance.wipple:4:42-4:46) (VariableExpressionSyntax):
  has bound(s) `Describe` `String` (`instance (Describe String)` (io.wipple:14:1-14:27))
  has type `String -> ()` (default-instance.wipple:4:42-4:46)
  is an expression
  resolved to 1 definition(s): `show :: value -> () where (Describe value)` (io.wipple:11:1-11:43)

`"using specific instance: _" text` (default-instance.wipple:4:48-4:81) (FormatExpressionSyntax):
  has type `String`
  is an expression

`"using specific instance: _" text` (default-instance.wipple:4:48-4:81) (NamedTypeSyntax):
  has type `String`
  is a type
  resolved to 1 definition(s): `String : type` (language.wipple:2:13-2:26)

`text` (default-instance.wipple:4:77-4:81) (VariableExpressionSyntax):
  has type `String`
  is an expression
  resolved to 1 definition(s): `text` (default-instance.wipple:4:34-4:38)

`"using specific instance: _" text` (default-instance.wipple:4:48-4:81) (ConstructorExpressionSyntax):
  has bound(s) `Describe` `String` (`instance (Describe String)` (io.wipple:14:1-14:27))
  has type `String -> String` (default-instance.wipple:4:48-4:81)
  is an expression
  resolved to 1 definition(s): `Describe : value => trait` (io.wipple:2:1-2:26)

`Do-Something 42` (default-instance.wipple:6:1-6:16) (CallExpressionSyntax):
  has type `()`
  is an expression

`Do-Something` (default-instance.wipple:6:1-6:13) (ConstructorExpressionSyntax):
  has bound(s) `Do-Something` `Number` (default-instance.wipple:6:14-6:16) (`instance (Do-Something value)` (default-instance.wipple:3:11-3:40))
  has type `Number -> ()` (default-instance.wipple:6:1-6:13)
  is an expression
  resolved to 1 definition(s): `Do-Something : value => trait` (default-instance.wipple:1:1-1:30)

`42` (default-instance.wipple:6:14-6:16) (NumberExpressionSyntax):
  has type `Number` (default-instance.wipple:6:14-6:16)
  is an expression

`Do-Something "Hello, world!"` (default-instance.wipple:7:1-7:29) (CallExpressionSyntax):
  has type `()`
  is an expression

`Do-Something` (default-instance.wipple:7:1-7:13) (ConstructorExpressionSyntax):
  has bound(s) `Do-Something` `String` (`instance (Do-Something String)` (default-instance.wipple:4:1-4:31))
  has type `String -> ()` (default-instance.wipple:7:1-7:13)
  is an expression
  resolved to 1 definition(s): `Do-Something : value => trait` (default-instance.wipple:1:1-1:30)

`"Hello, world!"` (default-instance.wipple:7:14-7:29) (StringExpressionSyntax):
  has type `String`
  is an expression


Output:
using default instance
using specific instance: Hello, world!
