Facts:
`Foo : value => type {inner :: value}` (generic-type.wipple:1:1-1:37) (TypeDefinitionSyntax):
  has definition constraints
  has structure fields
  has type `Foo value` (generic-type.wipple:1:1-1:37)
  has type parameters
  is a definition

`value` (generic-type.wipple:1:7-1:12) (TypeParameterSyntax):
  has type `value` (generic-type.wipple:1:7-1:12)
  is a definition
  is a type
  resolved to 1 definition(s): `value` (generic-type.wipple:1:7-1:12)

`foo : Foo {inner : "Hello, world!"}` (generic-type.wipple:3:1-3:36) (AssignmentStatementSyntax):
  has type `()` (generic-type.wipple:3:1-3:36)

`Foo {inner : inner} : foo` (generic-type.wipple:5:1-5:26) (AssignmentStatementSyntax):
  has type `()` (generic-type.wipple:5:1-5:26)

`value` (generic-type.wipple:1:31-1:36) (TypeParameterSyntax):
  has type `value` (generic-type.wipple:1:7-1:12)
  is a type
  resolved to 1 definition(s): `value` (generic-type.wipple:1:7-1:12)

`Foo {inner : "Hello, world!"}` (generic-type.wipple:3:7-3:36) (StructureExpressionSyntax):
  has type `Foo String` (generic-type.wipple:3:7-3:36)
  is an expression
  resolved to 1 definition(s): `Foo : value => type {inner :: value}` (generic-type.wipple:1:1-1:37)

`"Hello, world!"` (generic-type.wipple:3:20-3:35) (StringExpressionSyntax):
  has type `String`
  is an expression

`foo` (generic-type.wipple:3:1-3:4) (VariablePatternSyntax):
  has type `Foo String` (generic-type.wipple:3:7-3:36)
  is a pattern

`foo` (generic-type.wipple:5:23-5:26) (VariableExpressionSyntax):
  has type `Foo String` (generic-type.wipple:3:7-3:36)
  is an expression
  resolved to 1 definition(s): `foo` (generic-type.wipple:3:1-3:4)

`Foo {inner : inner}` (generic-type.wipple:5:1-5:20) (StructurePatternSyntax):
  has type `Foo String` (generic-type.wipple:3:7-3:36)
  is a pattern
  resolved to 1 definition(s): `Foo : value => type {inner :: value}` (generic-type.wipple:1:1-1:37)

`inner` (generic-type.wipple:5:14-5:19) (VariablePatternSyntax):
  has type `String`
  is a pattern

`show inner` (generic-type.wipple:6:1-6:11) (CallExpressionSyntax):
  has type `()`
  is an expression

`show` (generic-type.wipple:6:1-6:5) (VariableExpressionSyntax):
  has bound(s) `Describe` `String` (`instance (Describe String)` (io.wipple:14:1-14:27))
  has type `String -> ()` (generic-type.wipple:6:1-6:5)
  is an expression
  resolved to 1 definition(s): `show :: value -> () where (Describe value)` (io.wipple:11:1-11:43)

`inner` (generic-type.wipple:6:6-6:11) (VariableExpressionSyntax):
  has type `String`
  is an expression
  resolved to 1 definition(s): `inner` (generic-type.wipple:5:14-5:19)


Output:
Hello, world!
