Facts:
`show (if (True and False) {"a"} {"b"})` (logic.wipple:1:1-1:39) (CallExpressionSyntax):
  has type `()`
  is an expression

`show` (logic.wipple:1:1-1:5) (VariableExpressionSyntax):
  has bound(s) `Describe` `String` (`instance (Describe String)` (io.wipple:14:1-14:27))
  has type `String -> ()` (logic.wipple:1:1-1:5)
  is an expression
  resolved to 1 definition(s): `show :: value -> () where (Describe value)` (io.wipple:11:1-11:43)

`if (True and False) {"a"} {"b"}` (logic.wipple:1:7-1:38) (CallExpressionSyntax):
  has type `String`
  is an expression

`if` (logic.wipple:1:7-1:9) (VariableExpressionSyntax):
  has type `Boolean {String} {String} -> String` (logic.wipple:1:7-1:9)
  is an expression
  resolved to 1 definition(s): `if :: (condition :: Boolean) {(then :: value)} {(else :: value)} -> (output :: value)` (logic.wipple:12:1-12:86)

`True and False` (logic.wipple:1:11-1:25) (OperatorExpressionSyntax):
  has type `Boolean`
  is an expression

`and` (logic.wipple:1:16-1:19) (VisitAs):
  has bound(s) `And` `Boolean` `Boolean` `Boolean` (`instance (And Boolean Boolean Boolean)` (logic.wipple:30:1-30:39))
  has type `Boolean {Boolean} -> Boolean` (logic.wipple:1:16-1:19)
  is an expression
  resolved to 1 definition(s): `And : left (infer right) (infer output) => trait (left {right} -> output)` (logic.wipple:29:1-29:74)

`True` (logic.wipple:1:11-1:15) (VisitAs):
  has type `Boolean`
  is an expression
  resolved to 1 definition(s): `True` (logic.wipple:4:3-4:7)

`False` (logic.wipple:1:20-1:25) (VisitAs):
  has type `Boolean`
  is an expression
  resolved to 1 definition(s): `False` (logic.wipple:3:3-3:8)

`and` (logic.wipple:1:16-1:19) (CallExpressionSyntax):
  has type `Boolean`
  is an expression

`False` (logic.wipple:1:20-1:25) (BlockExpressionSyntax):
  has type `{Boolean}` (logic.wipple:1:20-1:25)
  is an expression
  no captures

`{"a"}` (logic.wipple:1:27-1:32) (BlockExpressionSyntax):
  has type `{String}` (logic.wipple:1:27-1:32)
  is an expression
  no captures

`{"b"}` (logic.wipple:1:33-1:38) (BlockExpressionSyntax):
  has type `{String}` (logic.wipple:1:33-1:38)
  is an expression
  no captures

`show (if (True or False) {"a"} {"b"})` (logic.wipple:2:1-2:38) (CallExpressionSyntax):
  has type `()`
  is an expression

`show` (logic.wipple:2:1-2:5) (VariableExpressionSyntax):
  has bound(s) `Describe` `String` (`instance (Describe String)` (io.wipple:14:1-14:27))
  has type `String -> ()` (logic.wipple:2:1-2:5)
  is an expression
  resolved to 1 definition(s): `show :: value -> () where (Describe value)` (io.wipple:11:1-11:43)

`if (True or False) {"a"} {"b"}` (logic.wipple:2:7-2:37) (CallExpressionSyntax):
  has type `String`
  is an expression

`if` (logic.wipple:2:7-2:9) (VariableExpressionSyntax):
  has type `Boolean {String} {String} -> String` (logic.wipple:2:7-2:9)
  is an expression
  resolved to 1 definition(s): `if :: (condition :: Boolean) {(then :: value)} {(else :: value)} -> (output :: value)` (logic.wipple:12:1-12:86)

`True or False` (logic.wipple:2:11-2:24) (OperatorExpressionSyntax):
  has type `Boolean`
  is an expression

`or` (logic.wipple:2:16-2:18) (VisitAs):
  has bound(s) `Or` `Boolean` `Boolean` `Boolean` (`instance (Or Boolean Boolean Boolean)` (logic.wipple:34:1-34:38))
  has type `Boolean {Boolean} -> Boolean` (logic.wipple:2:16-2:18)
  is an expression
  resolved to 1 definition(s): `Or : left (infer right) (infer output) => trait (left {right} -> output)` (logic.wipple:33:1-33:73)

`True` (logic.wipple:2:11-2:15) (VisitAs):
  has type `Boolean`
  is an expression
  resolved to 1 definition(s): `True` (logic.wipple:4:3-4:7)

`False` (logic.wipple:2:19-2:24) (VisitAs):
  has type `Boolean`
  is an expression
  resolved to 1 definition(s): `False` (logic.wipple:3:3-3:8)

`or` (logic.wipple:2:16-2:18) (CallExpressionSyntax):
  has type `Boolean`
  is an expression

`False` (logic.wipple:2:19-2:24) (BlockExpressionSyntax):
  has type `{Boolean}` (logic.wipple:2:19-2:24)
  is an expression
  no captures

`{"a"}` (logic.wipple:2:26-2:31) (BlockExpressionSyntax):
  has type `{String}` (logic.wipple:2:26-2:31)
  is an expression
  no captures

`{"b"}` (logic.wipple:2:32-2:37) (BlockExpressionSyntax):
  has type `{String}` (logic.wipple:2:32-2:37)
  is an expression
  no captures

`"a"` (logic.wipple:1:28-1:31) (StringExpressionSyntax):
  has type `String`
  is an expression

`"b"` (logic.wipple:1:34-1:37) (StringExpressionSyntax):
  has type `String`
  is an expression

`"a"` (logic.wipple:2:27-2:30) (StringExpressionSyntax):
  has type `String`
  is an expression

`"b"` (logic.wipple:2:33-2:36) (StringExpressionSyntax):
  has type `String`
  is an expression


Output:
b
a
