Facts:
`T1 : a b => trait` (missing-runtime-type.wipple:1:1-1:18) (TraitDefinitionSyntax):
  has definition constraints
  has instances
  has type `a -> b` (missing-runtime-type.wipple:1:20-1:26)
  has type parameters
  is a definition

`a` (missing-runtime-type.wipple:1:6-1:7) (TypeParameterSyntax):
  has type `a` (missing-runtime-type.wipple:1:6-1:7)
  is a definition
  is a type
  resolved to 1 definition(s): `a` (missing-runtime-type.wipple:1:6-1:7)

`b` (missing-runtime-type.wipple:1:8-1:9) (TypeParameterSyntax):
  has type `b` (missing-runtime-type.wipple:1:8-1:9)
  is a definition
  is a type
  resolved to 1 definition(s): `b` (missing-runtime-type.wipple:1:8-1:9)

`instance (T1 () ())` (missing-runtime-type.wipple:2:1-2:20) (InstanceDefinitionSyntax):
  has definition constraints
  has type `() -> ()` (missing-runtime-type.wipple:2:23-2:31)
  is a definition
  resolved to 1 definition(s): `T1 : a b => trait` (missing-runtime-type.wipple:1:1-1:18)

`T2 : a => trait` (missing-runtime-type.wipple:4:1-4:16) (TraitDefinitionSyntax):
  has definition constraints
  has instances
  has type `a -> ()` (missing-runtime-type.wipple:4:18-4:25)
  has type parameters
  is a definition

`a` (missing-runtime-type.wipple:4:6-4:7) (TypeParameterSyntax):
  has type `a` (missing-runtime-type.wipple:4:6-4:7)
  is a definition
  is a type
  resolved to 1 definition(s): `a` (missing-runtime-type.wipple:4:6-4:7)

`instance (T2 a) where (T1 a b)` (missing-runtime-type.wipple:5:1-5:31) (InstanceDefinitionSyntax):
  has definition constraints
  has type `a -> ()` (missing-runtime-type.wipple:5:34-5:52)
  has type parameters
  is a definition
  resolved to 1 definition(s): `T2 : a => trait` (missing-runtime-type.wipple:4:1-4:16)

`()` (missing-runtime-type.wipple:2:14-2:16) (UnitTypeSyntax):
  has type `()` (missing-runtime-type.wipple:2:23-2:25)
  is a type

`()` (missing-runtime-type.wipple:2:17-2:19) (UnitTypeSyntax):
  has type `()` (missing-runtime-type.wipple:2:29-2:31)
  is a type

`a` (missing-runtime-type.wipple:5:14-5:15) (TypeParameterSyntax):
  has type `a` (missing-runtime-type.wipple:5:14-5:15)
  is a definition
  is a type
  resolved to 1 definition(s): `a` (missing-runtime-type.wipple:5:14-5:15)

`(T1 a b)` (missing-runtime-type.wipple:5:23-5:31) (BoundConstraintSyntax):
  has bound(s) `T1` `a` (missing-runtime-type.wipple:5:14-5:15) `b` (missing-runtime-type.wipple:5:29-5:30) (`(T1 a b)` (missing-runtime-type.wipple:5:23-5:31))
  has definition constraints
  is a constraint
  resolved to 1 definition(s): `T1 : a b => trait` (missing-runtime-type.wipple:1:1-1:18)

`a` (missing-runtime-type.wipple:5:27-5:28) (TypeParameterSyntax):
  has type `a` (missing-runtime-type.wipple:5:14-5:15)
  is a type
  resolved to 1 definition(s): `a` (missing-runtime-type.wipple:5:14-5:15)

`b` (missing-runtime-type.wipple:5:29-5:30) (TypeParameterSyntax):
  has type `b` (missing-runtime-type.wipple:5:29-5:30)
  is a definition
  is a type
  resolved to 1 definition(s): `b` (missing-runtime-type.wipple:5:29-5:30)

`a -> b` (missing-runtime-type.wipple:1:20-1:26) (FunctionTypeSyntax):
  has type `a -> b` (missing-runtime-type.wipple:1:20-1:26)
  is a type

`a` (missing-runtime-type.wipple:1:20-1:21) (TypeParameterSyntax):
  has type `a` (missing-runtime-type.wipple:1:6-1:7)
  is a type
  resolved to 1 definition(s): `a` (missing-runtime-type.wipple:1:6-1:7)

`b` (missing-runtime-type.wipple:1:25-1:26) (TypeParameterSyntax):
  has type `b` (missing-runtime-type.wipple:1:8-1:9)
  is a type
  resolved to 1 definition(s): `b` (missing-runtime-type.wipple:1:8-1:9)

`() -> ()` (missing-runtime-type.wipple:2:23-2:31) (FunctionExpressionSyntax):
  has type `() -> ()` (missing-runtime-type.wipple:2:23-2:31)
  is an expression
  no captures

`()` (missing-runtime-type.wipple:2:23-2:25) (UnitPatternSyntax):
  has type `()` (missing-runtime-type.wipple:2:23-2:25)
  is a pattern

`()` (missing-runtime-type.wipple:2:29-2:31) (UnitExpressionSyntax):
  has type `()` (missing-runtime-type.wipple:2:29-2:31)
  is an expression

`a -> ()` (missing-runtime-type.wipple:4:18-4:25) (FunctionTypeSyntax):
  has type `a -> ()` (missing-runtime-type.wipple:4:18-4:25)
  is a type

`a` (missing-runtime-type.wipple:4:18-4:19) (TypeParameterSyntax):
  has type `a` (missing-runtime-type.wipple:4:6-4:7)
  is a type
  resolved to 1 definition(s): `a` (missing-runtime-type.wipple:4:6-4:7)

`()` (missing-runtime-type.wipple:4:23-4:25) (UnitTypeSyntax):
  has type `()` (missing-runtime-type.wipple:4:23-4:25)
  is a type

`x -> do {_ : T1 x}` (missing-runtime-type.wipple:5:34-5:52) (FunctionExpressionSyntax):
  has type `a -> ()` (missing-runtime-type.wipple:5:34-5:52)
  is an expression
  no captures

`x` (missing-runtime-type.wipple:5:34-5:35) (VariablePatternSyntax):
  has type `a` (missing-runtime-type.wipple:5:14-5:15)
  is a pattern
  is captured

`do` (missing-runtime-type.wipple:5:39-5:41) (DoExpressionSyntax):
  has type `()` (missing-runtime-type.wipple:5:43-5:51)
  is an expression

`{_ : T1 x}` (missing-runtime-type.wipple:5:42-5:52) (BlockExpressionSyntax):
  captures `x` (missing-runtime-type.wipple:5:34-5:35)
  has type `{()}` (missing-runtime-type.wipple:5:42-5:52)
  is an expression

`_ : T1 x` (missing-runtime-type.wipple:5:43-5:51) (AssignmentStatementSyntax):
  has type `()` (missing-runtime-type.wipple:5:43-5:51)

`T2 ()` (missing-runtime-type.wipple:6:1-6:6) (CallExpressionSyntax):
  has type `()`
  is an expression

`T2` (missing-runtime-type.wipple:6:1-6:3) (ConstructorExpressionSyntax):
  has bound(s) `T2` `()` (`instance (T2 a) where (T1 a b)` (missing-runtime-type.wipple:5:1-5:31)), `T1` `()` `()` (`instance (T1 () ())` (missing-runtime-type.wipple:2:1-2:20))
  has type `() -> ()` (missing-runtime-type.wipple:6:1-6:3)
  is an expression
  resolved to 1 definition(s): `T2 : a => trait` (missing-runtime-type.wipple:4:1-4:16)

`()` (missing-runtime-type.wipple:6:4-6:6) (UnitExpressionSyntax):
  has type `()`
  is an expression

`show "done"` (missing-runtime-type.wipple:8:1-8:12) (CallExpressionSyntax):
  has type `()`
  is an expression

`show` (missing-runtime-type.wipple:8:1-8:5) (VariableExpressionSyntax):
  has bound(s) `Describe` `String` (`instance (Describe String)` (io.wipple:14:1-14:27))
  has type `String -> ()` (missing-runtime-type.wipple:8:1-8:5)
  is an expression
  resolved to 1 definition(s): `show :: value -> () where (Describe value)` (io.wipple:11:1-11:43)

`"done"` (missing-runtime-type.wipple:8:6-8:12) (StringExpressionSyntax):
  has type `String`
  is an expression

`T1 x` (missing-runtime-type.wipple:5:47-5:51) (CallExpressionSyntax):
  has type `b` (missing-runtime-type.wipple:5:29-5:30)
  is an expression

`T1` (missing-runtime-type.wipple:5:47-5:49) (ConstructorExpressionSyntax):
  has bound(s) `T1` `a` (missing-runtime-type.wipple:5:14-5:15) `b` (missing-runtime-type.wipple:5:29-5:30) (`(T1 a b)` (missing-runtime-type.wipple:5:23-5:31))
  has type `a -> b` (missing-runtime-type.wipple:5:47-5:49)
  is an expression
  resolved to 1 definition(s): `T1 : a b => trait` (missing-runtime-type.wipple:1:1-1:18)

`x` (missing-runtime-type.wipple:5:50-5:51) (VariableExpressionSyntax):
  has type `a` (missing-runtime-type.wipple:5:14-5:15)
  is an expression
  resolved to 1 definition(s): `x` (missing-runtime-type.wipple:5:34-5:35)

`_` (missing-runtime-type.wipple:5:43-5:44) (WildcardPatternSyntax):
  has type `b` (missing-runtime-type.wipple:5:29-5:30)
  is a pattern


Output:
done
