Facts:
`input : 3.14` (not.wipple:1:1-1:13) (AssignmentStatementSyntax):
  has type `()` (not.wipple:1:1-1:13)

`is-42? : n -> n = 42` (not.wipple:2:1-2:21) (AssignmentStatementSyntax):
  has type `()` (not.wipple:2:1-2:21)

`3.14` (not.wipple:1:9-1:13) (NumberExpressionSyntax):
  has type `Number`
  is an expression

`input` (not.wipple:1:1-1:6) (VariablePatternSyntax):
  has type `Number`
  is a pattern

`n -> n = 42` (not.wipple:2:10-2:21) (FunctionExpressionSyntax):
  has type `Number -> Boolean`
  is an expression
  no captures

`n` (not.wipple:2:10-2:11) (VariablePatternSyntax):
  has type `Number`
  is a pattern

`n = 42` (not.wipple:2:15-2:21) (OperatorExpressionSyntax):
  has type `Boolean`
  is an expression

`=` (not.wipple:2:17-2:18) (VisitAs):
  has bound(s) `Equal` `Number` (`instance (Equal Number)` (logic.wipple:85:1-85:24))
  has type `Number Number -> Boolean` (not.wipple:2:17-2:18)
  is an expression
  resolved to 1 definition(s): `Equal : value => trait` (logic.wipple:77:1-77:23)

`n` (not.wipple:2:15-2:16) (VisitAs):
  has type `Number`
  is an expression
  resolved to 1 definition(s): `n` (not.wipple:2:10-2:11)

`42` (not.wipple:2:19-2:21) (VisitAs):
  has type `Number`
  is an expression

`=` (not.wipple:2:17-2:18) (CallExpressionSyntax):
  has type `Boolean`
  is an expression

`is-42?` (not.wipple:2:1-2:7) (VariablePatternSyntax):
  has type `Number -> Boolean`
  is a pattern

`show ((not is-42?) input = not (is-42? input))` (not.wipple:3:1-3:47) (CallExpressionSyntax):
  has type `()`
  is an expression

`show` (not.wipple:3:1-3:5) (VariableExpressionSyntax):
  has bound(s) `Describe` `Boolean` (`instance (Describe Boolean)` (io.wipple:16:1-16:28))
  has type `Boolean -> ()` (not.wipple:3:1-3:5)
  is an expression
  resolved to 1 definition(s): `show :: value -> () where (Describe value)` (io.wipple:11:1-11:43)

`(not is-42?) input = not (is-42? input)` (not.wipple:3:7-3:46) (OperatorExpressionSyntax):
  has type `Boolean`
  is an expression

`=` (not.wipple:3:26-3:27) (VisitAs):
  has bound(s) `Equal` `Boolean` (`instance (Equal Boolean)` (logic.wipple:93:1-93:25))
  has type `Boolean Boolean -> Boolean` (not.wipple:3:26-3:27)
  is an expression
  resolved to 1 definition(s): `Equal : value => trait` (logic.wipple:77:1-77:23)

`(not is-42?) input` (not.wipple:3:7-3:25) (VisitAs):
  has type `Boolean`
  is an expression

`not (is-42? input)` (not.wipple:3:28-3:46) (VisitAs):
  has type `Boolean`
  is an expression

`=` (not.wipple:3:26-3:27) (CallExpressionSyntax):
  has type `Boolean`
  is an expression

`not is-42?` (not.wipple:3:8-3:18) (CallExpressionSyntax):
  has type `Number -> Boolean`
  is an expression

`not` (not.wipple:3:8-3:11) (VariableExpressionSyntax):
  has bound(s) `Not` `(Number -> Boolean)` (`instance (Not (a -> b)) where (Not b) (b :: Boolean)` (logic.wipple:21:1-21:53)), `Not` `Boolean` (`instance (Not Boolean)` (logic.wipple:20:1-20:23))
  has type `(Number -> Boolean) -> Number -> Boolean` (not.wipple:3:8-3:11)
  is an expression
  resolved to 1 definition(s): `not :: value -> value where (Not value) (value :: Boolean)` (logic.wipple:25:1-25:59)

`is-42?` (not.wipple:3:12-3:18) (VariableExpressionSyntax):
  has type `Number -> Boolean`
  is an expression
  resolved to 1 definition(s): `is-42?` (not.wipple:2:1-2:7)

`input` (not.wipple:3:20-3:25) (VariableExpressionSyntax):
  has type `Number`
  is an expression
  resolved to 1 definition(s): `input` (not.wipple:1:1-1:6)

`not` (not.wipple:3:28-3:31) (VariableExpressionSyntax):
  has bound(s) `Not` `Boolean` (`instance (Not Boolean)` (logic.wipple:20:1-20:23))
  has type `Boolean -> Boolean` (not.wipple:3:28-3:31)
  is an expression
  resolved to 1 definition(s): `not :: value -> value where (Not value) (value :: Boolean)` (logic.wipple:25:1-25:59)

`is-42? input` (not.wipple:3:33-3:45) (CallExpressionSyntax):
  has type `Boolean`
  is an expression

`is-42?` (not.wipple:3:33-3:39) (VariableExpressionSyntax):
  has type `Number -> Boolean`
  is an expression
  resolved to 1 definition(s): `is-42?` (not.wipple:2:1-2:7)

`input` (not.wipple:3:40-3:45) (VariableExpressionSyntax):
  has type `Number`
  is an expression
  resolved to 1 definition(s): `input` (not.wipple:1:1-1:6)


Output:
True
