Facts:
VariableExpressionNode `show` (test/tests/or-pattern.wipple:3:1-3:5)
  at test/tests/or-pattern.wipple:3:1-3:5
  has bound(s) Describe String (`instance (Describe String)` (library/src/foundation/io.wipple:14:1-14:46))
  has type String -> ()
  is an expression
  resolved to 1 definition(s): `show` (library/src/foundation/io.wipple:10:1-11:43)
NumberExpressionNode `3` (test/tests/or-pattern.wipple:3:12-3:13)
  at test/tests/or-pattern.wipple:3:12-3:13
  has type Number
  is an expression
NumberPatternNode `1` (test/tests/or-pattern.wipple:4:3-4:4)
  at test/tests/or-pattern.wipple:4:3-4:4
  has type Number
  is a pattern
StringExpressionNode `"oh no"` (test/tests/or-pattern.wipple:4:8-4:15)
  at test/tests/or-pattern.wipple:4:8-4:15
  has type String
  is an expression
NumberPatternNode `2` (test/tests/or-pattern.wipple:5:4-5:5)
  at test/tests/or-pattern.wipple:5:4-5:5
  has type Number
  is a pattern
NumberPatternNode `3` (test/tests/or-pattern.wipple:5:9-5:10)
  at test/tests/or-pattern.wipple:5:9-5:10
  has type Number
  is a pattern
OrPatternNode `2 or 3` (test/tests/or-pattern.wipple:5:4-5:10)
  at test/tests/or-pattern.wipple:5:4-5:10
  has type Number
  is a pattern
StringExpressionNode `"yay"` (test/tests/or-pattern.wipple:5:15-5:20)
  at test/tests/or-pattern.wipple:5:15-5:20
  has type String
  is an expression
WildcardPatternNode `_` (test/tests/or-pattern.wipple:6:3-6:4)
  at test/tests/or-pattern.wipple:6:3-6:4
  has type Number
  is a pattern
StringExpressionNode `"uh oh"` (test/tests/or-pattern.wipple:6:8-6:15)
  at test/tests/or-pattern.wipple:6:8-6:15
  has type String
  is an expression
WhenExpressionNode `when 3 {⋯}` (test/tests/or-pattern.wipple:3:7-7:2)
  at test/tests/or-pattern.wipple:3:7-7:2
  has type String
  is an expression
CallExpressionNode `show (when 3 {⋯})` (test/tests/or-pattern.wipple:3:1-7:3)
  at test/tests/or-pattern.wipple:3:1-7:3
  has type ()
  is an expression

Output:
yay
