Facts:
`show (sin (0 degrees) = 0)` (trig.wipple:1:1-1:27) (CallExpressionSyntax):
  has type `()`
  is an expression

`show` (trig.wipple:1:1-1:5) (VariableExpressionSyntax):
  has bound(s) `Describe` `Boolean` (`instance (Describe Boolean)` (io.wipple:16:1-16:28))
  has type `Boolean -> ()` (trig.wipple:1:1-1:5)
  is an expression
  resolved to 1 definition(s): `show :: value -> () where (Describe value)` (io.wipple:11:1-11:43)

`sin (0 degrees) = 0` (trig.wipple:1:7-1:26) (OperatorExpressionSyntax):
  has type `Boolean`
  is an expression

`=` (trig.wipple:1:23-1:24) (VisitAs):
  has bound(s) `Equal` `Number` (`instance (Equal Number)` (logic.wipple:85:1-85:24))
  has type `Number Number -> Boolean` (trig.wipple:1:23-1:24)
  is an expression
  resolved to 1 definition(s): `Equal : value => trait` (logic.wipple:77:1-77:23)

`sin (0 degrees)` (trig.wipple:1:7-1:22) (VisitAs):
  has type `Number`
  is an expression

`0` (trig.wipple:1:25-1:26) (VisitAs):
  has type `Number`
  is an expression

`=` (trig.wipple:1:23-1:24) (CallExpressionSyntax):
  has type `Boolean`
  is an expression

`sin` (trig.wipple:1:7-1:10) (VariableExpressionSyntax):
  has type `Angle -> Number` (trig.wipple:1:7-1:10)
  is an expression
  resolved to 1 definition(s): `sin :: Angle -> Number` (math.wipple:116:1-116:23)

`0 degrees` (trig.wipple:1:12-1:21) (CallExpressionSyntax):
  has type `Angle`
  is an expression

`degrees` (trig.wipple:1:14-1:21) (VariableExpressionSyntax):
  has type `Number -> Angle` (trig.wipple:1:14-1:21)
  is an expression
  resolved to 1 definition(s): `degrees :: Number -> Angle` (math.wipple:112:8-112:34)

`0` (trig.wipple:1:12-1:13) (NumberExpressionSyntax):
  has type `Number` (trig.wipple:1:12-1:13)
  is an expression

`show (cos (0 degrees) = 1)` (trig.wipple:2:1-2:27) (CallExpressionSyntax):
  has type `()`
  is an expression

`show` (trig.wipple:2:1-2:5) (VariableExpressionSyntax):
  has bound(s) `Describe` `Boolean` (`instance (Describe Boolean)` (io.wipple:16:1-16:28))
  has type `Boolean -> ()` (trig.wipple:2:1-2:5)
  is an expression
  resolved to 1 definition(s): `show :: value -> () where (Describe value)` (io.wipple:11:1-11:43)

`cos (0 degrees) = 1` (trig.wipple:2:7-2:26) (OperatorExpressionSyntax):
  has type `Boolean`
  is an expression

`=` (trig.wipple:2:23-2:24) (VisitAs):
  has bound(s) `Equal` `Number` (`instance (Equal Number)` (logic.wipple:85:1-85:24))
  has type `Number Number -> Boolean` (trig.wipple:2:23-2:24)
  is an expression
  resolved to 1 definition(s): `Equal : value => trait` (logic.wipple:77:1-77:23)

`cos (0 degrees)` (trig.wipple:2:7-2:22) (VisitAs):
  has type `Number`
  is an expression

`1` (trig.wipple:2:25-2:26) (VisitAs):
  has type `Number`
  is an expression

`=` (trig.wipple:2:23-2:24) (CallExpressionSyntax):
  has type `Boolean`
  is an expression

`cos` (trig.wipple:2:7-2:10) (VariableExpressionSyntax):
  has type `Angle -> Number` (trig.wipple:2:7-2:10)
  is an expression
  resolved to 1 definition(s): `cos :: Angle -> Number` (math.wipple:120:1-120:23)

`0 degrees` (trig.wipple:2:12-2:21) (CallExpressionSyntax):
  has type `Angle`
  is an expression

`degrees` (trig.wipple:2:14-2:21) (VariableExpressionSyntax):
  has type `Number -> Angle` (trig.wipple:2:14-2:21)
  is an expression
  resolved to 1 definition(s): `degrees :: Number -> Angle` (math.wipple:112:8-112:34)

`0` (trig.wipple:2:12-2:13) (NumberExpressionSyntax):
  has type `Number` (trig.wipple:2:12-2:13)
  is an expression

`show (sin (45 degrees) / cos (45 degrees) = tan (45 degrees))` (trig.wipple:3:1-3:62) (CallExpressionSyntax):
  has type `()`
  is an expression

`show` (trig.wipple:3:1-3:5) (VariableExpressionSyntax):
  has bound(s) `Describe` `Boolean` (`instance (Describe Boolean)` (io.wipple:16:1-16:28))
  has type `Boolean -> ()` (trig.wipple:3:1-3:5)
  is an expression
  resolved to 1 definition(s): `show :: value -> () where (Describe value)` (io.wipple:11:1-11:43)

`sin (45 degrees) / cos (45 degrees) = tan (45 degrees)` (trig.wipple:3:7-3:61) (OperatorExpressionSyntax):
  has type `Boolean`
  is an expression

`=` (trig.wipple:3:43-3:44) (VisitAs):
  has bound(s) `Equal` `Number` (`instance (Equal Number)` (logic.wipple:85:1-85:24))
  has type `Number Number -> Boolean` (trig.wipple:3:43-3:44)
  is an expression
  resolved to 1 definition(s): `Equal : value => trait` (logic.wipple:77:1-77:23)

`sin (45 degrees) / cos (45 degrees)` (trig.wipple:3:7-3:42) (VisitAs):
  has type `Number`
  is an expression

`tan (45 degrees)` (trig.wipple:3:45-3:61) (VisitAs):
  has type `Number`
  is an expression

`=` (trig.wipple:3:43-3:44) (CallExpressionSyntax):
  has type `Boolean`
  is an expression

`/` (trig.wipple:3:24-3:25) (VisitAs):
  has bound(s) `Divide` `Number` `Number` `Number` (`instance (Divide Number Number Number)` (math.wipple:53:1-53:39))
  has type `Number Number -> Number` (trig.wipple:3:24-3:25)
  is an expression
  resolved to 1 definition(s): `Divide : left right (infer quotient) => trait` (math.wipple:52:1-52:46)

`sin (45 degrees)` (trig.wipple:3:7-3:23) (VisitAs):
  has type `Number`
  is an expression

`cos (45 degrees)` (trig.wipple:3:26-3:42) (VisitAs):
  has type `Number`
  is an expression

`/` (trig.wipple:3:24-3:25) (CallExpressionSyntax):
  has type `Number`
  is an expression

`sin` (trig.wipple:3:7-3:10) (VariableExpressionSyntax):
  has type `Angle -> Number` (trig.wipple:3:7-3:10)
  is an expression
  resolved to 1 definition(s): `sin :: Angle -> Number` (math.wipple:116:1-116:23)

`45 degrees` (trig.wipple:3:12-3:22) (CallExpressionSyntax):
  has type `Angle`
  is an expression

`degrees` (trig.wipple:3:15-3:22) (VariableExpressionSyntax):
  has type `Number -> Angle` (trig.wipple:3:15-3:22)
  is an expression
  resolved to 1 definition(s): `degrees :: Number -> Angle` (math.wipple:112:8-112:34)

`45` (trig.wipple:3:12-3:14) (NumberExpressionSyntax):
  has type `Number` (trig.wipple:3:12-3:14)
  is an expression

`cos` (trig.wipple:3:26-3:29) (VariableExpressionSyntax):
  has type `Angle -> Number` (trig.wipple:3:26-3:29)
  is an expression
  resolved to 1 definition(s): `cos :: Angle -> Number` (math.wipple:120:1-120:23)

`45 degrees` (trig.wipple:3:31-3:41) (CallExpressionSyntax):
  has type `Angle`
  is an expression

`degrees` (trig.wipple:3:34-3:41) (VariableExpressionSyntax):
  has type `Number -> Angle` (trig.wipple:3:34-3:41)
  is an expression
  resolved to 1 definition(s): `degrees :: Number -> Angle` (math.wipple:112:8-112:34)

`45` (trig.wipple:3:31-3:33) (NumberExpressionSyntax):
  has type `Number` (trig.wipple:3:31-3:33)
  is an expression

`tan` (trig.wipple:3:45-3:48) (VariableExpressionSyntax):
  has type `Angle -> Number` (trig.wipple:3:45-3:48)
  is an expression
  resolved to 1 definition(s): `tan :: Angle -> Number` (math.wipple:124:1-124:23)

`45 degrees` (trig.wipple:3:50-3:60) (CallExpressionSyntax):
  has type `Angle`
  is an expression

`degrees` (trig.wipple:3:53-3:60) (VariableExpressionSyntax):
  has type `Number -> Angle` (trig.wipple:3:53-3:60)
  is an expression
  resolved to 1 definition(s): `degrees :: Number -> Angle` (math.wipple:112:8-112:34)

`45` (trig.wipple:3:50-3:52) (NumberExpressionSyntax):
  has type `Number` (trig.wipple:3:50-3:52)
  is an expression


Output:
True
True
True
