Facts:
`foo` (undefined-name.wipple:1:1-1:4) (VariableExpressionSyntax):
  is an expression
  missing type (group: `foo` (undefined-name.wipple:1:1-1:4), `foo` (undefined-name.wipple:1:1-1:4))
  unresolved



Feedback:

`foo` (undefined-name.wipple:1:1-1:4) (unresolved)

  Can't find `foo`.
  
  Did you mean `todo` (language.wipple:25:1-25:14)?
