---
source: test/src/lib.rs
expression: snapshot
---
diagnostics:
  - location:
      path: tests/repeat-errors.test.wipple
      start:
        line: 2
        column: 0
        index: 19
      end:
        line: 2
        column: 17
        index: 36
    severity: error
    template:
      id: missing-repeat
      data: {}
  - location:
      path: tests/repeat-errors.test.wipple
      start:
        line: 3
        column: 0
        index: 44
      end:
        line: 3
        column: 14
        index: 58
    severity: error
    template:
      id: missing-repeat
      data: {}
  - location:
      path: tests/repeat-errors.test.wipple
      start:
        line: 4
        column: 0
        index: 66
      end:
        line: 4
        column: 7
        index: 73
    severity: error
    template:
      id: missing-repeat
      data: {}
  - location:
      path: tests/repeat-errors.test.wipple
      start:
        line: 5
        column: 0
        index: 81
      end:
        line: 5
        column: 9
        index: 90
    severity: error
    template:
      id: missing-repeat
      data: {}
output: []
