---
source: test/src/lib.rs
expression: snapshot
---
diagnostics:
  - location:
      path: tests/custom-errors-formatting.test.wipple
      start:
        line: 19
        column: 0
        index: 465
      end:
        line: 19
        column: 4
        index: 469
    severity: error
    template:
      id: does-not-eat
      data:
        animal: "`Carnivore`"
        food: "`Plants`"
  - location:
      path: tests/custom-errors-formatting.test.wipple
      start:
        line: 20
        column: 0
        index: 487
      end:
        line: 20
        column: 4
        index: 491
    severity: error
    template:
      id: does-not-eat
      data:
        animal: "`Herbivore`"
        food: "`Meat`"
output: []
