---
source: test/src/lib.rs
assertion_line: 187
expression: snapshot
---
diagnostics:
  - location:
      path: tests/constant-mismatched-types.test.wipple
      start:
        line: 3
        column: 4
        index: 35
      end:
        line: 3
        column: 8
        index: 39
    severity: error
    message: "This code is supposed to be text, but it's actually a number"
    description: "You provided text, but you need to put a number here instead."
output: []
