---
source: test/src/lib.rs
assertion_line: 187
expression: snapshot
---
diagnostics:
  - location:
      path: tests/too-many-inputs.test.wipple
      start:
        line: 2
        column: 0
        index: 19
      end:
        line: 2
        column: 10
        index: 29
    severity: error
    message: "Extra input to `show 1 2 3`"
    description: "The `show 1 2 3` function doesn't need that many inputs. Try removing this input or moving it to a new line."
output: []
