---
source: test/src/lib.rs
assertion_line: 187
expression: snapshot
---
diagnostics:
  - location:
      path: tests/help-show-code.test.wipple
      start:
        line: 4
        column: 42
        index: 116
      end:
        line: 4
        column: 52
        index: 126
    severity: error
    message: "Couldn't find `Error-Data`"
    description: Double-check your code for spelling mistakes.
  - location:
      path: tests/help-show-code.test.wipple
      start:
        line: 4
        column: 67
        index: 141
      end:
        line: 4
        column: 77
        index: 151
    severity: error
    message: "Couldn't find `Error-Data`"
    description: Double-check your code for spelling mistakes.
  - location:
      path: tests/help-show-code.test.wipple
      start:
        line: 13
        column: 0
        index: 277
      end:
        line: 13
        column: 10
        index: 287
    severity: error
    message: incompatible
    description: ~
output: []
