TypeDefinitionNode `A` (implied-instance.wipple:1:1)
  at implied-instance.wipple:1:1
  is a definition
  has definition constraints

FileNode `A : type⋯` (implied-instance.wipple:1:1)
  at implied-instance.wipple:1:1

TypeDefinitionNode `B` (implied-instance.wipple:2:1)
  at implied-instance.wipple:2:1
  is a definition
  has definition constraints

TraitDefinitionNode `T : value => trait (value -> ())` (implied-instance.wipple:4:1)
  at implied-instance.wipple:4:1
  has instances
  is a definition
  has definition constraints
  has type parameters

TypeParameterNode `value` (implied-instance.wipple:4:5)
  at implied-instance.wipple:4:5
  has type `value`
  is a type
  resolved to 1 definition(s): TypeParameterNode `value` (implied-instance.wipple:4:5)

FunctionTypeNode `value -> ()` (implied-instance.wipple:4:20)
  at implied-instance.wipple:4:20
  has type `value -> ()`
  is a type

TypeParameterNode `value` (implied-instance.wipple:4:21)
  at implied-instance.wipple:4:21
  has type `value`
  is a type
  resolved to 1 definition(s): TypeParameterNode `value` (implied-instance.wipple:4:5)

UnitTypeNode `()` (implied-instance.wipple:4:30)
  at implied-instance.wipple:4:30
  has type `()`
  is a type

TraitDefinitionNode `U : value => trait (value -> ())` (implied-instance.wipple:5:1)
  at implied-instance.wipple:5:1
  is a definition
  has definition constraints
  has type parameters

TypeParameterNode `value` (implied-instance.wipple:5:5)
  at implied-instance.wipple:5:5
  has type `value`
  is a type
  resolved to 1 definition(s): TypeParameterNode `value` (implied-instance.wipple:5:5)

FunctionTypeNode `value -> ()` (implied-instance.wipple:5:20)
  at implied-instance.wipple:5:20
  has type `value -> ()`
  is a type

TypeParameterNode `value` (implied-instance.wipple:5:21)
  at implied-instance.wipple:5:21
  has type `value`
  is a type
  resolved to 1 definition(s): TypeParameterNode `value` (implied-instance.wipple:5:5)

UnitTypeNode `()` (implied-instance.wipple:5:30)
  at implied-instance.wipple:5:30
  has type `()`
  is a type

InstanceDefinitionNode `instance (T value)` (implied-instance.wipple:7:1)
  at implied-instance.wipple:7:1
  is a definition
  has definition constraints
  resolved to 1 definition(s): TraitDefinitionNode `T : value => trait (value -> ())` (implied-instance.wipple:4:1)
  has type parameters

TypeParameterNode `value` (implied-instance.wipple:7:13)
  at implied-instance.wipple:7:13
  has type `value`
  is a type
  resolved to 1 definition(s): TypeParameterNode `value` (implied-instance.wipple:7:13)

BoundConstraintNode `U value` (implied-instance.wipple:7:26)
  at implied-instance.wipple:7:26
  resolved to 1 definition(s): TraitDefinitionNode `U : value => trait (value -> ())` (implied-instance.wipple:5:1)

TypeParameterNode `value` (implied-instance.wipple:7:29)
  at implied-instance.wipple:7:29
  has type `value`
  is a type
  resolved to 1 definition(s): TypeParameterNode `value` (implied-instance.wipple:7:13)

PlaceholderExpressionNode `_` (implied-instance.wipple:7:38)
  at implied-instance.wipple:7:38
  is an expression
  is a placeholder
  has type `value -> ()`

ConstantDefinitionNode `t` (implied-instance.wipple:9:1)
  at implied-instance.wipple:9:1
  is a definition
  has definition constraints
  has type parameters

TypeParameterNode `value` (implied-instance.wipple:9:6)
  at implied-instance.wipple:9:6
  has type `value`
  is a type
  resolved to 1 definition(s): TypeParameterNode `value` (implied-instance.wipple:9:6)

FunctionTypeNode `value -> ()` (implied-instance.wipple:9:6)
  at implied-instance.wipple:9:6
  has type `value -> ()`
  is a type

UnitTypeNode `()` (implied-instance.wipple:9:15)
  at implied-instance.wipple:9:15
  has type `()`
  is a type

BoundConstraintNode `U value` (implied-instance.wipple:9:24)
  at implied-instance.wipple:9:24
  resolved to 1 definition(s): TraitDefinitionNode `U : value => trait (value -> ())` (implied-instance.wipple:5:1)

TypeParameterNode `value` (implied-instance.wipple:9:27)
  at implied-instance.wipple:9:27
  has type `value`
  is a type
  resolved to 1 definition(s): TypeParameterNode `value` (implied-instance.wipple:9:6)

AssignmentNode `t` (implied-instance.wipple:10:1)
  at implied-instance.wipple:10:1

ConstructorExpressionNode `T` (implied-instance.wipple:10:5)
  at implied-instance.wipple:10:5
  is an expression
  has bound(s) `T value` (InstanceDefinitionNode `instance (T value)` (implied-instance.wipple:7:1))
  has type `value -> ()`
  resolved to 1 definition(s): TraitDefinitionNode `T : value => trait (value -> ())` (implied-instance.wipple:4:1)


Feedback:

`_` (implied-instance.wipple:7:38) (placeholder):

  Found a placeholder of type `value -> ()`.
  
  Add a `value -> ()` value here before running your program.

