Facts (layer 2):

`show` (VariableExpression):
  at all-any.wipple:1:1-1:5
  grouped with `value -> ()`
  has bound(s) `Describe` `Boolean` (resolved as `instance (Describe Boolean)`)
  has type `Boolean -> ()`
  is an expression
  resolved to 1 definition(s): `show`

`show ((1, 2, 3) . all? (n -> n > 0))` (ExpressionStatement):
  at all-any.wipple:1:1-1:37
  grouped with `show ((1, 2, 3) . all? (n -> n > 0))`
  has type `()`

`show ((1, 2, 3) . all? (n -> n > 0))` (CallExpression):
  at all-any.wipple:1:1-1:37
  grouped with `()`, `show ((1, 2, 3) . all? (n -> n > 0))`
  has type `()`
  is an expression

`1` (VisitAs):
  at all-any.wipple:1:8-1:9
  grouped with `1`, `element`
  has type `Number`
  is an expression

`1, 2, 3` (VisitAs):
  at all-any.wipple:1:8-1:15
  grouped with `collection`, `3`, `collection`
  has type `List Number`
  is an expression

`1, 2, 3) . all? (n -> n > 0)` (OperatorExpression):
  at all-any.wipple:1:8-1:36
  grouped with `all? (n -> n > 0)`, `value`
  has type `Boolean`
  is an expression

`2` (VisitAs):
  at all-any.wipple:1:11-1:12
  grouped with `2`, `element`
  has type `Number`
  is an expression

`3` (VisitAs):
  at all-any.wipple:1:14-1:15
  grouped with `3`, `element`
  has type `Number`
  is an expression

`all?` (VariableExpression):
  at all-any.wipple:1:19-1:23
  grouped with `(condition :: (element -> Boolean)) -> collection -> Boolean`
  has bound(s) `As-Sequence` `(List Number)` `Number` (resolved as `instance (As-Sequence (List element) element)`)
  has type `(Number -> Boolean) -> (List Number) -> Boolean`
  is an expression
  resolved to 1 definition(s): `all?`

`all? (n -> n > 0)` (CallExpression):
  at all-any.wipple:1:19-1:36
  grouped with `Boolean`, `Boolean`, `1, 2, 3) . all? (n -> n > 0)`
  has type `Boolean`
  is an expression

`all? (n -> n > 0)` (VisitAs):
  at all-any.wipple:1:19-1:36
  grouped with `collection -> Boolean`
  has type `(List Number) -> Boolean`
  is an expression

`n` (VariablePattern):
  at all-any.wipple:1:25-1:26
  grouped with `n`, `element`
  has type `Number`
  is a definition
  is a pattern

`n -> n > 0` (FunctionExpression):
  at all-any.wipple:1:25-1:35
  grouped with `(element -> Boolean)`
  has type `Number -> Boolean`
  is an expression

`n` (VariableExpression):
  at all-any.wipple:1:30-1:31
  grouped with `n`, `value`
  has type `Number`
  is an expression
  resolved to 1 definition(s): `n`

`n > 0` (OperatorExpression):
  at all-any.wipple:1:30-1:35
  grouped with `n > 0`, `Boolean`
  has type `Boolean`
  is an expression

`n > 0` (CallExpression):
  at all-any.wipple:1:30-1:35
  grouped with `Boolean`, `n > 0`
  has type `Boolean`
  is an expression

`n > 0` (ConstructorExpression):
  at all-any.wipple:1:30-1:35
  grouped with `value value -> Boolean`
  has bound(s) `Greater-Than` `Number` (resolved as `instance (Greater-Than value) where (Order value)`), `Order` `Number` (resolved as `instance (Order Number)`)
  has type `Number Number -> Boolean`
  is an expression
  resolved to 1 definition(s): `Greater-Than`

`0` (NumberExpression):
  at all-any.wipple:1:34-1:35
  grouped with `0`, `value`
  has type `Number`
  is an expression

`show` (VariableExpression):
  at all-any.wipple:2:1-2:5
  grouped with `value -> ()`
  has bound(s) `Describe` `Boolean` (resolved as `instance (Describe Boolean)`)
  has type `Boolean -> ()`
  is an expression
  resolved to 1 definition(s): `show`

`show ((1, -2, 3) . all? (n -> n > 0))` (ExpressionStatement):
  at all-any.wipple:2:1-2:38
  grouped with `show ((1, -2, 3) . all? (n -> n > 0))`
  has type `()`

`show ((1, -2, 3) . all? (n -> n > 0))` (CallExpression):
  at all-any.wipple:2:1-2:38
  grouped with `()`, `show ((1, -2, 3) . all? (n -> n > 0))`
  has type `()`
  is an expression

`1` (VisitAs):
  at all-any.wipple:2:8-2:9
  grouped with `1`, `element`
  has type `Number`
  is an expression

`1, -2, 3` (VisitAs):
  at all-any.wipple:2:8-2:16
  grouped with `collection`, `3`, `collection`
  has type `List Number`
  is an expression

`1, -2, 3) . all? (n -> n > 0)` (OperatorExpression):
  at all-any.wipple:2:8-2:37
  grouped with `all? (n -> n > 0)`, `value`
  has type `Boolean`
  is an expression

`-2` (VisitAs):
  at all-any.wipple:2:11-2:13
  grouped with `-2`, `element`
  has type `Number`
  is an expression

`3` (VisitAs):
  at all-any.wipple:2:15-2:16
  grouped with `3`, `element`
  has type `Number`
  is an expression

`all?` (VariableExpression):
  at all-any.wipple:2:20-2:24
  grouped with `(condition :: (element -> Boolean)) -> collection -> Boolean`
  has bound(s) `As-Sequence` `(List Number)` `Number` (resolved as `instance (As-Sequence (List element) element)`)
  has type `(Number -> Boolean) -> (List Number) -> Boolean`
  is an expression
  resolved to 1 definition(s): `all?`

`all? (n -> n > 0)` (CallExpression):
  at all-any.wipple:2:20-2:37
  grouped with `Boolean`, `Boolean`, `1, -2, 3) . all? (n -> n > 0)`
  has type `Boolean`
  is an expression

`all? (n -> n > 0)` (VisitAs):
  at all-any.wipple:2:20-2:37
  grouped with `collection -> Boolean`
  has type `(List Number) -> Boolean`
  is an expression

`n` (VariablePattern):
  at all-any.wipple:2:26-2:27
  grouped with `n`, `element`
  has type `Number`
  is a definition
  is a pattern

`n -> n > 0` (FunctionExpression):
  at all-any.wipple:2:26-2:36
  grouped with `(element -> Boolean)`
  has type `Number -> Boolean`
  is an expression

`n` (VariableExpression):
  at all-any.wipple:2:31-2:32
  grouped with `n`, `value`
  has type `Number`
  is an expression
  resolved to 1 definition(s): `n`

`n > 0` (OperatorExpression):
  at all-any.wipple:2:31-2:36
  grouped with `n > 0`, `Boolean`
  has type `Boolean`
  is an expression

`n > 0` (CallExpression):
  at all-any.wipple:2:31-2:36
  grouped with `Boolean`, `n > 0`
  has type `Boolean`
  is an expression

`n > 0` (ConstructorExpression):
  at all-any.wipple:2:31-2:36
  grouped with `value value -> Boolean`
  has bound(s) `Greater-Than` `Number` (resolved as `instance (Greater-Than value) where (Order value)`), `Order` `Number` (resolved as `instance (Order Number)`)
  has type `Number Number -> Boolean`
  is an expression
  resolved to 1 definition(s): `Greater-Than`

`0` (NumberExpression):
  at all-any.wipple:2:35-2:36
  grouped with `0`, `value`
  has type `Number`
  is an expression

`show` (VariableExpression):
  at all-any.wipple:3:1-3:5
  grouped with `value -> ()`
  has bound(s) `Describe` `Boolean` (resolved as `instance (Describe Boolean)`)
  has type `Boolean -> ()`
  is an expression
  resolved to 1 definition(s): `show`

`show ((1, -2, 3) . any? (n -> n > 0))` (ExpressionStatement):
  at all-any.wipple:3:1-3:38
  grouped with `show ((1, -2, 3) . any? (n -> n > 0))`
  has type `()`

`show ((1, -2, 3) . any? (n -> n > 0))` (CallExpression):
  at all-any.wipple:3:1-3:38
  grouped with `()`, `show ((1, -2, 3) . any? (n -> n > 0))`
  has type `()`
  is an expression

`1` (VisitAs):
  at all-any.wipple:3:8-3:9
  grouped with `1`, `element`
  has type `Number`
  is an expression

`1, -2, 3` (VisitAs):
  at all-any.wipple:3:8-3:16
  grouped with `collection`, `3`, `collection`
  has type `List Number`
  is an expression

`1, -2, 3) . any? (n -> n > 0)` (OperatorExpression):
  at all-any.wipple:3:8-3:37
  grouped with `any? (n -> n > 0)`, `value`
  has type `Boolean`
  is an expression

`-2` (VisitAs):
  at all-any.wipple:3:11-3:13
  grouped with `-2`, `element`
  has type `Number`
  is an expression

`3` (VisitAs):
  at all-any.wipple:3:15-3:16
  grouped with `3`, `element`
  has type `Number`
  is an expression

`any?` (VariableExpression):
  at all-any.wipple:3:20-3:24
  grouped with `(condition :: (element -> Boolean)) -> collection -> Boolean`
  has bound(s) `As-Sequence` `(List Number)` `Number` (resolved as `instance (As-Sequence (List element) element)`)
  has type `(Number -> Boolean) -> (List Number) -> Boolean`
  is an expression
  resolved to 1 definition(s): `any?`

`any? (n -> n > 0)` (CallExpression):
  at all-any.wipple:3:20-3:37
  grouped with `Boolean`, `Boolean`, `1, -2, 3) . any? (n -> n > 0)`
  has type `Boolean`
  is an expression

`any? (n -> n > 0)` (VisitAs):
  at all-any.wipple:3:20-3:37
  grouped with `collection -> Boolean`
  has type `(List Number) -> Boolean`
  is an expression

`n` (VariablePattern):
  at all-any.wipple:3:26-3:27
  grouped with `n`, `element`
  has type `Number`
  is a definition
  is a pattern

`n -> n > 0` (FunctionExpression):
  at all-any.wipple:3:26-3:36
  grouped with `(element -> Boolean)`
  has type `Number -> Boolean`
  is an expression

`n` (VariableExpression):
  at all-any.wipple:3:31-3:32
  grouped with `n`, `value`
  has type `Number`
  is an expression
  resolved to 1 definition(s): `n`

`n > 0` (OperatorExpression):
  at all-any.wipple:3:31-3:36
  grouped with `n > 0`, `Boolean`
  has type `Boolean`
  is an expression

`n > 0` (CallExpression):
  at all-any.wipple:3:31-3:36
  grouped with `Boolean`, `n > 0`
  has type `Boolean`
  is an expression

`n > 0` (ConstructorExpression):
  at all-any.wipple:3:31-3:36
  grouped with `value value -> Boolean`
  has bound(s) `Greater-Than` `Number` (resolved as `instance (Greater-Than value) where (Order value)`), `Order` `Number` (resolved as `instance (Order Number)`)
  has type `Number Number -> Boolean`
  is an expression
  resolved to 1 definition(s): `Greater-Than`

`0` (NumberExpression):
  at all-any.wipple:3:35-3:36
  grouped with `0`, `value`
  has type `Number`
  is an expression

`show` (VariableExpression):
  at all-any.wipple:4:1-4:5
  grouped with `value -> ()`
  has bound(s) `Describe` `Boolean` (resolved as `instance (Describe Boolean)`)
  has type `Boolean -> ()`
  is an expression
  resolved to 1 definition(s): `show`

`show ((-1, -2, -3) . any? (n -> n > 0))` (ExpressionStatement):
  at all-any.wipple:4:1-4:40
  grouped with `show ((-1, -2, -3) . any? (n -> n > 0))`
  has type `()`

`show ((-1, -2, -3) . any? (n -> n > 0))` (CallExpression):
  at all-any.wipple:4:1-4:40
  grouped with `()`, `show ((-1, -2, -3) . any? (n -> n > 0))`
  has type `()`
  is an expression

`-1` (VisitAs):
  at all-any.wipple:4:8-4:10
  grouped with `-1`, `element`
  has type `Number`
  is an expression

`-1, -2, -3` (VisitAs):
  at all-any.wipple:4:8-4:18
  grouped with `collection`, `-3`, `collection`
  has type `List Number`
  is an expression

`-1, -2, -3) . any? (n -> n > 0)` (OperatorExpression):
  at all-any.wipple:4:8-4:39
  grouped with `any? (n -> n > 0)`, `value`
  has type `Boolean`
  is an expression

`-2` (VisitAs):
  at all-any.wipple:4:12-4:14
  grouped with `-2`, `element`
  has type `Number`
  is an expression

`-3` (VisitAs):
  at all-any.wipple:4:16-4:18
  grouped with `-3`, `element`
  has type `Number`
  is an expression

`any?` (VariableExpression):
  at all-any.wipple:4:22-4:26
  grouped with `(condition :: (element -> Boolean)) -> collection -> Boolean`
  has bound(s) `As-Sequence` `(List Number)` `Number` (resolved as `instance (As-Sequence (List element) element)`)
  has type `(Number -> Boolean) -> (List Number) -> Boolean`
  is an expression
  resolved to 1 definition(s): `any?`

`any? (n -> n > 0)` (CallExpression):
  at all-any.wipple:4:22-4:39
  grouped with `Boolean`, `Boolean`, `-1, -2, -3) . any? (n -> n > 0)`
  has type `Boolean`
  is an expression

`any? (n -> n > 0)` (VisitAs):
  at all-any.wipple:4:22-4:39
  grouped with `collection -> Boolean`
  has type `(List Number) -> Boolean`
  is an expression

`n` (VariablePattern):
  at all-any.wipple:4:28-4:29
  grouped with `n`, `element`
  has type `Number`
  is a definition
  is a pattern

`n -> n > 0` (FunctionExpression):
  at all-any.wipple:4:28-4:38
  grouped with `(element -> Boolean)`
  has type `Number -> Boolean`
  is an expression

`n` (VariableExpression):
  at all-any.wipple:4:33-4:34
  grouped with `n`, `value`
  has type `Number`
  is an expression
  resolved to 1 definition(s): `n`

`n > 0` (OperatorExpression):
  at all-any.wipple:4:33-4:38
  grouped with `n > 0`, `Boolean`
  has type `Boolean`
  is an expression

`n > 0` (CallExpression):
  at all-any.wipple:4:33-4:38
  grouped with `Boolean`, `n > 0`
  has type `Boolean`
  is an expression

`n > 0` (ConstructorExpression):
  at all-any.wipple:4:33-4:38
  grouped with `value value -> Boolean`
  has bound(s) `Greater-Than` `Number` (resolved as `instance (Greater-Than value) where (Order value)`), `Order` `Number` (resolved as `instance (Order Number)`)
  has type `Number Number -> Boolean`
  is an expression
  resolved to 1 definition(s): `Greater-Than`

`0` (NumberExpression):
  at all-any.wipple:4:37-4:38
  grouped with `0`, `value`
  has type `Number`
  is an expression


Output:
True
False
True
False
