Facts (layer 2):

`average` (average.wipple:1:1-1:8) (VariablePattern):
  has type `(List Number) -> Number` (average.wipple:1:11-1:49)
  is a definition
  is a pattern

`average : numbers -> sum numbers / count numbers` (average.wipple:1:1-1:49) (AssignmentStatement):
  has type `()` (average.wipple:1:1-1:49)

`numbers` (average.wipple:1:11-1:18) (VariablePattern):
  has type `List Number`
  is a definition
  is a pattern

`numbers -> sum numbers / count numbers` (average.wipple:1:11-1:49) (FunctionExpression):
  has type `(List Number) -> Number` (average.wipple:1:11-1:49)
  is an expression

`sum` (average.wipple:1:22-1:25) (VariableExpression):
  has bound(s) `Initial` (library/src/foundation/language.wipple:37:1-37:31) `Number` (average.wipple:2:28-2:29) (resolved as `instance (Initial Number)` (library/src/foundation/language.wipple:45:1-45:26)), `Add` (library/src/foundation/math.wipple:7:1-7:58) `Number` (average.wipple:2:28-2:29) `Number` (average.wipple:2:28-2:29) `Number` (average.wipple:2:28-2:29) (resolved as `instance (Add Number Number Number)` (library/src/foundation/math.wipple:8:1-8:36)), `As-Sequence` (library/src/foundation/sequence.wipple:47:1-47:81) `(List Number)` `Number` (average.wipple:2:28-2:29) (resolved as `instance (As-Sequence (List element) element)` (library/src/foundation/sequence.wipple:199:1-199:46))
  has type `(List Number) -> Number` (average.wipple:1:22-1:25)
  is an expression
  resolved to 1 definition(s): `sum :: container -> n where (As-Sequence container n) (Initial n) (Add n n n)` (library/src/foundation/sequence.wipple:169:1-169:78)

`sum numbers` (average.wipple:1:22-1:33) (CallExpression):
  has type `Number` (average.wipple:2:28-2:29)
  is an expression

`sum numbers / count numbers` (average.wipple:1:22-1:49) (OperatorExpression):
  has type `Number`
  is an expression

`sum numbers / count numbers` (average.wipple:1:22-1:49) (CallExpression):
  has type `Number`
  is an expression

`sum numbers / count numbers` (average.wipple:1:22-1:49) (ConstructorExpression):
  has bound(s) `Divide` (library/src/foundation/math.wipple:52:1-52:71) `Number` (average.wipple:2:28-2:29) `Number` `Number` (resolved as `instance (Divide Number Number Number)` (library/src/foundation/math.wipple:53:1-53:39))
  has type `Number Number -> Number` (average.wipple:1:22-1:49)
  is an expression
  resolved to 1 definition(s): `Divide : left right (infer quotient) => trait (left right -> quotient)` (library/src/foundation/math.wipple:52:1-52:71)

`numbers` (average.wipple:1:26-1:33) (VariableExpression):
  has type `List Number`
  is an expression
  resolved to 1 definition(s): `numbers` (average.wipple:1:11-1:18)

`count` (average.wipple:1:36-1:41) (VariableExpression):
  has bound(s) `Count` (library/src/foundation/sequence.wipple:267:1-267:51) `(List Number)` (resolved as `instance (Count (List element))` (library/src/foundation/sequence.wipple:271:1-271:32))
  has type `(List Number) -> Number` (average.wipple:1:36-1:41)
  is an expression
  resolved to 1 definition(s): `count :: collection -> Number where (Count collection)` (library/src/foundation/sequence.wipple:264:1-264:55)

`count numbers` (average.wipple:1:36-1:49) (CallExpression):
  has type `Number`
  is an expression

`numbers` (average.wipple:1:42-1:49) (VariableExpression):
  has type `List Number`
  is an expression
  resolved to 1 definition(s): `numbers` (average.wipple:1:11-1:18)

`show` (average.wipple:2:1-2:5) (VariableExpression):
  has bound(s) `Describe` (library/src/foundation/io.wipple:2:1-2:44) `Number` (resolved as `instance (Describe Number)` (library/src/foundation/io.wipple:15:1-15:27))
  has type `Number -> ()` (average.wipple:2:1-2:5)
  is an expression
  resolved to 1 definition(s): `show :: value -> () where (Describe value)` (library/src/foundation/io.wipple:11:1-11:43)

`show (average (1, 2, 3, 4, 5))` (average.wipple:2:1-2:31) (ExpressionStatement):
  has type `()`

`show (average (1, 2, 3, 4, 5))` (average.wipple:2:1-2:31) (CallExpression):
  has type `()`
  is an expression

`average` (average.wipple:2:7-2:14) (VariableExpression):
  has type `(List Number) -> Number` (average.wipple:1:11-1:49)
  is an expression
  resolved to 1 definition(s): `average` (average.wipple:1:1-1:8)

`average (1, 2, 3, 4, 5)` (average.wipple:2:7-2:30) (CallExpression):
  has type `Number`
  is an expression

`1` (average.wipple:2:16-2:17) (VisitAs):
  has type `Number` (average.wipple:2:28-2:29)
  is an expression

`1` (average.wipple:2:16-2:17) (ConstructorExpression):
  has bound(s) `Build-Collection` (library/src/foundation/collections.wipple:1:1-1:90) `Number` (average.wipple:2:28-2:29) `(List Number)` (resolved as `instance (Build-Collection element (List element))` (library/src/foundation/collections.wipple:12:1-12:51))
  has type `Number (List Number) -> List Number` (average.wipple:2:16-2:17)
  is an expression
  resolved to 1 definition(s): `Build-Collection : (infer element) collection => trait (element collection -> collection)` (library/src/foundation/collections.wipple:1:1-1:90)

`1, 2, 3, 4, 5` (average.wipple:2:16-2:29) (CollectionExpression):
  has type `List Number`
  is an expression

`2` (average.wipple:2:19-2:20) (VisitAs):
  has type `Number` (average.wipple:2:28-2:29)
  is an expression

`2` (average.wipple:2:19-2:20) (ConstructorExpression):
  has bound(s) `Build-Collection` (library/src/foundation/collections.wipple:1:1-1:90) `Number` (average.wipple:2:28-2:29) `(List Number)` (resolved as `instance (Build-Collection element (List element))` (library/src/foundation/collections.wipple:12:1-12:51))
  has type `Number (List Number) -> List Number` (average.wipple:2:19-2:20)
  is an expression
  resolved to 1 definition(s): `Build-Collection : (infer element) collection => trait (element collection -> collection)` (library/src/foundation/collections.wipple:1:1-1:90)

`3` (average.wipple:2:22-2:23) (VisitAs):
  has type `Number` (average.wipple:2:28-2:29)
  is an expression

`3` (average.wipple:2:22-2:23) (ConstructorExpression):
  has bound(s) `Build-Collection` (library/src/foundation/collections.wipple:1:1-1:90) `Number` (average.wipple:2:28-2:29) `(List Number)` (resolved as `instance (Build-Collection element (List element))` (library/src/foundation/collections.wipple:12:1-12:51))
  has type `Number (List Number) -> List Number` (average.wipple:2:22-2:23)
  is an expression
  resolved to 1 definition(s): `Build-Collection : (infer element) collection => trait (element collection -> collection)` (library/src/foundation/collections.wipple:1:1-1:90)

`4` (average.wipple:2:25-2:26) (VisitAs):
  has type `Number` (average.wipple:2:28-2:29)
  is an expression

`4` (average.wipple:2:25-2:26) (ConstructorExpression):
  has bound(s) `Build-Collection` (library/src/foundation/collections.wipple:1:1-1:90) `Number` (average.wipple:2:28-2:29) `(List Number)` (resolved as `instance (Build-Collection element (List element))` (library/src/foundation/collections.wipple:12:1-12:51))
  has type `Number (List Number) -> List Number` (average.wipple:2:25-2:26)
  is an expression
  resolved to 1 definition(s): `Build-Collection : (infer element) collection => trait (element collection -> collection)` (library/src/foundation/collections.wipple:1:1-1:90)

`5` (average.wipple:2:28-2:29) (VisitAs):
  has type `Number` (average.wipple:2:28-2:29)
  is an expression

`5` (average.wipple:2:28-2:29) (ConstructorExpression):
  has bound(s) `Build-Collection` (library/src/foundation/collections.wipple:1:1-1:90) `Number` (average.wipple:2:28-2:29) `(List Number)` (resolved as `instance (Build-Collection element (List element))` (library/src/foundation/collections.wipple:12:1-12:51))
  has type `Number (List Number) -> List Number` (average.wipple:2:28-2:29)
  is an expression
  resolved to 1 definition(s): `Build-Collection : (infer element) collection => trait (element collection -> collection)` (library/src/foundation/collections.wipple:1:1-1:90)


Output:
3
