Facts (layer 2):

`T : value => trait (value -> String)` (TraitDefinition):
  has 1 instances
  has definition constraints
  has type `value -> String`
  has type parameters
  is a definition

`value` (TypeParameter):
  has type `value`
  is a definition
  is a type
  resolved to 1 definition(s): `value`
  type is annotated

`value` (TypeParameter):
  has type `value`
  is a type
  resolved to 1 definition(s): `value`
  type is annotated

`value -> String` (FunctionType):
  has type `value -> String`
  is a type
  type is annotated

`String` (NamedType):
  has type `String`
  is a type
  resolved to 1 definition(s): `String : type`
  type is annotated

`foo :: value -> String where (T value)` (ConstantDefinition):
  has definition constraints
  has type `value -> String`
  has type parameters
  is a definition

`value` (TypeParameter):
  has type `value`
  is a definition
  is a type
  resolved to 1 definition(s): `value`
  type is annotated

`value -> String` (FunctionType):
  has type `value -> String`
  is a type
  type is annotated

`String` (NamedType):
  has type `String`
  is a type
  resolved to 1 definition(s): `String : type`
  type is annotated

`(T value)` (BoundConstraint):
  has bound(s) `T` `value` (resolved as `(T value)`)
  is a constraint
  resolved to 1 definition(s): `T : value => trait (value -> String)`

`value` (TypeParameter):
  has type `value`
  is a type
  resolved to 1 definition(s): `value`
  type is annotated

`foo : x -> T x` (AssignmentStatement):
  has type `()`

`x` (VariablePattern):
  has type `value`
  is a definition
  is a pattern

`x -> T x` (FunctionExpression):
  has type `value -> String`
  is an expression

`T` (ConstructorExpression):
  has bound(s) `T` `value` (resolved as `(T value)`)
  has type `value -> String`
  is an expression
  resolved to 1 definition(s): `T : value => trait (value -> String)`

`T x` (CallExpression):
  has type `String`
  is an expression

`x` (VariableExpression):
  has type `value`
  is an expression
  resolved to 1 definition(s): `x`
  type is annotated

`A : type` (TypeDefinition):
  has definition constraints
  has type `A`
  is a definition

`A : type` (TypeDefinition):
  has definition constraints
  has type `A`
  is a definition

`instance (T A)` (InstanceDefinition):
  has definition constraints
  has type `A -> String`
  is a definition
  resolved to 1 definition(s): `T : value => trait (value -> String)`

`A` (NamedType):
  has type `A`
  is a type
  resolved to 1 definition(s): `A : type`
  type is annotated

`_` (WildcardPattern):
  has type `A`
  is a pattern

`_ -> "Hello, world!"` (FunctionExpression):
  has type `A -> String`
  is an expression

`"Hello, world!"` (StringExpression):
  has type `String`
  is an expression
  type is annotated

`show` (VariableExpression):
  has bound(s) `Describe` `String` (resolved as `instance (Describe String)`)
  has type `String -> ()`
  is an expression
  resolved to 1 definition(s): `show :: value -> () where (Describe value)`

`show (foo A)` (ExpressionStatement):
  has type `()`

`show (foo A)` (CallExpression):
  has type `()`
  is an expression

`foo` (VariableExpression):
  has bound(s) `T` `A` (resolved as `instance (T A)`)
  has type `A -> String`
  is an expression
  resolved to 1 definition(s): `foo :: value -> String where (T value)`

`foo A` (CallExpression):
  has type `String`
  is an expression

`A` (ConstructorExpression):
  has type `A`
  is an expression
  resolved to 1 definition(s): `A : type`


Output:
Hello, world!
