Facts (layer 2):

`T : value => trait (value -> ())` (TraitDefinition):
  has 2 instances
  has definition constraints
  has type `value -> ()`
  has type parameters
  is a definition

`value` (TypeParameter):
  has type `value`
  is a definition
  is a type
  resolved to 1 definition(s): `value`
  type is annotated

`value` (TypeParameter):
  has type `value`
  is a type
  resolved to 1 definition(s): `value`
  type is annotated

`value -> ()` (FunctionType):
  has type `value -> ()`
  is a type
  type is annotated

`()` (UnitType):
  has type `()`
  is a type
  type is annotated

`instance (T Number)` (InstanceDefinition):
  has definition constraints
  has type `Number -> ()`
  is a definition
  resolved to 1 definition(s): `T : value => trait (value -> ())`

`Number` (NamedType):
  has type `Number`
  is a type
  resolved to 1 definition(s): `Number : type`
  type is annotated

`_` (WildcardPattern):
  has type `Number`
  is a pattern

`_ -> ()` (FunctionExpression):
  has type `Number -> ()`
  is an expression

`()` (UnitExpression):
  has type `()`
  is an expression

`instance (T String)` (InstanceDefinition):
  has definition constraints
  has type `String -> ()`
  is a definition
  resolved to 1 definition(s): `T : value => trait (value -> ())`

`String` (NamedType):
  has type `String`
  is a type
  resolved to 1 definition(s): `String : type`
  type is annotated

`_` (WildcardPattern):
  has type `String`
  is a pattern

`_ -> ()` (FunctionExpression):
  has type `String -> ()`
  is an expression

`()` (UnitExpression):
  has type `()`
  is an expression

`f :: (a; b) where (T a) (T b)` (ConstantDefinition):
  has definition constraints
  has type `(a; b)`
  has type parameters
  is a definition

`a` (TypeParameter):
  has type `a`
  is a definition
  is a type
  resolved to 1 definition(s): `a`
  type is annotated

`a; b` (TupleType):
  has type `(a; b)`
  is a type
  type is annotated

`b` (TypeParameter):
  has type `b`
  is a definition
  is a type
  resolved to 1 definition(s): `b`
  type is annotated

`(T a)` (BoundConstraint):
  has bound(s) `T` `a` (resolved as `(T a)`)
  is a constraint
  resolved to 1 definition(s): `T : value => trait (value -> ())`

`a` (TypeParameter):
  has type `a`
  is a type
  resolved to 1 definition(s): `a`
  type is annotated

`(T b)` (BoundConstraint):
  has bound(s) `T` `b` (resolved as `(T b)`)
  is a constraint
  resolved to 1 definition(s): `T : value => trait (value -> ())`

`b` (TypeParameter):
  has type `b`
  is a type
  resolved to 1 definition(s): `b`
  type is annotated

`f : todo` (AssignmentStatement):
  has type `()`

`todo` (VariableExpression):
  has type `(a; b)`
  is an expression
  resolved to 1 definition(s): `todo :: value`

`-- `B` should not be inferred to be `Number`
(f :: (Number; _))` (ExpressionStatement):
  has type `(Number; _)`

`f` (VariableExpression):
  has bound(s) `T` `Number` (resolved as `instance (T Number)`)
  has type `(Number; _)`
  is an expression
  resolved to 1 definition(s): `f :: (a; b) where (T a) (T b)`
  type is annotated

`Number` (NamedType):
  has type `Number`
  is a type
  resolved to 1 definition(s): `Number : type`
  type is annotated

`Number; _` (TupleType):
  has type `(Number; _)`
  is a type
  type is annotated

`_` (PlaceholderType):
  is a type
  missing type (group: `_`, `b`, `b`, `b`)
  type is annotated



Feedback:

`f` (incomplete-type)

  Missing information for the type of `f`.
  
  Wipple determined this code is a `(Number; _)`, but it needs some more information for the `_` placeholders.


`f :: (Number; _)` (incomplete-type)

  Missing information for the type of `f :: (Number; _)`.
  
  Wipple determined this code is a `(Number; _)`, but it needs some more information for the `_` placeholders.


`Number; _` (incomplete-type)

  Missing information for the type of `Number; _`.
  
  Wipple determined this code is a `(Number; _)`, but it needs some more information for the `_` placeholders.


`_` (unknown-type)

  Could not determine the type of `_`.
  
  Wipple needs to know the type of this code before running it. Try using a function or assigning it to a variable.


`-- `B` should not be inferred to be `Number`
(f :: (Number; _))` (incomplete-type)

  Missing information for the type of `-- `B` should not be inferred to be `Number`
  (f :: (Number; _))`.
  
  Wipple determined this code is a `(Number; _)`, but it needs some more information for the `_` placeholders.
