Facts (layer 2):

`T : value => trait value` (bounds-are-one-way.wipple:1:1-1:20) (TraitDefinition):
  has definition constraints
  has type `value` (bounds-are-one-way.wipple:1:3-1:8)
  has type parameters
  is a definition

`value` (bounds-are-one-way.wipple:1:3-1:8) (TypeParameter):
  has type `value` (bounds-are-one-way.wipple:1:3-1:8)
  is a definition
  is a type
  resolved to 1 definition(s): `value` (bounds-are-one-way.wipple:1:3-1:8)

`value` (bounds-are-one-way.wipple:1:15-1:20) (TypeParameter):
  has type `value` (bounds-are-one-way.wipple:1:3-1:8)
  is a type
  resolved to 1 definition(s): `value` (bounds-are-one-way.wipple:1:3-1:8)

`f :: Number where (T value)` (bounds-are-one-way.wipple:3:1-3:23) (ConstantDefinition):
  has definition constraints
  has type `Number` (bounds-are-one-way.wipple:3:4-3:10)
  has type parameters
  is a definition

`Number` (bounds-are-one-way.wipple:3:4-3:10) (NamedType):
  has type `Number` (bounds-are-one-way.wipple:3:4-3:10)
  is a type
  resolved to 1 definition(s): `Number : type` (library/src/foundation/language.wipple:1:34-1:45)

`(T value)` (bounds-are-one-way.wipple:3:15-3:23) (BoundConstraint):
  has bound(s) `T` (bounds-are-one-way.wipple:1:1-1:20) `value` (bounds-are-one-way.wipple:3:17-3:22) (resolved as `(T value)` (bounds-are-one-way.wipple:3:15-3:23))
  is a constraint
  resolved to 1 definition(s): `T : value => trait value` (bounds-are-one-way.wipple:1:1-1:20)

`value` (bounds-are-one-way.wipple:3:17-3:22) (TypeParameter):
  has type `value` (bounds-are-one-way.wipple:3:17-3:22)
  is a definition
  is a type
  resolved to 1 definition(s): `value` (bounds-are-one-way.wipple:3:17-3:22)

`f : T` (bounds-are-one-way.wipple:4:1-4:4) (AssignmentStatement):
  has type `()` (bounds-are-one-way.wipple:4:1-4:4)

`T` (bounds-are-one-way.wipple:4:3-4:4) (ConstructorExpression):
  has bound(s) `T` (bounds-are-one-way.wipple:1:1-1:20) `Number` (bounds-are-one-way.wipple:3:4-3:10) (unresolved)
  has type `Number` (bounds-are-one-way.wipple:3:4-3:10)
  is an expression
  resolved to 1 definition(s): `T : value => trait value` (bounds-are-one-way.wipple:1:1-1:20)



Feedback:

`T` (bounds-are-one-way.wipple:4:3-4:4) (unresolved-bound)

  `T` requires the instance `T` `Number`, but this instance isn't defined.
  
  Double-check that these types are correct.
