Facts (layer 2):

`Boolean` (TypeDefinition):
  has definition constraints
  has type `Boolean`
  is a definition

`Not` (TraitDefinition):
  grouped with `value -> value`
  has 2 instances
  has definition constraints
  has type `value -> value`
  has type parameters
  is a definition

`value` (TypeParameter):
  grouped with `value`, `value`
  has type `value`
  is a definition
  is a type
  resolved to 1 definition(s): `value`

`value` (TypeParameter):
  grouped with `value`
  has type `value`
  is a type
  resolved to 1 definition(s): `value`
  resolved to type parameter `value`

`value -> value` (FunctionType):
  grouped with `Not`
  has type `value -> value`
  is a type

`value` (TypeParameter):
  grouped with `value`
  has type `value`
  is a type
  resolved to 1 definition(s): `value`
  resolved to type parameter `value`

`instance (Not Boolean)` (InstanceDefinition):
  grouped with `value -> value`, `todo`
  has definition constraints
  has type `Boolean -> Boolean`
  is a definition
  resolved to 1 definition(s): `Not`

`Boolean` (NamedType):
  grouped with `value`
  has type `Boolean`
  is a type
  resolved to 1 definition(s): `Boolean`

`todo` (VariableExpression):
  grouped with `value`, `value`, `instance (Not Boolean)`
  has type `Boolean -> Boolean`
  is an expression
  resolved to 1 definition(s): `todo`

`instance (Not (a -> b)) where (Not b)` (InstanceDefinition):
  grouped with `value -> value`, `f -> x -> not (f x)`
  has bounds
  has definition constraints
  has type `(a -> b) -> a -> b`
  has type parameters
  is a definition
  resolved to 1 definition(s): `Not`

`a` (TypeParameter):
  grouped with `x`
  has type `a`
  is a definition
  is a type
  resolved to 1 definition(s): `a`

`a -> b` (FunctionType):
  grouped with `value`, `value`, `b`
  has type `a -> b`
  is a type

`b` (TypeParameter):
  grouped with `b`, `not (f x)`
  has type `b`
  is a definition
  is a type
  resolved to 1 definition(s): `b`

`(Not b)` (BoundConstraint):
  has bound(s) `Not` `b` (resolved as `(Not b)`)
  is a constraint
  resolved to 1 definition(s): `Not`

`b` (TypeParameter):
  grouped with `b`, `value`, `a -> b`
  has type `b`
  is a type
  resolved to 1 definition(s): `b`
  resolved to type parameter `b`

`f` (VariablePattern):
  grouped with `f`, `value`
  has type `a -> b`
  is a definition
  is a pattern

`f -> x -> not (f x)` (FunctionExpression):
  grouped with `instance (Not (a -> b)) where (Not b)`
  has type `(a -> b) -> a -> b`
  is an expression

`x` (VariablePattern):
  grouped with `x`, `a`, `x`
  has type `a`
  is a definition
  is a pattern

`x -> not (f x)` (FunctionExpression):
  captures `f`
  grouped with `value`
  has type `a -> b`
  is an expression

`not` (VariableExpression):
  grouped with `value -> value`
  has bound(s) `Not` `b` (resolved as `(Not b)`)
  has type `b -> b`
  is an expression
  resolved to 1 definition(s): `not`

`not (f x)` (CallExpression):
  grouped with `value`, `b`, `f x`
  has type `b`
  is an expression

`f` (VariableExpression):
  grouped with `f`
  has type `a -> b`
  is an expression
  resolved to 1 definition(s): `f`

`f x` (CallExpression):
  grouped with `value`, `not (f x)`
  has type `b`
  is an expression

`x` (VariableExpression):
  grouped with `x`, `x`
  has type `a`
  is an expression
  resolved to 1 definition(s): `x`

`not` (ConstantDefinition):
  grouped with `value -> value`, `Not`
  has bounds
  has definition constraints
  has type `value -> value`
  has type parameters
  is a definition

`value` (TypeParameter):
  grouped with `value`, `value`, `value`
  has type `value`
  is a definition
  is a type
  resolved to 1 definition(s): `value`

`value -> value` (FunctionType):
  grouped with `not`
  has type `value -> value`
  is a type

`value` (TypeParameter):
  grouped with `value`, `value`
  has type `value`
  is a type
  resolved to 1 definition(s): `value`
  resolved to type parameter `value`

`(Not value)` (BoundConstraint):
  has bound(s) `Not` `value` (resolved as `(Not value)`)
  is a constraint
  resolved to 1 definition(s): `Not`

`value` (TypeParameter):
  grouped with `value`, `value`
  has type `value`
  is a type
  resolved to 1 definition(s): `value`
  resolved to type parameter `value`

`not : Not` (AssignmentStatement):
  has type `()`

`Not` (ConstructorExpression):
  grouped with `value -> value`, `not`
  has bound(s) `Not` `value` (resolved as `(Not value)`)
  has type `value -> value`
  is an expression
  resolved to 1 definition(s): `Not`


Output:
