Facts (layer 2):

`Boolean : type` (complex-nested-bounds.wipple:1:12-1:24) (TypeDefinition):
  has definition constraints
  has type `Boolean` (complex-nested-bounds.wipple:1:12-1:24)
  is a definition

`Not : value => trait (value -> value)` (complex-nested-bounds.wipple:3:1-3:31) (TraitDefinition):
  has 2 instances
  has definition constraints
  has type `value -> value` (complex-nested-bounds.wipple:3:18-3:30)
  has type parameters
  is a definition

`value` (complex-nested-bounds.wipple:3:5-3:10) (TypeParameter):
  has type `value` (complex-nested-bounds.wipple:3:5-3:10)
  is a definition
  is a type
  resolved to 1 definition(s): `value` (complex-nested-bounds.wipple:3:5-3:10)

`value` (complex-nested-bounds.wipple:3:18-3:23) (TypeParameter):
  has type `value` (complex-nested-bounds.wipple:3:5-3:10)
  is a type
  resolved to 1 definition(s): `value` (complex-nested-bounds.wipple:3:5-3:10)

`value -> value` (complex-nested-bounds.wipple:3:18-3:30) (FunctionType):
  has type `value -> value` (complex-nested-bounds.wipple:3:18-3:30)
  is a type

`value` (complex-nested-bounds.wipple:3:25-3:30) (TypeParameter):
  has type `value` (complex-nested-bounds.wipple:3:5-3:10)
  is a type
  resolved to 1 definition(s): `value` (complex-nested-bounds.wipple:3:5-3:10)

`instance (Not Boolean)` (complex-nested-bounds.wipple:4:1-4:21) (InstanceDefinition):
  has definition constraints
  has type `Boolean -> Boolean`
  is a definition
  resolved to 1 definition(s): `Not : value => trait (value -> value)` (complex-nested-bounds.wipple:3:1-3:31)

`Boolean` (complex-nested-bounds.wipple:4:13-4:20) (NamedType):
  has type `Boolean` (complex-nested-bounds.wipple:4:13-4:20)
  is a type
  resolved to 1 definition(s): `Boolean : type` (complex-nested-bounds.wipple:1:12-1:24)

`todo` (complex-nested-bounds.wipple:4:22-4:26) (VariableExpression):
  has type `Boolean -> Boolean`
  is an expression
  resolved to 1 definition(s): `todo :: value` (library/src/foundation/language.wipple:25:1-25:12)

`instance (Not (a -> b)) where (Not b)` (complex-nested-bounds.wipple:5:1-5:31) (InstanceDefinition):
  has definition constraints
  has type `(a -> b) -> a -> b` (complex-nested-bounds.wipple:5:32-5:45)
  has type parameters
  is a definition
  resolved to 1 definition(s): `Not : value => trait (value -> value)` (complex-nested-bounds.wipple:3:1-3:31)

`a` (complex-nested-bounds.wipple:5:14-5:15) (TypeParameter):
  has type `a` (complex-nested-bounds.wipple:5:14-5:15)
  is a definition
  is a type
  resolved to 1 definition(s): `a` (complex-nested-bounds.wipple:5:14-5:15)

`a -> b` (complex-nested-bounds.wipple:5:14-5:18) (FunctionType):
  has type `a -> b` (complex-nested-bounds.wipple:5:42-5:43)
  is a type

`b` (complex-nested-bounds.wipple:5:17-5:18) (TypeParameter):
  has type `b` (complex-nested-bounds.wipple:5:17-5:18)
  is a definition
  is a type
  resolved to 1 definition(s): `b` (complex-nested-bounds.wipple:5:17-5:18)

`(Not b)` (complex-nested-bounds.wipple:5:25-5:31) (BoundConstraint):
  has bound(s) `Not` (complex-nested-bounds.wipple:3:1-3:31) `b` (complex-nested-bounds.wipple:5:17-5:18) (resolved as `(Not b)` (complex-nested-bounds.wipple:5:25-5:31))
  is a constraint
  resolved to 1 definition(s): `Not : value => trait (value -> value)` (complex-nested-bounds.wipple:3:1-3:31)

`b` (complex-nested-bounds.wipple:5:29-5:30) (TypeParameter):
  has type `b` (complex-nested-bounds.wipple:5:17-5:18)
  is a type
  resolved to 1 definition(s): `b` (complex-nested-bounds.wipple:5:17-5:18)

`f` (complex-nested-bounds.wipple:5:32-5:33) (VariablePattern):
  has type `a -> b` (complex-nested-bounds.wipple:5:42-5:43)
  is a definition
  is a pattern

`f -> x -> not (f x)` (complex-nested-bounds.wipple:5:32-5:45) (FunctionExpression):
  has type `(a -> b) -> a -> b` (complex-nested-bounds.wipple:5:32-5:45)
  is an expression

`x` (complex-nested-bounds.wipple:5:35-5:36) (VariablePattern):
  has type `a` (complex-nested-bounds.wipple:5:14-5:15)
  is a definition
  is a pattern

`x -> not (f x)` (complex-nested-bounds.wipple:5:35-5:45) (FunctionExpression):
  captures `f` (complex-nested-bounds.wipple:5:32-5:33)
  has type `a -> b` (complex-nested-bounds.wipple:5:42-5:43)
  is an expression

`not` (complex-nested-bounds.wipple:5:38-5:41) (VariableExpression):
  has bound(s) `Not` (complex-nested-bounds.wipple:3:1-3:31) `b` (complex-nested-bounds.wipple:5:17-5:18) (resolved as `(Not b)` (complex-nested-bounds.wipple:5:25-5:31))
  has type `b -> b` (complex-nested-bounds.wipple:5:38-5:41)
  is an expression
  resolved to 1 definition(s): `not :: value -> value where (Not value)` (complex-nested-bounds.wipple:7:1-7:33)

`not (f x)` (complex-nested-bounds.wipple:5:38-5:45) (CallExpression):
  has type `b` (complex-nested-bounds.wipple:5:17-5:18)
  is an expression

`f` (complex-nested-bounds.wipple:5:42-5:43) (VariableExpression):
  has type `a -> b` (complex-nested-bounds.wipple:5:42-5:43)
  is an expression
  resolved to 1 definition(s): `f` (complex-nested-bounds.wipple:5:32-5:33)

`f x` (complex-nested-bounds.wipple:5:42-5:44) (CallExpression):
  has type `b` (complex-nested-bounds.wipple:5:17-5:18)
  is an expression

`x` (complex-nested-bounds.wipple:5:43-5:44) (VariableExpression):
  has type `a` (complex-nested-bounds.wipple:5:14-5:15)
  is an expression
  resolved to 1 definition(s): `x` (complex-nested-bounds.wipple:5:35-5:36)

`not :: value -> value where (Not value)` (complex-nested-bounds.wipple:7:1-7:33) (ConstantDefinition):
  has definition constraints
  has type `value -> value` (complex-nested-bounds.wipple:7:6-7:18)
  has type parameters
  is a definition

`value` (complex-nested-bounds.wipple:7:6-7:11) (TypeParameter):
  has type `value` (complex-nested-bounds.wipple:7:6-7:11)
  is a definition
  is a type
  resolved to 1 definition(s): `value` (complex-nested-bounds.wipple:7:6-7:11)

`value -> value` (complex-nested-bounds.wipple:7:6-7:18) (FunctionType):
  has type `value -> value` (complex-nested-bounds.wipple:7:6-7:18)
  is a type

`value` (complex-nested-bounds.wipple:7:13-7:18) (TypeParameter):
  has type `value` (complex-nested-bounds.wipple:7:6-7:11)
  is a type
  resolved to 1 definition(s): `value` (complex-nested-bounds.wipple:7:6-7:11)

`(Not value)` (complex-nested-bounds.wipple:7:23-7:33) (BoundConstraint):
  has bound(s) `Not` (complex-nested-bounds.wipple:3:1-3:31) `value` (complex-nested-bounds.wipple:7:6-7:11) (resolved as `(Not value)` (complex-nested-bounds.wipple:7:23-7:33))
  is a constraint
  resolved to 1 definition(s): `Not : value => trait (value -> value)` (complex-nested-bounds.wipple:3:1-3:31)

`value` (complex-nested-bounds.wipple:7:27-7:32) (TypeParameter):
  has type `value` (complex-nested-bounds.wipple:7:6-7:11)
  is a type
  resolved to 1 definition(s): `value` (complex-nested-bounds.wipple:7:6-7:11)

`not : Not` (complex-nested-bounds.wipple:8:1-8:8) (AssignmentStatement):
  has type `()` (complex-nested-bounds.wipple:8:1-8:8)

`Not` (complex-nested-bounds.wipple:8:5-8:8) (ConstructorExpression):
  has bound(s) `Not` (complex-nested-bounds.wipple:3:1-3:31) `value` (complex-nested-bounds.wipple:7:6-7:11) (resolved as `(Not value)` (complex-nested-bounds.wipple:7:23-7:33))
  has type `value -> value` (complex-nested-bounds.wipple:7:6-7:18)
  is an expression
  resolved to 1 definition(s): `Not : value => trait (value -> value)` (complex-nested-bounds.wipple:3:1-3:31)


Output:
