Facts (layer 2):

`my-if :: (condition :: Boolean) {(then :: value)} {(else :: value)} -> (output :: value)` (custom-connections.wipple:5:1-5:75) (ConstantDefinition):
  has definition constraints
  has type `Boolean {value} {value} -> value` (custom-connections.wipple:5:8-5:75)
  has type parameters
  is a definition

`(condition :: Boolean) {(then :: value)} {(else :: value)} -> (output :: value)` (custom-connections.wipple:5:8-5:75) (FunctionType):
  has type `Boolean {value} {value} -> value` (custom-connections.wipple:5:8-5:75)
  is a type

`condition :: Boolean` (custom-connections.wipple:5:9-5:27) (TypeParameter):
  has type `Boolean` (custom-connections.wipple:5:20-5:27)
  is a definition
  is a type
  resolved to 1 definition(s): `condition :: Boolean` (custom-connections.wipple:5:9-5:27)

`Boolean` (custom-connections.wipple:5:20-5:27) (NamedType):
  has type `Boolean` (custom-connections.wipple:5:20-5:27)
  is a type
  resolved to 1 definition(s): `Boolean : type {⋯}` (library/src/foundation/logic.wipple:2:1-5:2)

`{(then :: value)}` (custom-connections.wipple:5:28-5:43) (BlockType):
  has type `{value}` (custom-connections.wipple:5:28-5:43)
  is a type

`then :: value` (custom-connections.wipple:5:30-5:41) (TypeParameter):
  has type `value` (custom-connections.wipple:5:36-5:41)
  is a definition
  is a type
  resolved to 1 definition(s): `then :: value` (custom-connections.wipple:5:30-5:41)

`value` (custom-connections.wipple:5:36-5:41) (TypeParameter):
  has type `value` (custom-connections.wipple:5:36-5:41)
  is a definition
  is a type
  resolved to 1 definition(s): `value` (custom-connections.wipple:5:36-5:41)

`{(else :: value)}` (custom-connections.wipple:5:43-5:58) (BlockType):
  has type `{value}` (custom-connections.wipple:5:43-5:58)
  is a type

`else :: value` (custom-connections.wipple:5:45-5:56) (TypeParameter):
  has type `value` (custom-connections.wipple:5:36-5:41)
  is a definition
  is a type
  resolved to 1 definition(s): `else :: value` (custom-connections.wipple:5:45-5:56)

`value` (custom-connections.wipple:5:51-5:56) (TypeParameter):
  has type `value` (custom-connections.wipple:5:36-5:41)
  is a type
  resolved to 1 definition(s): `value` (custom-connections.wipple:5:36-5:41)

`output :: value` (custom-connections.wipple:5:61-5:74) (TypeParameter):
  has type `value` (custom-connections.wipple:5:36-5:41)
  is a definition
  is a type
  resolved to 1 definition(s): `output :: value` (custom-connections.wipple:5:61-5:74)

`value` (custom-connections.wipple:5:69-5:74) (TypeParameter):
  has type `value` (custom-connections.wipple:5:36-5:41)
  is a type
  resolved to 1 definition(s): `value` (custom-connections.wipple:5:36-5:41)

`my-if : if` (custom-connections.wipple:6:1-6:9) (AssignmentStatement):
  has type `()` (custom-connections.wipple:6:1-6:9)

`if` (custom-connections.wipple:6:7-6:9) (VariableExpression):
  has type `Boolean {value} {value} -> value` (custom-connections.wipple:5:8-5:75)
  is an expression
  resolved to 1 definition(s): `if :: (condition :: Boolean) {(then :: value)} {(else :: value)} -> (output :: value)` (library/src/foundation/logic.wipple:12:1-12:72)

`show` (custom-connections.wipple:8:1-8:5) (VariableExpression):
  has bound(s) `Describe` (library/src/foundation/io.wipple:2:1-2:37) `Number` (resolved as `instance (Describe Number)` (library/src/foundation/io.wipple:15:1-15:25))
  has type `Number -> ()` (custom-connections.wipple:8:1-8:5)
  is an expression
  resolved to 1 definition(s): `show :: value -> () where (Describe value)` (library/src/foundation/io.wipple:11:1-11:36)

`show (my-if True {123} {456})` (custom-connections.wipple:8:1-8:26) (ExpressionStatement):
  has type `()`

`show (my-if True {123} {456})` (custom-connections.wipple:8:1-8:26) (CallExpression):
  has type `()`
  is an expression

`my-if` (custom-connections.wipple:8:6-8:11) (VariableExpression):
  has type `Boolean {Number} {Number} -> Number` (custom-connections.wipple:8:6-8:11)
  is an expression
  resolved to 1 definition(s): `my-if :: (condition :: Boolean) {(then :: value)} {(else :: value)} -> (output :: value)` (custom-connections.wipple:5:1-5:75)

`my-if True {123} {456}` (custom-connections.wipple:8:6-8:25) (CallExpression):
  has type `Number`
  is an expression

`True` (custom-connections.wipple:8:11-8:15) (ConstructorExpression):
  has type `Boolean`
  is an expression
  resolved to 1 definition(s): `True` (library/src/foundation/logic.wipple:4:1-4:5)

`{123}` (custom-connections.wipple:8:15-8:20) (BlockExpression):
  has type `{Number}` (custom-connections.wipple:8:15-8:20)
  is an expression

`123` (custom-connections.wipple:8:16-8:19) (ExpressionStatement):
  has type `Number`

`123` (custom-connections.wipple:8:16-8:19) (NumberExpression):
  has type `Number`
  is an expression

`{456}` (custom-connections.wipple:8:20-8:25) (BlockExpression):
  has type `{Number}` (custom-connections.wipple:8:20-8:25)
  is an expression

`456` (custom-connections.wipple:8:21-8:24) (ExpressionStatement):
  has type `Number`

`456` (custom-connections.wipple:8:21-8:24) (NumberExpression):
  has type `Number`
  is an expression


Output:
123
