Facts (layer 2):

`Number : type` (TypeDefinition):
  has definition constraints
  has type `Number`
  is a definition

`String : type` (TypeDefinition):
  has definition constraints
  has type `String`
  is a definition

`Add : left right (infer sum) => trait (left right -> sum)` (TraitDefinition):
  has 4 instances
  has definition constraints
  has type `left right -> sum`
  has type parameters
  is a definition

`left` (TypeParameter):
  has type `left`
  is a definition
  is a type
  resolved to 1 definition(s): `left`
  type is annotated

`right` (TypeParameter):
  has type `right`
  is a definition
  is a type
  resolved to 1 definition(s): `right`
  type is annotated

`(infer sum)` (TypeParameter):
  has type `sum`
  is a definition
  is a type
  is inferred type parameter
  resolved to 1 definition(s): `(infer sum)`
  type is annotated

`left` (TypeParameter):
  has type `left`
  is a type
  resolved to 1 definition(s): `left`
  type is annotated

`left right -> sum` (FunctionType):
  has type `left right -> sum`
  is a type
  type is annotated

`right` (TypeParameter):
  has type `right`
  is a type
  resolved to 1 definition(s): `right`
  type is annotated

`sum` (TypeParameter):
  has type `sum`
  is a type
  resolved to 1 definition(s): `(infer sum)`
  type is annotated

`instance (Add Number Number Number)` (InstanceDefinition):
  has definition constraints
  has type `Number Number -> Number`
  is a definition
  resolved to 1 definition(s): `Add : left right (infer sum) => trait (left right -> sum)`

`Number` (NamedType):
  has type `Number`
  is a type
  resolved to 1 definition(s): `Number : type`
  type is annotated

`Number` (NamedType):
  has type `Number`
  is a type
  resolved to 1 definition(s): `Number : type`
  type is annotated

`Number` (NamedType):
  has type `Number`
  is a type
  resolved to 1 definition(s): `Number : type`
  type is annotated

`_` (PlaceholderExpression):
  has type `Number Number -> Number`
  is an expression

`instance (Add String String String)` (InstanceDefinition):
  has definition constraints
  has type `String String -> String`
  is a definition
  resolved to 1 definition(s): `Add : left right (infer sum) => trait (left right -> sum)`

`String` (NamedType):
  has type `String`
  is a type
  resolved to 1 definition(s): `String : type`
  type is annotated

`String` (NamedType):
  has type `String`
  is a type
  resolved to 1 definition(s): `String : type`
  type is annotated

`String` (NamedType):
  has type `String`
  is a type
  resolved to 1 definition(s): `String : type`
  type is annotated

`_` (PlaceholderExpression):
  has type `String String -> String`
  is an expression

`error instance (Add () right sum)` (InstanceDefinition):
  has definition constraints
  has type `() right -> sum`
  has type parameters
  is a definition
  resolved to 1 definition(s): `Add : left right (infer sum) => trait (left right -> sum)`

`()` (UnitType):
  has type `()`
  is a type
  type is annotated

`right` (TypeParameter):
  has type `right`
  is a definition
  is a type
  resolved to 1 definition(s): `right`
  type is annotated

`sum` (TypeParameter):
  has type `sum`
  is a definition
  is a type
  resolved to 1 definition(s): `sum`
  type is annotated

`default error instance (Add left right sum)` (InstanceDefinition):
  has definition constraints
  has type `left right -> sum`
  has type parameters
  is a definition
  resolved to 1 definition(s): `Add : left right (infer sum) => trait (left right -> sum)`

`left` (TypeParameter):
  has type `left`
  is a definition
  is a type
  resolved to 1 definition(s): `left`
  type is annotated

`right` (TypeParameter):
  has type `right`
  is a definition
  is a type
  resolved to 1 definition(s): `right`
  type is annotated

`sum` (TypeParameter):
  has type `sum`
  is a definition
  is a type
  resolved to 1 definition(s): `sum`
  type is annotated

`_` (WildcardPattern):
  has type `Number`
  is a pattern

`_ : 1 + 2` (AssignmentStatement):
  has type `()`

`1` (NumberExpression):
  has type `Number`
  is an expression
  type is annotated

`1 + 2` (OperatorExpression):
  has type `Number`
  is an expression

`1 + 2` (CallExpression):
  has type `Number`
  is an expression

`1 + 2` (ConstructorExpression):
  has bound(s) `Add` `Number` `Number` `Number` (resolved as `instance (Add Number Number Number)`)
  has type `Number Number -> Number`
  is an expression
  resolved to 1 definition(s): `Add : left right (infer sum) => trait (left right -> sum)`

`2` (NumberExpression):
  has type `Number`
  is an expression
  type is annotated

`_` (WildcardPattern):
  has type `String`
  is a pattern

`_ : "a" + "b"` (AssignmentStatement):
  has type `()`

`"a"` (StringExpression):
  has type `String`
  is an expression
  type is annotated

`"a" + "b"` (OperatorExpression):
  has type `String`
  is an expression

`"a" + "b"` (CallExpression):
  has type `String`
  is an expression

`"a" + "b"` (ConstructorExpression):
  has bound(s) `Add` `String` `String` `String` (resolved as `instance (Add String String String)`)
  has type `String String -> String`
  is an expression
  resolved to 1 definition(s): `Add : left right (infer sum) => trait (left right -> sum)`

`"b"` (StringExpression):
  has type `String`
  is an expression
  type is annotated

`_` (WildcardPattern):
  is a pattern
  missing type (group: `_`, `1 + "a"`, `1 + "a"`, `sum`, `sum`, `(infer sum)`, `sum`, `_`, `(infer sum)`, `sum`)

`_ : 1 + "a"` (AssignmentStatement):
  has type `()`

`1` (NumberExpression):
  has type `Number`
  is an expression
  type is annotated

`1 + "a"` (OperatorExpression):
  is an expression
  missing type (group: `_`, `1 + "a"`, `1 + "a"`, `sum`, `sum`, `(infer sum)`, `sum`, `_`, `(infer sum)`, `sum`)

`1 + "a"` (CallExpression):
  is an expression
  missing type (group: `_`, `1 + "a"`, `1 + "a"`, `sum`, `sum`, `(infer sum)`, `sum`, `_`, `(infer sum)`, `sum`)

`1 + "a"` (ConstructorExpression):
  has bound(s) `Add` `Number` `String` `_` (resolved as `default error instance (Add left right sum)`)
  has type `Number String -> _`
  is an expression
  resolved to 1 definition(s): `Add : left right (infer sum) => trait (left right -> sum)`

`"a"` (StringExpression):
  has type `String`
  is an expression
  type is annotated

`_` (WildcardPattern):
  is a pattern
  missing type (group: `_`, `() + 2`, `() + 2`, `sum`, `sum`, `(infer sum)`, `sum`, `_`, `(infer sum)`, `sum`)

`_ : () + 2` (AssignmentStatement):
  has type `()`

`()` (UnitExpression):
  has type `()`
  is an expression

`() + 2` (OperatorExpression):
  is an expression
  missing type (group: `_`, `() + 2`, `() + 2`, `sum`, `sum`, `(infer sum)`, `sum`, `_`, `(infer sum)`, `sum`)

`() + 2` (CallExpression):
  is an expression
  missing type (group: `_`, `() + 2`, `() + 2`, `sum`, `sum`, `(infer sum)`, `sum`, `_`, `(infer sum)`, `sum`)

`() + 2` (ConstructorExpression):
  has bound(s) `Add` `()` `Number` `_` (resolved as `error instance (Add () right sum)`)
  has type `() Number -> _`
  is an expression
  resolved to 1 definition(s): `Add : left right (infer sum) => trait (left right -> sum)`

`2` (NumberExpression):
  has type `Number`
  is an expression
  type is annotated



Feedback:

`() + 2` (error-instance)

  Missing parentheses around the inputs to `+`.

  1. `2`: `2` is a `Number`.

  2. `() + 2`: `() + 2` is a `() Number -> _`.

  3. `1 + 2`: `1 + 2` is a `Number Number -> Number`.

  4. `"a" + "b"`: `"a" + "b"` is a `String String -> String`.

  5. `1 + "a"`: `1 + "a"` is a `Number String -> _`.

  6. `1`: `1` is a `Number`.

  7. `2`: `2` is a `Number`.

  8. `"a"`: `"a"` is a `String`.

  9. `"b"`: `"b"` is a `String`.

  10. `1`: `1` is a `Number`.

  11. `"a"`: `"a"` is a `String`.

  (2 -> error, 2 -> 1, 3 -> 2, 4 -> 2, 4 -> 3, 5 -> 2, 5 -> 3, 5 -> 4, 6 -> 3, 7 -> 3, 8 -> 4, 9 -> 4, 10 -> 5, 11 -> 5)
