Facts (layer 2):

`my-if :: (condition :: Boolean) {(then :: value)} {(else :: value)} -> (output :: value)` (custom-connections.wipple:5:1-5:89) (ConstantDefinition):
  has definition constraints
  has type `Boolean {value} {value} -> value` (custom-connections.wipple:5:10-5:89)
  has type parameters
  is a definition

`(condition :: Boolean) {(then :: value)} {(else :: value)} -> (output :: value)` (custom-connections.wipple:5:10-5:89) (FunctionType):
  has type `Boolean {value} {value} -> value` (custom-connections.wipple:5:10-5:89)
  is a type

`condition :: Boolean` (custom-connections.wipple:5:11-5:31) (TypeParameter):
  has type `Boolean` (custom-connections.wipple:5:24-5:31)
  is a definition
  is a type
  resolved to 1 definition(s): `condition :: Boolean` (custom-connections.wipple:5:11-5:31)

`Boolean` (custom-connections.wipple:5:24-5:31) (NamedType):
  has type `Boolean` (custom-connections.wipple:5:24-5:31)
  is a type
  resolved to 1 definition(s): `Boolean : type {⋯}` (library/src/foundation/logic.wipple:2:1-5:2)

`{(then :: value)}` (custom-connections.wipple:5:33-5:50) (BlockType):
  has type `{value}` (custom-connections.wipple:5:33-5:50)
  is a type

`then :: value` (custom-connections.wipple:5:35-5:48) (TypeParameter):
  has type `value` (custom-connections.wipple:5:43-5:48)
  is a definition
  is a type
  resolved to 1 definition(s): `then :: value` (custom-connections.wipple:5:35-5:48)

`value` (custom-connections.wipple:5:43-5:48) (TypeParameter):
  has type `value` (custom-connections.wipple:5:43-5:48)
  is a definition
  is a type
  resolved to 1 definition(s): `value` (custom-connections.wipple:5:43-5:48)

`{(else :: value)}` (custom-connections.wipple:5:51-5:68) (BlockType):
  has type `{value}` (custom-connections.wipple:5:51-5:68)
  is a type

`else :: value` (custom-connections.wipple:5:53-5:66) (TypeParameter):
  has type `value` (custom-connections.wipple:5:43-5:48)
  is a definition
  is a type
  resolved to 1 definition(s): `else :: value` (custom-connections.wipple:5:53-5:66)

`value` (custom-connections.wipple:5:61-5:66) (TypeParameter):
  has type `value` (custom-connections.wipple:5:43-5:48)
  is a type
  resolved to 1 definition(s): `value` (custom-connections.wipple:5:43-5:48)

`output :: value` (custom-connections.wipple:5:73-5:88) (TypeParameter):
  has type `value` (custom-connections.wipple:5:43-5:48)
  is a definition
  is a type
  resolved to 1 definition(s): `output :: value` (custom-connections.wipple:5:73-5:88)

`value` (custom-connections.wipple:5:83-5:88) (TypeParameter):
  has type `value` (custom-connections.wipple:5:43-5:48)
  is a type
  resolved to 1 definition(s): `value` (custom-connections.wipple:5:43-5:48)

`my-if : if` (custom-connections.wipple:6:1-6:11) (AssignmentStatement):
  has type `()` (custom-connections.wipple:6:1-6:11)

`if` (custom-connections.wipple:6:9-6:11) (VariableExpression):
  has type `Boolean {value} {value} -> value` (custom-connections.wipple:5:10-5:89)
  is an expression
  resolved to 1 definition(s): `if :: (condition :: Boolean) {(then :: value)} {(else :: value)} -> (output :: value)` (library/src/foundation/logic.wipple:12:1-12:86)

`show` (custom-connections.wipple:8:1-8:5) (VariableExpression):
  has bound(s) `Describe` (library/src/foundation/io.wipple:2:1-2:44) `Number` (resolved as `instance (Describe Number)` (library/src/foundation/io.wipple:15:1-15:27))
  has type `Number -> ()` (custom-connections.wipple:8:1-8:5)
  is an expression
  resolved to 1 definition(s): `show :: value -> () where (Describe value)` (library/src/foundation/io.wipple:11:1-11:43)

`show (my-if True {123} {456})` (custom-connections.wipple:8:1-8:30) (ExpressionStatement):
  has type `()`

`show (my-if True {123} {456})` (custom-connections.wipple:8:1-8:30) (CallExpression):
  has type `()`
  is an expression

`my-if` (custom-connections.wipple:8:7-8:12) (VariableExpression):
  has type `Boolean {Number} {Number} -> Number` (custom-connections.wipple:8:7-8:12)
  is an expression
  resolved to 1 definition(s): `my-if :: (condition :: Boolean) {(then :: value)} {(else :: value)} -> (output :: value)` (custom-connections.wipple:5:1-5:89)

`my-if True {123} {456}` (custom-connections.wipple:8:7-8:29) (CallExpression):
  has type `Number`
  is an expression

`True` (custom-connections.wipple:8:13-8:17) (ConstructorExpression):
  has type `Boolean`
  is an expression
  resolved to 1 definition(s): `True` (library/src/foundation/logic.wipple:4:3-4:7)

`{123}` (custom-connections.wipple:8:18-8:23) (BlockExpression):
  has type `{Number}` (custom-connections.wipple:8:18-8:23)
  is an expression

`123` (custom-connections.wipple:8:19-8:22) (ExpressionStatement):
  has type `Number`

`123` (custom-connections.wipple:8:19-8:22) (NumberExpression):
  has type `Number`
  is an expression

`{456}` (custom-connections.wipple:8:24-8:29) (BlockExpression):
  has type `{Number}` (custom-connections.wipple:8:24-8:29)
  is an expression

`456` (custom-connections.wipple:8:25-8:28) (ExpressionStatement):
  has type `Number`

`456` (custom-connections.wipple:8:25-8:28) (NumberExpression):
  has type `Number`
  is an expression


Output:
123
