Facts (layer 2):

`Number : type` (TypeDefinition):
  has definition constraints
  has type `Number`
  is a definition

`String : type` (TypeDefinition):
  has definition constraints
  has type `String`
  is a definition

`Add : left right (infer sum) => trait (left right -> sum)` (TraitDefinition):
  has 4 instances
  has definition constraints
  has type `left right -> sum`
  has type parameters
  is a definition

`left` (TypeParameter):
  has type `left`
  is a definition
  is a type
  resolved to 1 definition(s): `left`

`right` (TypeParameter):
  has type `right`
  is a definition
  is a type
  resolved to 1 definition(s): `right`

`(infer sum)` (TypeParameter):
  has type `sum`
  is a definition
  is a type
  is inferred type parameter
  resolved to 1 definition(s): `(infer sum)`

`left` (TypeParameter):
  has type `left`
  is a type
  resolved to 1 definition(s): `left`

`left right -> sum` (FunctionType):
  has type `left right -> sum`
  is a type

`right` (TypeParameter):
  has type `right`
  is a type
  resolved to 1 definition(s): `right`

`sum` (TypeParameter):
  has type `sum`
  is a type
  resolved to 1 definition(s): `(infer sum)`

`instance (Add Number Number Number)` (InstanceDefinition):
  has definition constraints
  has type `Number Number -> Number`
  is a definition
  resolved to 1 definition(s): `Add : left right (infer sum) => trait (left right -> sum)`

`Number` (NamedType):
  has type `Number`
  is a type
  resolved to 1 definition(s): `Number : type`

`Number` (NamedType):
  has type `Number`
  is a type
  resolved to 1 definition(s): `Number : type`

`Number` (NamedType):
  has type `Number`
  is a type
  resolved to 1 definition(s): `Number : type`

`_` (PlaceholderExpression):
  has type `Number Number -> Number`
  is an expression

`instance (Add String String String)` (InstanceDefinition):
  has definition constraints
  has type `String String -> String`
  is a definition
  resolved to 1 definition(s): `Add : left right (infer sum) => trait (left right -> sum)`

`String` (NamedType):
  has type `String`
  is a type
  resolved to 1 definition(s): `String : type`

`String` (NamedType):
  has type `String`
  is a type
  resolved to 1 definition(s): `String : type`

`String` (NamedType):
  has type `String`
  is a type
  resolved to 1 definition(s): `String : type`

`_` (PlaceholderExpression):
  has type `String String -> String`
  is an expression

`error instance (Add () right sum)` (InstanceDefinition):
  has definition constraints
  has type `() right -> sum`
  has type parameters
  is a definition
  resolved to 1 definition(s): `Add : left right (infer sum) => trait (left right -> sum)`

`()` (UnitType):
  has type `()`
  is a type

`right` (TypeParameter):
  has type `right`
  is a definition
  is a type
  resolved to 1 definition(s): `right`

`sum` (TypeParameter):
  has type `sum`
  is a definition
  is a type
  resolved to 1 definition(s): `sum`

`default error instance (Add left right sum)` (InstanceDefinition):
  has definition constraints
  has type `left right -> sum`
  has type parameters
  is a definition
  resolved to 1 definition(s): `Add : left right (infer sum) => trait (left right -> sum)`

`left` (TypeParameter):
  has type `left`
  is a definition
  is a type
  resolved to 1 definition(s): `left`

`right` (TypeParameter):
  has type `right`
  is a definition
  is a type
  resolved to 1 definition(s): `right`

`sum` (TypeParameter):
  has type `sum`
  is a definition
  is a type
  resolved to 1 definition(s): `sum`

`_` (WildcardPattern):
  has type `Number`
  is a pattern

`_ : 1 + 2` (AssignmentStatement):
  has type `()`

`1` (NumberExpression):
  has type `Number`
  is an expression

`1 + 2` (OperatorExpression):
  has type `Number`
  is an expression

`1 + 2` (CallExpression):
  has type `Number`
  is an expression

`1 + 2` (ConstructorExpression):
  has bound(s) `Add` `Number` `Number` `Number` (resolved as `instance (Add Number Number Number)`)
  has type `Number Number -> Number`
  is an expression
  resolved to 1 definition(s): `Add : left right (infer sum) => trait (left right -> sum)`

`2` (NumberExpression):
  has type `Number`
  is an expression

`_` (WildcardPattern):
  has type `String`
  is a pattern

`_ : "a" + "b"` (AssignmentStatement):
  has type `()`

`"a"` (StringExpression):
  has type `String`
  is an expression

`"a" + "b"` (OperatorExpression):
  has type `String`
  is an expression

`"a" + "b"` (CallExpression):
  has type `String`
  is an expression

`"a" + "b"` (ConstructorExpression):
  has bound(s) `Add` `String` `String` `String` (resolved as `instance (Add String String String)`)
  has type `String String -> String`
  is an expression
  resolved to 1 definition(s): `Add : left right (infer sum) => trait (left right -> sum)`

`"b"` (StringExpression):
  has type `String`
  is an expression

`_` (WildcardPattern):
  is a pattern
  missing type (group: `_`, `1 + "a"`, `1 + "a"`, `_`, `_`, `_`, `_`, `_`, `_`, `_`)

`_ : 1 + "a"` (AssignmentStatement):
  has type `()`

`1` (NumberExpression):
  has type `Number`
  is an expression

`1 + "a"` (OperatorExpression):
  is an expression
  missing type (group: `_`, `1 + "a"`, `1 + "a"`, `_`, `_`, `_`, `_`, `_`, `_`, `_`)

`1 + "a"` (CallExpression):
  is an expression
  missing type (group: `_`, `1 + "a"`, `1 + "a"`, `_`, `_`, `_`, `_`, `_`, `_`, `_`)

`1 + "a"` (ConstructorExpression):
  has bound(s) `Add` `Number` `String` `_` (resolved as `default error instance (Add left right sum)`)
  has type `Number String -> _`
  is an expression
  resolved to 1 definition(s): `Add : left right (infer sum) => trait (left right -> sum)`

`"a"` (StringExpression):
  has type `String`
  is an expression

`_` (WildcardPattern):
  is a pattern
  missing type (group: `_`, `() + 2`, `() + 2`, `_`, `_`, `_`, `_`, `_`, `_`, `_`)

`_ : () + 2` (AssignmentStatement):
  has type `()`

`()` (UnitExpression):
  has type `()`
  is an expression

`() + 2` (OperatorExpression):
  is an expression
  missing type (group: `_`, `() + 2`, `() + 2`, `_`, `_`, `_`, `_`, `_`, `_`, `_`)

`() + 2` (CallExpression):
  is an expression
  missing type (group: `_`, `() + 2`, `() + 2`, `_`, `_`, `_`, `_`, `_`, `_`, `_`)

`() + 2` (ConstructorExpression):
  has bound(s) `Add` `()` `Number` `_` (resolved as `error instance (Add () right sum)`)
  has type `() Number -> _`
  is an expression
  resolved to 1 definition(s): `Add : left right (infer sum) => trait (left right -> sum)`

`2` (NumberExpression):
  has type `Number`
  is an expression



Feedback:

`() + 2` (error-instance)

  Missing parentheses around the inputs to `+`.
  
  -  `_` is `() + 2`.
  
  -  `2` is a `Number`.
  
  -  `() + 2` returns a `_`.
  
  -  `() + 2` requires the instance `Add` `()` `Number` `_`.
