Facts (layer 2):

`Person : type {name :: String}` (destructuring.wipple:1:1-1:26) (TypeDefinition):
  has definition constraints
  has type `Person` (destructuring.wipple:1:1-1:26)
  is a definition

`Person : type {name :: String}` (destructuring.wipple:1:1-1:26) (TypeDefinition):
  has definition constraints
  has type `Person` (destructuring.wipple:1:1-1:26)
  is a definition

`String` (destructuring.wipple:1:19-1:25) (NamedType):
  has type `String` (destructuring.wipple:1:19-1:25)
  is a type
  resolved to 1 definition(s): `String : type` (library/src/foundation/language.wipple:2:12-2:23)

`alice` (destructuring.wipple:3:1-3:6) (VariablePattern):
  has type `Person`
  is a definition
  is a pattern

`alice : Person {name : "Alice"}` (destructuring.wipple:3:1-3:27) (AssignmentStatement):
  has type `()` (destructuring.wipple:3:1-3:27)

`Person {name : "Alice"}` (destructuring.wipple:3:7-3:27) (StructureExpression):
  has type `Person`
  is an expression
  resolved to 1 definition(s): `Person : type {name :: String}` (destructuring.wipple:1:1-1:26)

`"Alice"` (destructuring.wipple:3:19-3:26) (StringExpression):
  has type `String` (destructuring.wipple:3:19-3:26)
  is an expression

`Person {name : name}` (destructuring.wipple:4:1-4:18) (StructurePattern):
  has type `Person`
  is a pattern
  resolved to 1 definition(s): `Person : type {name :: String}` (destructuring.wipple:1:1-1:26)

`Person {name : name} : alice` (destructuring.wipple:4:1-4:24) (AssignmentStatement):
  has type `()` (destructuring.wipple:4:1-4:24)

`name` (destructuring.wipple:4:13-4:17) (VariablePattern):
  has type `String`
  is a definition
  is a pattern

`alice` (destructuring.wipple:4:19-4:24) (VariableExpression):
  has type `Person`
  is an expression
  resolved to 1 definition(s): `alice` (destructuring.wipple:3:1-3:6)

`show` (destructuring.wipple:5:1-5:5) (VariableExpression):
  has bound(s) `Describe` (library/src/foundation/io.wipple:2:1-2:37) `String` (resolved as `instance (Describe String)` (library/src/foundation/io.wipple:14:1-14:25))
  has type `String -> ()` (destructuring.wipple:5:1-5:5)
  is an expression
  resolved to 1 definition(s): `show :: value -> () where (Describe value)` (library/src/foundation/io.wipple:11:1-11:36)

`show name` (destructuring.wipple:5:1-5:9) (ExpressionStatement):
  has type `()`

`show name` (destructuring.wipple:5:1-5:9) (CallExpression):
  has type `()`
  is an expression

`name` (destructuring.wipple:5:5-5:9) (VariableExpression):
  has type `String`
  is an expression
  resolved to 1 definition(s): `name` (destructuring.wipple:4:13-4:17)

`get-name :: Person -> String` (destructuring.wipple:7:1-7:25) (ConstantDefinition):
  has definition constraints
  has type `Person -> String` (destructuring.wipple:7:11-7:25)
  is a definition

`Person` (destructuring.wipple:7:11-7:17) (NamedType):
  has type `Person` (destructuring.wipple:7:11-7:17)
  is a type
  resolved to 1 definition(s): `Person : type {name :: String}` (destructuring.wipple:1:1-1:26)

`Person -> String` (destructuring.wipple:7:11-7:25) (FunctionType):
  has type `Person -> String` (destructuring.wipple:7:11-7:25)
  is a type

`String` (destructuring.wipple:7:19-7:25) (NamedType):
  has type `String` (destructuring.wipple:7:19-7:25)
  is a type
  resolved to 1 definition(s): `String : type` (library/src/foundation/language.wipple:2:12-2:23)

`get-name : (Person {name : name}) -> name` (destructuring.wipple:8:1-8:35) (AssignmentStatement):
  has type `()` (destructuring.wipple:8:1-8:35)

`(Person {name : name}) -> name` (destructuring.wipple:8:10-8:35) (FunctionExpression):
  has type `Person -> String` (destructuring.wipple:7:11-7:25)
  is an expression

`Person {name : name}` (destructuring.wipple:8:11-8:28) (StructurePattern):
  has type `Person` (destructuring.wipple:7:11-7:17)
  is a pattern
  resolved to 1 definition(s): `Person : type {name :: String}` (destructuring.wipple:1:1-1:26)

`name` (destructuring.wipple:8:23-8:27) (VariablePattern):
  has type `String` (destructuring.wipple:7:19-7:25)
  is a definition
  is a pattern

`name` (destructuring.wipple:8:31-8:35) (VariableExpression):
  has type `String` (destructuring.wipple:7:19-7:25)
  is an expression
  resolved to 1 definition(s): `name` (destructuring.wipple:8:23-8:27)

`bob` (destructuring.wipple:10:1-10:4) (VariablePattern):
  has type `Person`
  is a definition
  is a pattern

`bob : Person {name : "Bob"}` (destructuring.wipple:10:1-10:23) (AssignmentStatement):
  has type `()` (destructuring.wipple:10:1-10:23)

`Person {name : "Bob"}` (destructuring.wipple:10:5-10:23) (StructureExpression):
  has type `Person`
  is an expression
  resolved to 1 definition(s): `Person : type {name :: String}` (destructuring.wipple:1:1-1:26)

`"Bob"` (destructuring.wipple:10:17-10:22) (StringExpression):
  has type `String` (destructuring.wipple:10:17-10:22)
  is an expression

`show` (destructuring.wipple:11:1-11:5) (VariableExpression):
  has bound(s) `Describe` (library/src/foundation/io.wipple:2:1-2:37) `String` (resolved as `instance (Describe String)` (library/src/foundation/io.wipple:14:1-14:25))
  has type `String -> ()` (destructuring.wipple:11:1-11:5)
  is an expression
  resolved to 1 definition(s): `show :: value -> () where (Describe value)` (library/src/foundation/io.wipple:11:1-11:36)

`show (get-name bob)` (destructuring.wipple:11:1-11:18) (ExpressionStatement):
  has type `()`

`show (get-name bob)` (destructuring.wipple:11:1-11:18) (CallExpression):
  has type `()`
  is an expression

`get-name` (destructuring.wipple:11:6-11:14) (VariableExpression):
  has type `Person -> String` (destructuring.wipple:11:6-11:14)
  is an expression
  resolved to 1 definition(s): `get-name :: Person -> String` (destructuring.wipple:7:1-7:25)

`get-name bob` (destructuring.wipple:11:6-11:17) (CallExpression):
  has type `String`
  is an expression

`bob` (destructuring.wipple:11:14-11:17) (VariableExpression):
  has type `Person`
  is an expression
  resolved to 1 definition(s): `bob` (destructuring.wipple:10:1-10:4)

`instance (Describe Person)` (destructuring.wipple:13:1-13:25) (InstanceDefinition):
  has definition constraints
  has type `Person -> String` (destructuring.wipple:13:26-13:51)
  is a definition
  resolved to 1 definition(s): `Describe : value => trait (value -> String)` (library/src/foundation/io.wipple:2:1-2:37)

`Person` (destructuring.wipple:13:18-13:24) (NamedType):
  has type `Person` (destructuring.wipple:13:18-13:24)
  is a type
  resolved to 1 definition(s): `Person : type {name :: String}` (destructuring.wipple:1:1-1:26)

`(Person {name : name}) -> name` (destructuring.wipple:13:26-13:51) (FunctionExpression):
  has type `Person -> String` (destructuring.wipple:13:26-13:51)
  is an expression

`Person {name : name}` (destructuring.wipple:13:27-13:44) (StructurePattern):
  has type `Person` (destructuring.wipple:13:18-13:24)
  is a pattern
  resolved to 1 definition(s): `Person : type {name :: String}` (destructuring.wipple:1:1-1:26)

`name` (destructuring.wipple:13:39-13:43) (VariablePattern):
  has type `String`
  is a definition
  is a pattern

`name` (destructuring.wipple:13:47-13:51) (VariableExpression):
  has type `String`
  is an expression
  resolved to 1 definition(s): `name` (destructuring.wipple:13:39-13:43)

`charlie` (destructuring.wipple:15:1-15:8) (VariablePattern):
  has type `Person`
  is a definition
  is a pattern

`charlie : Person {name : "Charlie"}` (destructuring.wipple:15:1-15:31) (AssignmentStatement):
  has type `()` (destructuring.wipple:15:1-15:31)

`Person {name : "Charlie"}` (destructuring.wipple:15:9-15:31) (StructureExpression):
  has type `Person`
  is an expression
  resolved to 1 definition(s): `Person : type {name :: String}` (destructuring.wipple:1:1-1:26)

`"Charlie"` (destructuring.wipple:15:21-15:30) (StringExpression):
  has type `String` (destructuring.wipple:15:21-15:30)
  is an expression

`show` (destructuring.wipple:16:1-16:5) (VariableExpression):
  has bound(s) `Describe` (library/src/foundation/io.wipple:2:1-2:37) `Person` (resolved as `instance (Describe Person)` (destructuring.wipple:13:1-13:25))
  has type `Person -> ()` (destructuring.wipple:16:1-16:5)
  is an expression
  resolved to 1 definition(s): `show :: value -> () where (Describe value)` (library/src/foundation/io.wipple:11:1-11:36)

`show charlie` (destructuring.wipple:16:1-16:12) (ExpressionStatement):
  has type `()`

`show charlie` (destructuring.wipple:16:1-16:12) (CallExpression):
  has type `()`
  is an expression

`charlie` (destructuring.wipple:16:5-16:12) (VariableExpression):
  has type `Person`
  is an expression
  resolved to 1 definition(s): `charlie` (destructuring.wipple:15:1-15:8)

`Describe : value => trait (value -> String)` (library/src/foundation/io.wipple:2:1-2:37) (TraitDefinition):
  has 6 instances
  has definition constraints
  has type `value -> String` (library/src/foundation/io.wipple:2:23-2:36)
  has type parameters
  is a definition

`value` (library/src/foundation/io.wipple:2:10-2:15) (TypeParameter):
  has type `value` (library/src/foundation/io.wipple:2:10-2:15)
  is a definition
  is a type
  resolved to 1 definition(s): `value` (library/src/foundation/io.wipple:2:10-2:15)

`value` (library/src/foundation/io.wipple:2:23-2:28) (TypeParameter):
  has type `value` (library/src/foundation/io.wipple:2:10-2:15)
  is a type
  resolved to 1 definition(s): `value` (library/src/foundation/io.wipple:2:10-2:15)

`value -> String` (library/src/foundation/io.wipple:2:23-2:36) (FunctionType):
  has type `value -> String` (library/src/foundation/io.wipple:2:23-2:36)
  is a type


Output:
Alice
Bob
Charlie
