Facts (layer 2):

`list` (VariablePattern):
  has type `List String`
  is a definition
  is a pattern

`list : "a", "b", "c"` (AssignmentStatement):
  has type `()`

`"a"` (VisitAs):
  has type `String`
  is an expression
  type is annotated

`"a", "b", "c"` (CollectionExpression):
  has type `List String`
  is an expression

`"b"` (VisitAs):
  has type `String`
  is an expression
  type is annotated

`"c"` (VisitAs):
  has type `String`
  is an expression
  type is annotated

`list` (VisitAs):
  has type `List String`
  is an expression
  resolved to 1 definition(s): `list`
  type is annotated

`list . enumerate` (VisitAs):
  has type `Sequence (Number; String)`
  is an expression

`list . enumerate . each ((n; c) -> show ("_: _" n c))` (ExpressionStatement):
  has type `()`

`list . enumerate . each ((n; c) -> show ("_: _" n c))` (OperatorExpression):
  has type `()`
  is an expression

`enumerate` (CallExpression):
  has type `Sequence (Number; String)`
  is an expression

`enumerate` (VisitAs):
  has bound(s) `As-Sequence` `(List String)` `String` (resolved as `instance (As-Sequence (List element) element)`)
  has type `(List String) -> Sequence (Number; String)`
  is an expression
  resolved to 1 definition(s): `enumerate :: collection -> Sequence (Number; element) where (As-Sequence collection element)`

`each` (VariableExpression):
  has bound(s) `As-Sequence` `(Sequence (Number; String))` `(Number; String)` (resolved as `instance (As-Sequence (Sequence element) element)`)
  has type `((Number; String) -> ()) -> (Sequence (Number; String)) -> ()`
  is an expression
  resolved to 1 definition(s): `each :: (action :: (element -> ())) -> container -> () where (As-Sequence container element)`

`each ((n; c) -> show ("_: _" n c))` (CallExpression):
  has type `()`
  is an expression

`each ((n; c) -> show ("_: _" n c))` (VisitAs):
  has type `(Sequence (Number; String)) -> ()`
  is an expression

`(n; c) -> show ("_: _" n c)` (FunctionExpression):
  has type `(Number; String) -> ()`
  is an expression

`n` (VariablePattern):
  has type `Number`
  is a definition
  is a pattern

`n; c` (TuplePattern):
  has type `(Number; String)`
  is a pattern

`c` (VariablePattern):
  has type `String`
  is a definition
  is a pattern

`show` (VariableExpression):
  has bound(s) `Describe` `String` (resolved as `instance (Describe String)`)
  has type `String -> ()`
  is an expression
  resolved to 1 definition(s): `show :: value -> () where (Describe value)`

`show ("_: _" n c)` (CallExpression):
  has type `()`
  is an expression

`"_: _" n c` (FormatExpression):
  has type `String`
  is an expression

`"_: _" n c` (NamedType):
  has type `String`
  is a type
  resolved to 1 definition(s): `String : type`
  type is annotated

`"_: _" n c` (ConstructorExpression):
  has bound(s) `Describe` `Number` (resolved as `instance (Describe Number)`)
  has type `Number -> String`
  is an expression
  resolved to 1 definition(s): `Describe : value => trait (value -> String)`

`"_: _" n c` (ConstructorExpression):
  has bound(s) `Describe` `String` (resolved as `instance (Describe String)`)
  has type `String -> String`
  is an expression
  resolved to 1 definition(s): `Describe : value => trait (value -> String)`

`n` (VariableExpression):
  has type `Number`
  is an expression
  resolved to 1 definition(s): `n`
  type is annotated

`c` (VariableExpression):
  has type `String`
  is an expression
  resolved to 1 definition(s): `c`
  type is annotated


Output:
