Facts (layer 2):

`f` (ConstantDefinition):
  grouped with `value -> value`, `x -> x`
  has definition constraints
  has type `value -> value`
  has type parameters
  is a definition

`value` (TypeParameter):
  grouped with `value`, `x`
  has type `value`
  is a definition
  is a type
  resolved to 1 definition(s): `value`

`value -> value` (FunctionType):
  grouped with `f`
  has type `value -> value`
  is a type

`value` (TypeParameter):
  grouped with `value`, `x`
  has type `value`
  is a type
  resolved to 1 definition(s): `value`
  resolved to type parameter `value`

`f : x -> x` (AssignmentStatement):
  has type `()`

`x` (VariablePattern):
  grouped with `x`, `value`
  has type `value`
  is a definition
  is a pattern

`x -> x` (FunctionExpression):
  grouped with `f`
  has type `value -> value`
  is an expression

`x` (VariableExpression):
  grouped with `x`, `value`
  has type `value`
  is an expression
  resolved to 1 definition(s): `x`

`g` (ConstantDefinition):
  grouped with `value -> value`, `x -> f x`
  has definition constraints
  has type `value -> value`
  has type parameters
  is a definition

`value` (TypeParameter):
  grouped with `value`, `x`
  has type `value`
  is a definition
  is a type
  resolved to 1 definition(s): `value`

`value -> value` (FunctionType):
  grouped with `g`
  has type `value -> value`
  is a type

`value` (TypeParameter):
  grouped with `value`, `f x`
  has type `value`
  is a type
  resolved to 1 definition(s): `value`
  resolved to type parameter `value`

`g : x -> f x` (AssignmentStatement):
  has type `()`

`x` (VariablePattern):
  grouped with `x`, `value`
  has type `value`
  is a definition
  is a pattern

`x -> f x` (FunctionExpression):
  grouped with `g`
  has type `value -> value`
  is an expression

`f` (VariableExpression):
  grouped with `value -> value`
  has type `value -> value`
  is an expression
  resolved to 1 definition(s): `f`

`f x` (CallExpression):
  grouped with `value`, `value`
  has type `value`
  is an expression

`x` (VariableExpression):
  grouped with `x`, `value`
  has type `value`
  is an expression
  resolved to 1 definition(s): `x`

`_` (WildcardPattern):
  grouped with `g 42`, `g 42`
  has type `Number`
  is a pattern

`_ : g 42` (AssignmentStatement):
  has type `()`

`g` (VariableExpression):
  grouped with `value -> value`
  has type `Number -> Number`
  is an expression
  resolved to 1 definition(s): `g`

`g 42` (CallExpression):
  grouped with `value`, `_`, `_`
  has type `Number`
  is an expression

`42` (NumberExpression):
  grouped with `42`, `value`
  has type `Number`
  is an expression


Output:
