Facts (layer 2):

`Foo : value => type {inner :: value}` (generic-type.wipple:1:1-1:37) (TypeDefinition):
  has definition constraints
  has type `Foo value` (generic-type.wipple:1:1-1:37)
  has type parameters
  is a definition

`Foo : value => type {inner :: value}` (generic-type.wipple:1:1-1:37) (TypeDefinition):
  has definition constraints
  has type `Foo value` (generic-type.wipple:1:1-1:37)
  is a definition

`value` (generic-type.wipple:1:7-1:12) (TypeParameter):
  has type `value` (generic-type.wipple:1:7-1:12)
  is a definition
  is a type
  resolved to 1 definition(s): `value` (generic-type.wipple:1:7-1:12)

`value` (generic-type.wipple:1:31-1:36) (TypeParameter):
  has type `value` (generic-type.wipple:1:7-1:12)
  is a type
  resolved to 1 definition(s): `value` (generic-type.wipple:1:7-1:12)

`foo` (generic-type.wipple:3:1-3:4) (VariablePattern):
  has type `Foo String`
  is a definition
  is a pattern

`foo : Foo {inner : "Hello, world!"}` (generic-type.wipple:3:1-3:36) (AssignmentStatement):
  has type `()` (generic-type.wipple:3:1-3:36)

`Foo {inner : "Hello, world!"}` (generic-type.wipple:3:7-3:36) (StructureExpression):
  has type `Foo String`
  is an expression
  resolved to 1 definition(s): `Foo : value => type {inner :: value}` (generic-type.wipple:1:1-1:37)

`"Hello, world!"` (generic-type.wipple:3:20-3:35) (StringExpression):
  has type `String`
  is an expression

`Foo {inner : inner}` (generic-type.wipple:5:1-5:20) (StructurePattern):
  has type `Foo String`
  is a pattern
  resolved to 1 definition(s): `Foo : value => type {inner :: value}` (generic-type.wipple:1:1-1:37)

`Foo {inner : inner} : foo` (generic-type.wipple:5:1-5:26) (AssignmentStatement):
  has type `()` (generic-type.wipple:5:1-5:26)

`inner` (generic-type.wipple:5:14-5:19) (VariablePattern):
  has type `String`
  is a definition
  is a pattern

`foo` (generic-type.wipple:5:23-5:26) (VariableExpression):
  has type `Foo String`
  is an expression
  resolved to 1 definition(s): `foo` (generic-type.wipple:3:1-3:4)

`show` (generic-type.wipple:6:1-6:5) (VariableExpression):
  has bound(s) `Describe` (library/src/foundation/io.wipple:2:1-2:44) `String` (resolved as `instance (Describe String)` (library/src/foundation/io.wipple:14:1-14:27))
  has type `String -> ()` (generic-type.wipple:6:1-6:5)
  is an expression
  resolved to 1 definition(s): `show :: value -> () where (Describe value)` (library/src/foundation/io.wipple:11:1-11:43)

`show inner` (generic-type.wipple:6:1-6:11) (ExpressionStatement):
  has type `()`

`show inner` (generic-type.wipple:6:1-6:11) (CallExpression):
  has type `()`
  is an expression

`inner` (generic-type.wipple:6:6-6:11) (VariableExpression):
  has type `String`
  is an expression
  resolved to 1 definition(s): `inner` (generic-type.wipple:5:14-5:19)


Output:
Hello, world!
