Facts (layer 2):

`Number : type` (TypeDefinition):
  has definition constraints
  has type `Number`
  is a definition

`String : type` (TypeDefinition):
  has definition constraints
  has type `String`
  is a definition

`Add : left right sum => trait (left right -> sum)` (TraitDefinition):
  has 2 instances
  has definition constraints
  has type `left right -> sum`
  has type parameters
  is a definition

`left` (TypeParameter):
  has type `left`
  is a definition
  is a type
  resolved to 1 definition(s): `left`

`right` (TypeParameter):
  has type `right`
  is a definition
  is a type
  resolved to 1 definition(s): `right`

`sum` (TypeParameter):
  has type `sum`
  is a definition
  is a type
  resolved to 1 definition(s): `sum`

`left` (TypeParameter):
  has type `left`
  is a type
  resolved to 1 definition(s): `left`

`left right -> sum` (FunctionType):
  has type `left right -> sum`
  is a type

`right` (TypeParameter):
  has type `right`
  is a type
  resolved to 1 definition(s): `right`

`sum` (TypeParameter):
  has type `sum`
  is a type
  resolved to 1 definition(s): `sum`

`instance (Add Number Number Number)` (InstanceDefinition):
  has definition constraints
  has type `Number Number -> Number`
  is a definition
  resolved to 1 definition(s): `Add : left right sum => trait (left right -> sum)`

`Number` (NamedType):
  has type `Number`
  is a type
  resolved to 1 definition(s): `Number : type`

`Number` (NamedType):
  has type `Number`
  is a type
  resolved to 1 definition(s): `Number : type`

`Number` (NamedType):
  has type `Number`
  is a type
  resolved to 1 definition(s): `Number : type`

`_` (PlaceholderExpression):
  has type `Number Number -> Number`
  is an expression

`instance (Add String String String)` (InstanceDefinition):
  has definition constraints
  has type `String String -> String`
  is a definition
  resolved to 1 definition(s): `Add : left right sum => trait (left right -> sum)`

`String` (NamedType):
  has type `String`
  is a type
  resolved to 1 definition(s): `String : type`

`String` (NamedType):
  has type `String`
  is a type
  resolved to 1 definition(s): `String : type`

`String` (NamedType):
  has type `String`
  is a type
  resolved to 1 definition(s): `String : type`

`_` (PlaceholderExpression):
  has type `String String -> String`
  is an expression

`add :: left right -> sum where (Add left right sum)` (ConstantDefinition):
  has definition constraints
  has type `left right -> sum`
  has type parameters
  is a definition

`left` (TypeParameter):
  has type `left`
  is a definition
  is a type
  resolved to 1 definition(s): `left`

`left right -> sum` (FunctionType):
  has type `left right -> sum`
  is a type

`right` (TypeParameter):
  has type `right`
  is a definition
  is a type
  resolved to 1 definition(s): `right`

`sum` (TypeParameter):
  has type `sum`
  is a definition
  is a type
  resolved to 1 definition(s): `sum`

`(Add left right sum)` (BoundConstraint):
  has bound(s) `Add` `left` `right` `sum` (resolved as `(Add left right sum)`)
  is a constraint
  resolved to 1 definition(s): `Add : left right sum => trait (left right -> sum)`

`left` (TypeParameter):
  has type `left`
  is a type
  resolved to 1 definition(s): `left`

`right` (TypeParameter):
  has type `right`
  is a type
  resolved to 1 definition(s): `right`

`sum` (TypeParameter):
  has type `sum`
  is a type
  resolved to 1 definition(s): `sum`

`add : _` (AssignmentStatement):
  has type `()`

`_` (PlaceholderExpression):
  has type `left right -> sum`
  is an expression

`_` (WildcardPattern):
  has type `String`
  is a pattern

`_ : (add 1 2 :: String)` (AssignmentStatement):
  has type `()`

`add` (VariableExpression):
  has bound(s) `Add` `Number` `Number` `String` (unresolved)
  has type `Number Number -> String`
  is an expression
  resolved to 1 definition(s): `add :: left right -> sum where (Add left right sum)`

`add 1 2` (CallExpression):
  has type `String`
  is an expression

`1` (NumberExpression):
  has type `Number`
  is an expression

`2` (NumberExpression):
  has type `Number`
  is an expression

`String` (NamedType):
  has type `String`
  is a type
  resolved to 1 definition(s): `String : type`

`Add-Infer : left right (infer sum) => trait (left right -> sum)` (TraitDefinition):
  has 2 instances
  has definition constraints
  has type `left right -> sum`
  has type parameters
  is a definition

`left` (TypeParameter):
  has type `left`
  is a definition
  is a type
  resolved to 1 definition(s): `left`

`right` (TypeParameter):
  has type `right`
  is a definition
  is a type
  resolved to 1 definition(s): `right`

`(infer sum)` (TypeParameter):
  has type `sum`
  is a definition
  is a type
  is inferred type parameter
  resolved to 1 definition(s): `(infer sum)`

`left` (TypeParameter):
  has type `left`
  is a type
  resolved to 1 definition(s): `left`

`left right -> sum` (FunctionType):
  has type `left right -> sum`
  is a type

`right` (TypeParameter):
  has type `right`
  is a type
  resolved to 1 definition(s): `right`

`sum` (TypeParameter):
  has type `sum`
  is a type
  resolved to 1 definition(s): `(infer sum)`

`instance (Add-Infer Number Number Number)` (InstanceDefinition):
  has definition constraints
  has type `Number Number -> Number`
  is a definition
  resolved to 1 definition(s): `Add-Infer : left right (infer sum) => trait (left right -> sum)`

`Number` (NamedType):
  has type `Number`
  is a type
  resolved to 1 definition(s): `Number : type`

`Number` (NamedType):
  has type `Number`
  is a type
  resolved to 1 definition(s): `Number : type`

`Number` (NamedType):
  has type `Number`
  is a type
  resolved to 1 definition(s): `Number : type`

`_` (PlaceholderExpression):
  has type `Number Number -> Number`
  is an expression

`instance (Add-Infer String String String)` (InstanceDefinition):
  has definition constraints
  has type `String String -> String`
  is a definition
  resolved to 1 definition(s): `Add-Infer : left right (infer sum) => trait (left right -> sum)`

`String` (NamedType):
  has type `String`
  is a type
  resolved to 1 definition(s): `String : type`

`String` (NamedType):
  has type `String`
  is a type
  resolved to 1 definition(s): `String : type`

`String` (NamedType):
  has type `String`
  is a type
  resolved to 1 definition(s): `String : type`

`_` (PlaceholderExpression):
  has type `String String -> String`
  is an expression

`add-infer :: left right -> sum where (Add-Infer left right sum)` (ConstantDefinition):
  has definition constraints
  has type `left right -> sum`
  has type parameters
  is a definition

`left` (TypeParameter):
  has type `left`
  is a definition
  is a type
  resolved to 1 definition(s): `left`

`left right -> sum` (FunctionType):
  has type `left right -> sum`
  is a type

`right` (TypeParameter):
  has type `right`
  is a definition
  is a type
  resolved to 1 definition(s): `right`

`sum` (TypeParameter):
  has type `sum`
  is a definition
  is a type
  resolved to 1 definition(s): `sum`

`(Add-Infer left right sum)` (BoundConstraint):
  has bound(s) `Add-Infer` `left` `right` `sum` (resolved as `(Add-Infer left right sum)`)
  is a constraint
  resolved to 1 definition(s): `Add-Infer : left right (infer sum) => trait (left right -> sum)`

`left` (TypeParameter):
  has type `left`
  is a type
  resolved to 1 definition(s): `left`

`right` (TypeParameter):
  has type `right`
  is a type
  resolved to 1 definition(s): `right`

`sum` (TypeParameter):
  has type `sum`
  is a type
  resolved to 1 definition(s): `sum`

`add-infer : _` (AssignmentStatement):
  has type `()`

`_` (PlaceholderExpression):
  has type `left right -> sum`
  is an expression

`output` (VariablePattern):
  has type `Number` or `String`
  is a definition
  is a pattern

`output : (add-infer 1 2 :: String)` (AssignmentStatement):
  has type `()`

`add-infer` (VariableExpression):
  has bound(s) `Add-Infer` `Number` `Number` (`Number` or `String`) (resolved as `instance (Add-Infer Number Number Number)`)
  has type `Number Number -> Number`
  is an expression
  resolved to 1 definition(s): `add-infer :: left right -> sum where (Add-Infer left right sum)`

`add-infer 1 2` (CallExpression):
  has type `Number` or `String`
  is an expression

`1` (NumberExpression):
  has type `Number`
  is an expression

`2` (NumberExpression):
  has type `Number`
  is an expression

`String` (NamedType):
  has type `Number` or `String`
  is a type
  resolved to 1 definition(s): `String : type`



Feedback:

`output` (conflicting-types)

  `output` is a `Number` or a `String`, but it can only be one of these.
  
  `output` must be the same type as `add-infer 1 2`, `add-infer 1 2 :: String`, and `String`; double-check these.
  
  -  `add-infer` is a `left right -> sum`.
  
  -  `add-infer 1 2` was annotated with the type `String`.
  
  -  `1` is a `Number`.
  
  -  `2` is a `Number`.


`add-infer 1 2` (conflicting-types)

  `add-infer 1 2` is a `Number` or a `String`, but it can only be one of these.
  
  `add-infer 1 2` must be the same type as `output`, `add-infer 1 2 :: String`, and `String`; double-check these.
  
  -  `add-infer` is a `left right -> sum`.
  
  -  `add-infer 1 2` was annotated with the type `String`.
  
  -  `1` is a `Number`.
  
  -  `2` is a `Number`.


`add-infer 1 2 :: String` (conflicting-types)

  `add-infer 1 2 :: String` is a `Number` or a `String`, but it can only be one of these.
  
  `add-infer 1 2 :: String` must be the same type as `output`, `add-infer 1 2`, and `String`; double-check these.
  
  -  `add-infer` is a `left right -> sum`.
  
  -  `add-infer 1 2` was annotated with the type `String`.
  
  -  `1` is a `Number`.
  
  -  `2` is a `Number`.


`String` (conflicting-types)

  `String` is a `Number` or a `String`, but it can only be one of these.
  
  `String` must be the same type as `output`, `add-infer 1 2`, and `add-infer 1 2 :: String`; double-check these.
  
  -  `add-infer` is a `left right -> sum`.
  
  -  `add-infer 1 2` was annotated with the type `String`.
  
  -  `1` is a `Number`.
  
  -  `2` is a `Number`.
