Facts (layer 2):

`Linked-List : value => type {⋯}` (linked-list.wipple:1:1-4:2) (TypeDefinition):
  has definition constraints
  has type `Linked-List value` (linked-list.wipple:1:1-4:2)
  has type parameters
  is a definition

`value` (linked-list.wipple:1:13-1:18) (TypeParameter):
  has type `value` (linked-list.wipple:1:13-1:18)
  is a definition
  is a type
  resolved to 1 definition(s): `value` (linked-list.wipple:1:13-1:18)

`Nil` (linked-list.wipple:2:1-2:4) (VariantDefinition):
  has definition constraints
  has type `Linked-List value` (linked-list.wipple:1:1-4:2)
  is a definition

`Cons value (Linked-List value)` (linked-list.wipple:3:1-3:28) (VariantDefinition):
  has definition constraints
  has type `value (Linked-List value) -> Linked-List value` (linked-list.wipple:3:1-3:28)
  is a definition

`value` (linked-list.wipple:3:5-3:10) (TypeParameter):
  has type `value` (linked-list.wipple:1:13-1:18)
  is a type
  resolved to 1 definition(s): `value` (linked-list.wipple:1:13-1:18)

`Linked-List value` (linked-list.wipple:3:11-3:27) (NamedType):
  has type `Linked-List value` (linked-list.wipple:3:11-3:27)
  is a type
  resolved to 1 definition(s): `Linked-List : value => type {⋯}` (linked-list.wipple:1:1-4:2)

`value` (linked-list.wipple:3:22-3:27) (TypeParameter):
  has type `value` (linked-list.wipple:1:13-1:18)
  is a type
  resolved to 1 definition(s): `value` (linked-list.wipple:1:13-1:18)

`reduce-linked-list :: (value result -> result) result (Linked-List value) -> result` (linked-list.wipple:6:1-6:74) (ConstantDefinition):
  has definition constraints
  has type `(value result -> result) result (Linked-List value) -> result` (linked-list.wipple:6:21-6:74)
  has type parameters
  is a definition

`(value result -> result) result (Linked-List value) -> result` (linked-list.wipple:6:21-6:74) (FunctionType):
  has type `(value result -> result) result (Linked-List value) -> result` (linked-list.wipple:6:21-6:74)
  is a type

`value` (linked-list.wipple:6:22-6:27) (TypeParameter):
  has type `value` (linked-list.wipple:6:22-6:27)
  is a definition
  is a type
  resolved to 1 definition(s): `value` (linked-list.wipple:6:22-6:27)

`value result -> result` (linked-list.wipple:6:22-6:41) (FunctionType):
  has type `value result -> result` (linked-list.wipple:6:22-6:41)
  is a type

`result` (linked-list.wipple:6:27-6:33) (TypeParameter):
  has type `result` (linked-list.wipple:6:27-6:33)
  is a definition
  is a type
  resolved to 1 definition(s): `result` (linked-list.wipple:6:27-6:33)

`result` (linked-list.wipple:6:35-6:41) (TypeParameter):
  has type `result` (linked-list.wipple:6:27-6:33)
  is a type
  resolved to 1 definition(s): `result` (linked-list.wipple:6:27-6:33)

`result` (linked-list.wipple:6:42-6:48) (TypeParameter):
  has type `result` (linked-list.wipple:6:27-6:33)
  is a type
  resolved to 1 definition(s): `result` (linked-list.wipple:6:27-6:33)

`Linked-List value` (linked-list.wipple:6:49-6:65) (NamedType):
  has type `Linked-List value` (linked-list.wipple:6:49-6:65)
  is a type
  resolved to 1 definition(s): `Linked-List : value => type {⋯}` (linked-list.wipple:1:1-4:2)

`value` (linked-list.wipple:6:60-6:65) (TypeParameter):
  has type `value` (linked-list.wipple:6:22-6:27)
  is a type
  resolved to 1 definition(s): `value` (linked-list.wipple:6:22-6:27)

`result` (linked-list.wipple:6:68-6:74) (TypeParameter):
  has type `result` (linked-list.wipple:6:27-6:33)
  is a type
  resolved to 1 definition(s): `result` (linked-list.wipple:6:27-6:33)

`reduce-linked-list : f result l -> when l {⋯}` (linked-list.wipple:7:1-10:2) (AssignmentStatement):
  has type `()` (linked-list.wipple:7:1-10:2)

`f` (linked-list.wipple:7:20-7:21) (VariablePattern):
  has type `value result -> result` (linked-list.wipple:6:22-6:41)
  is a definition
  is a pattern

`f result l -> when l {⋯}` (linked-list.wipple:7:20-10:2) (FunctionExpression):
  has type `(value result -> result) result (Linked-List value) -> result` (linked-list.wipple:6:21-6:74)
  is an expression

`result` (linked-list.wipple:7:21-7:27) (VariablePattern):
  has type `result` (linked-list.wipple:6:27-6:33)
  is a definition
  is a pattern

`l` (linked-list.wipple:7:27-7:28) (VariablePattern):
  has type `Linked-List value` (linked-list.wipple:6:49-6:65)
  is a definition
  is a pattern

`when l {⋯}` (linked-list.wipple:7:30-10:2) (WhenExpression):
  has type `result` (linked-list.wipple:6:27-6:33)
  is an expression

`l` (linked-list.wipple:7:34-7:35) (VariableExpression):
  has type `Linked-List value` (linked-list.wipple:6:49-6:65)
  is an expression
  resolved to 1 definition(s): `l` (linked-list.wipple:7:27-7:28)

`Nil` (linked-list.wipple:8:1-8:4) (ConstructorPattern):
  captures `result` (linked-list.wipple:7:21-7:27)
  has type `Linked-List value` (linked-list.wipple:6:49-6:65)
  is a pattern
  resolved to 1 definition(s): `Nil` (linked-list.wipple:2:1-2:4)

`result` (linked-list.wipple:8:6-8:12) (VariableExpression):
  has type `result` (linked-list.wipple:6:27-6:33)
  is an expression
  resolved to 1 definition(s): `result` (linked-list.wipple:7:21-7:27)

`Cons x rest` (linked-list.wipple:9:2-9:11) (ConstructorPattern):
  captures `f` (linked-list.wipple:7:20-7:21), `result` (linked-list.wipple:7:21-7:27)
  has type `Linked-List value` (linked-list.wipple:6:49-6:65)
  is a pattern
  resolved to 1 definition(s): `Cons value (Linked-List value)` (linked-list.wipple:3:1-3:28)

`x` (linked-list.wipple:9:6-9:7) (VariablePattern):
  has type `value` (linked-list.wipple:6:22-6:27)
  is a definition
  is a pattern

`rest` (linked-list.wipple:9:7-9:11) (VariablePattern):
  has type `Linked-List value`
  is a definition
  is a pattern

`reduce-linked-list` (linked-list.wipple:9:14-9:32) (VariableExpression):
  has type `(value result -> result) result (Linked-List value) -> result` (linked-list.wipple:9:14-9:32)
  is an expression
  resolved to 1 definition(s): `reduce-linked-list :: (value result -> result) result (Linked-List value) -> result` (linked-list.wipple:6:1-6:74)

`reduce-linked-list f (f x result) rest` (linked-list.wipple:9:14-9:47) (CallExpression):
  has type `result` (linked-list.wipple:6:27-6:33)
  is an expression

`f` (linked-list.wipple:9:32-9:33) (VariableExpression):
  has type `value result -> result` (linked-list.wipple:6:22-6:41)
  is an expression
  resolved to 1 definition(s): `f` (linked-list.wipple:7:20-7:21)

`f` (linked-list.wipple:9:34-9:35) (VariableExpression):
  has type `value result -> result` (linked-list.wipple:6:22-6:41)
  is an expression
  resolved to 1 definition(s): `f` (linked-list.wipple:7:20-7:21)

`f x result` (linked-list.wipple:9:34-9:42) (CallExpression):
  has type `result` (linked-list.wipple:6:27-6:33)
  is an expression

`x` (linked-list.wipple:9:35-9:36) (VariableExpression):
  has type `value` (linked-list.wipple:6:22-6:27)
  is an expression
  resolved to 1 definition(s): `x` (linked-list.wipple:9:6-9:7)

`result` (linked-list.wipple:9:36-9:42) (VariableExpression):
  has type `result` (linked-list.wipple:6:27-6:33)
  is an expression
  resolved to 1 definition(s): `result` (linked-list.wipple:7:21-7:27)

`rest` (linked-list.wipple:9:43-9:47) (VariableExpression):
  has type `Linked-List value`
  is an expression
  resolved to 1 definition(s): `rest` (linked-list.wipple:9:7-9:11)

`list` (linked-list.wipple:12:1-12:5) (VariablePattern):
  has type `Linked-List Number`
  is a definition
  is a pattern

`list : Cons 1 (Cons 2 (Cons 3 Nil))` (linked-list.wipple:12:1-12:28) (AssignmentStatement):
  has type `()` (linked-list.wipple:12:1-12:28)

`Cons` (linked-list.wipple:12:6-12:10) (ConstructorExpression):
  has type `Number (Linked-List Number) -> Linked-List Number` (linked-list.wipple:12:6-12:10)
  is an expression
  resolved to 1 definition(s): `Cons value (Linked-List value)` (linked-list.wipple:3:1-3:28)

`Cons 1 (Cons 2 (Cons 3 Nil))` (linked-list.wipple:12:6-12:28) (CallExpression):
  has type `Linked-List Number`
  is an expression

`1` (linked-list.wipple:12:10-12:11) (NumberExpression):
  has type `Number`
  is an expression

`Cons` (linked-list.wipple:12:12-12:16) (ConstructorExpression):
  has type `Number (Linked-List Number) -> Linked-List Number` (linked-list.wipple:12:12-12:16)
  is an expression
  resolved to 1 definition(s): `Cons value (Linked-List value)` (linked-list.wipple:3:1-3:28)

`Cons 2 (Cons 3 Nil)` (linked-list.wipple:12:12-12:27) (CallExpression):
  has type `Linked-List Number`
  is an expression

`2` (linked-list.wipple:12:16-12:17) (NumberExpression):
  has type `Number`
  is an expression

`Cons` (linked-list.wipple:12:18-12:22) (ConstructorExpression):
  has type `Number (Linked-List Number) -> Linked-List Number` (linked-list.wipple:12:18-12:22)
  is an expression
  resolved to 1 definition(s): `Cons value (Linked-List value)` (linked-list.wipple:3:1-3:28)

`Cons 3 Nil` (linked-list.wipple:12:18-12:26) (CallExpression):
  has type `Linked-List Number`
  is an expression

`3` (linked-list.wipple:12:22-12:23) (NumberExpression):
  has type `Number`
  is an expression

`Nil` (linked-list.wipple:12:23-12:26) (ConstructorExpression):
  has type `Linked-List Number`
  is an expression
  resolved to 1 definition(s): `Nil` (linked-list.wipple:2:1-2:4)

`sum` (linked-list.wipple:14:1-14:4) (VariablePattern):
  has type `Number`
  is a definition
  is a pattern

`sum : reduce-linked-list (+) 0 list` (linked-list.wipple:14:1-14:31) (AssignmentStatement):
  has type `()` (linked-list.wipple:14:1-14:31)

`reduce-linked-list` (linked-list.wipple:14:5-14:23) (VariableExpression):
  has type `(Number Number -> Number) Number (Linked-List Number) -> Number` (linked-list.wipple:14:5-14:23)
  is an expression
  resolved to 1 definition(s): `reduce-linked-list :: (value result -> result) result (Linked-List value) -> result` (linked-list.wipple:6:1-6:74)

`reduce-linked-list (+) 0 list` (linked-list.wipple:14:5-14:31) (CallExpression):
  has type `Number`
  is an expression

`(+)` (linked-list.wipple:14:23-14:26) (ConstructorExpression):
  has bound(s) `Add` (library/src/foundation/math.wipple:7:1-7:47) `Number` `Number` `Number` (resolved as `instance (Add Number Number Number)` (library/src/foundation/math.wipple:8:1-8:32))
  has type `Number Number -> Number`
  is an expression
  resolved to 1 definition(s): `Add : left right (infer sum) => trait (left right -> sum)` (library/src/foundation/math.wipple:7:1-7:47)

`0` (linked-list.wipple:14:26-14:27) (NumberExpression):
  has type `Number`
  is an expression

`list` (linked-list.wipple:14:27-14:31) (VariableExpression):
  has type `Linked-List Number`
  is an expression
  resolved to 1 definition(s): `list` (linked-list.wipple:12:1-12:5)

`show` (linked-list.wipple:15:1-15:5) (VariableExpression):
  has bound(s) `Describe` (library/src/foundation/io.wipple:2:1-2:37) `Number` (resolved as `instance (Describe Number)` (library/src/foundation/io.wipple:15:1-15:25))
  has type `Number -> ()` (linked-list.wipple:15:1-15:5)
  is an expression
  resolved to 1 definition(s): `show :: value -> () where (Describe value)` (library/src/foundation/io.wipple:11:1-11:36)

`show sum` (linked-list.wipple:15:1-15:8) (ExpressionStatement):
  has type `()`

`show sum` (linked-list.wipple:15:1-15:8) (CallExpression):
  has type `()`
  is an expression

`sum` (linked-list.wipple:15:5-15:8) (VariableExpression):
  has type `Number`
  is an expression
  resolved to 1 definition(s): `sum` (linked-list.wipple:14:1-14:4)


Output:
6
