Facts (layer 2):

`show` (VariableExpression):
  has bound(s) `Describe` `String` (resolved as `instance (Describe String)`)
  has type `String -> ()`
  is an expression
  resolved to 1 definition(s): `show :: value -> () where (Describe value)`

`show (if (True and False) {"a"} {"b"})` (ExpressionStatement):
  has type `()`

`show (if (True and False) {"a"} {"b"})` (CallExpression):
  has type `()`
  is an expression

`if` (VariableExpression):
  has type `Boolean {String} {String} -> String`
  is an expression
  resolved to 1 definition(s): `if :: (condition :: Boolean) {(then :: value)} {(else :: value)} -> (output :: value)`

`if (True and False) {"a"} {"b"}` (CallExpression):
  has type `String`
  is an expression

`True` (VisitAs):
  has type `Boolean`
  is an expression
  resolved to 1 definition(s): `True`

`True and False` (OperatorExpression):
  has type `Boolean`
  is an expression

`True and False` (CallExpression):
  has type `Boolean`
  is an expression

`True and False` (ConstructorExpression):
  has bound(s) `And` `Boolean` `Boolean` `Boolean` (resolved as `instance (And Boolean Boolean Boolean)`)
  has type `Boolean {Boolean} -> Boolean`
  is an expression
  resolved to 1 definition(s): `And : left (infer right) (infer output) => trait (left {right} -> output)`

`False` (VisitAs):
  has type `Boolean`
  is an expression
  resolved to 1 definition(s): `False`

`False` (BlockExpression):
  has type `{Boolean}`
  is an expression

`False` (ExpressionStatement):
  has type `Boolean`

`{"a"}` (BlockExpression):
  has type `{String}`
  is an expression

`"a"` (ExpressionStatement):
  has type `String`

`"a"` (StringExpression):
  has type `String`
  is an expression
  type is annotated

`{"b"}` (BlockExpression):
  has type `{String}`
  is an expression

`"b"` (ExpressionStatement):
  has type `String`

`"b"` (StringExpression):
  has type `String`
  is an expression
  type is annotated

`show` (VariableExpression):
  has bound(s) `Describe` `String` (resolved as `instance (Describe String)`)
  has type `String -> ()`
  is an expression
  resolved to 1 definition(s): `show :: value -> () where (Describe value)`

`show (if (True or False) {"a"} {"b"})` (ExpressionStatement):
  has type `()`

`show (if (True or False) {"a"} {"b"})` (CallExpression):
  has type `()`
  is an expression

`if` (VariableExpression):
  has type `Boolean {String} {String} -> String`
  is an expression
  resolved to 1 definition(s): `if :: (condition :: Boolean) {(then :: value)} {(else :: value)} -> (output :: value)`

`if (True or False) {"a"} {"b"}` (CallExpression):
  has type `String`
  is an expression

`True` (VisitAs):
  has type `Boolean`
  is an expression
  resolved to 1 definition(s): `True`

`True or False` (OperatorExpression):
  has type `Boolean`
  is an expression

`True or False` (CallExpression):
  has type `Boolean`
  is an expression

`True or False` (ConstructorExpression):
  has bound(s) `Or` `Boolean` `Boolean` `Boolean` (resolved as `instance (Or Boolean Boolean Boolean)`)
  has type `Boolean {Boolean} -> Boolean`
  is an expression
  resolved to 1 definition(s): `Or : left (infer right) (infer output) => trait (left {right} -> output)`

`False` (VisitAs):
  has type `Boolean`
  is an expression
  resolved to 1 definition(s): `False`

`False` (BlockExpression):
  has type `{Boolean}`
  is an expression

`False` (ExpressionStatement):
  has type `Boolean`

`{"a"}` (BlockExpression):
  has type `{String}`
  is an expression

`"a"` (ExpressionStatement):
  has type `String`

`"a"` (StringExpression):
  has type `String`
  is an expression
  type is annotated

`{"b"}` (BlockExpression):
  has type `{String}`
  is an expression

`"b"` (ExpressionStatement):
  has type `String`

`"b"` (StringExpression):
  has type `String`
  is an expression
  type is annotated


Output:
b
a
