Facts:
`42 :: String` (mismatched-types.wipple:1:2-1:14) (AnnotateExpressionSyntax):
  has type `Number` (mismatched-types.wipple:1:2-1:4) or `String` (mismatched-types.wipple:1:8-1:14)
  is an expression

`42` (mismatched-types.wipple:1:2-1:4) (NumberExpressionSyntax):
  has type `Number` (mismatched-types.wipple:1:2-1:4) or `String` (mismatched-types.wipple:1:8-1:14)
  is an expression

`String` (mismatched-types.wipple:1:8-1:14) (NamedTypeSyntax):
  has type `Number` (mismatched-types.wipple:1:2-1:4) or `String` (mismatched-types.wipple:1:8-1:14)
  is a type
  resolved to 1 definition(s): `String : type` (language.wipple:2:13-2:26)



Feedback:

`42` (mismatched-types.wipple:1:2-1:4) (conflicting-types)

  `42` (mismatched-types.wipple:1:2-1:4) is a `Number` (mismatched-types.wipple:1:2-1:4) or a `String` (mismatched-types.wipple:1:8-1:14), but it can only be one of these.
  
  `42` (mismatched-types.wipple:1:2-1:4) must be the same type as `42 :: String` (mismatched-types.wipple:1:2-1:14), `String` (mismatched-types.wipple:1:8-1:14), and `(42 :: String)` (mismatched-types.wipple:1:1-1:15); double-check these.
  
  -  `42` (mismatched-types.wipple:1:2-1:4) is a `Number` (language.wipple:1:38-1:51).
