Facts (layer 2):

`Foo : type` (missing-instance.wipple:1:1-1:9) (TypeDefinition):
  has definition constraints
  has type `Foo` (missing-instance.wipple:1:1-1:9)
  is a definition

`Foo : type` (missing-instance.wipple:1:1-1:9) (TypeDefinition):
  has definition constraints
  has type `Foo` (missing-instance.wipple:1:1-1:9)
  is a definition

`show` (missing-instance.wipple:2:1-2:5) (VariableExpression):
  has bound(s) `Describe` (library/src/foundation/io.wipple:2:1-2:37) `Foo` (resolved as `default error instance (Describe value)` (library/src/foundation/io.wipple:8:1-8:36))
  has type `Foo -> ()` (missing-instance.wipple:2:1-2:5)
  is an expression
  resolved to 1 definition(s): `show :: value -> () where (Describe value)` (library/src/foundation/io.wipple:11:1-11:36)

`show Foo` (missing-instance.wipple:2:1-2:8) (ExpressionStatement):
  has type `()`

`show Foo` (missing-instance.wipple:2:1-2:8) (CallExpression):
  has type `()`
  is an expression

`Foo` (missing-instance.wipple:2:5-2:8) (ConstructorExpression):
  has type `Foo`
  is an expression
  resolved to 1 definition(s): `Foo : type` (missing-instance.wipple:1:1-1:9)



Feedback:

`show` (missing-instance.wipple:2:1-2:5) (error-instance)

  Can't describe `Foo`.
  
  You can't display `Foo` on the screen or use it in placeholders because
  it can't be converted into a string.
