Facts (layer 2):

`T1 : a b => trait (a -> b)` (TraitDefinition):
  assigned type `a -> b`
  grouped with `a -> b`
  has 1 instances
  has definition constraints
  has type `a -> b`
  has type parameters
  is a definition

`a` (TypeParameter):
  assigned type `a`
  grouped with `a`
  has type `a`
  is a definition
  is a type
  resolved to 1 definition(s): `a`
  type is annotated

`b` (TypeParameter):
  assigned type `b`
  grouped with `b`
  has type `b`
  is a definition
  is a type
  resolved to 1 definition(s): `b`
  type is annotated

`a` (TypeParameter):
  assigned type `a`
  grouped with `a`
  has type `a`
  is a type
  resolved to 1 definition(s): `a`
  resolved to type parameter `a`
  type is annotated

`a -> b` (FunctionType):
  assigned type `a -> b`
  grouped with `T1 : a b => trait (a -> b)`
  has type `a -> b`
  is a type
  type is annotated

`b` (TypeParameter):
  assigned type `b`
  grouped with `b`
  has type `b`
  is a type
  resolved to 1 definition(s): `b`
  resolved to type parameter `b`
  type is annotated

`instance (T1 () ())` (InstanceDefinition):
  assigned type `() -> ()`
  grouped with `a -> b`, `() -> ()`
  has definition constraints
  has type `() -> ()`
  is a definition
  resolved to 1 definition(s): `T1 : a b => trait (a -> b)`

`()` (UnitType):
  assigned type `()`
  grouped with `a`
  has type `()`
  is a type
  type is annotated

`()` (UnitType):
  assigned type `()`
  grouped with `b`
  has type `()`
  is a type
  type is annotated

`()` (UnitPattern):
  assigned type `()`
  grouped with `a`
  has type `()`
  is a pattern

`() -> ()` (FunctionExpression):
  assigned type `() -> ()`
  grouped with `instance (T1 () ())`
  has type `() -> ()`
  is an expression

`()` (UnitExpression):
  assigned type `()`
  grouped with `b`
  has type `()`
  is an expression

`T2 : a => trait (a -> ())` (TraitDefinition):
  assigned type `a -> ()`
  grouped with `a -> ()`
  has 1 instances
  has definition constraints
  has type `a -> ()`
  has type parameters
  is a definition

`a` (TypeParameter):
  assigned type `a`
  grouped with `a`
  has type `a`
  is a definition
  is a type
  resolved to 1 definition(s): `a`
  type is annotated

`a` (TypeParameter):
  assigned type `a`
  grouped with `a`
  has type `a`
  is a type
  resolved to 1 definition(s): `a`
  resolved to type parameter `a`
  type is annotated

`a -> ()` (FunctionType):
  assigned type `a -> ()`
  grouped with `T2 : a => trait (a -> ())`
  has type `a -> ()`
  is a type
  type is annotated

`()` (UnitType):
  assigned type `()`
  has type `()`
  is a type
  type is annotated

`instance (T2 a) where (T1 a b)` (InstanceDefinition):
  assigned type `a -> ()`
  grouped with `a -> ()`, `x -> do {_ : T1 x}`
  has definition constraints
  has type `a -> ()`
  has type parameters
  is a definition
  resolved to 1 definition(s): `T2 : a => trait (a -> ())`

`a` (TypeParameter):
  assigned type `a`
  grouped with `a`, `a`
  has type `a`
  is a definition
  is a type
  resolved to 1 definition(s): `a`
  type is annotated

`(T1 a b)` (BoundConstraint):
  has bound(s) `T1` `a` `b` (resolved as `(T1 a b)`)
  is a constraint
  resolved to 1 definition(s): `T1 : a b => trait (a -> b)`

`a` (TypeParameter):
  assigned type `a`
  grouped with `a`, `a`
  has type `a`
  is a type
  resolved to 1 definition(s): `a`
  resolved to type parameter `a`
  type is annotated

`b` (TypeParameter):
  assigned type `b`
  grouped with `b`
  has type `b`
  is a definition
  is a type
  resolved to 1 definition(s): `b`
  type is annotated

`x` (VariablePattern):
  assigned type `a`
  grouped with `x`, `a`
  has type `a`
  is a definition
  is a pattern

`x -> do {_ : T1 x}` (FunctionExpression):
  assigned type `a -> ()`
  grouped with `instance (T2 a) where (T1 a b)`
  has type `a -> ()`
  is an expression

`do {_ : T1 x}` (DoExpression):
  grouped with `_ : T1 x`, `()`
  has type `()`
  is an expression

`{_ : T1 x}` (BlockExpression):
  assigned type `{()}`
  captures `x`
  has type `{()}`
  is an expression

`_` (WildcardPattern):
  assigned type `b`
  grouped with `T1 x`, `T1 x`
  has type `b`
  is a pattern

`_ : T1 x` (AssignmentStatement):
  assigned type `()`
  grouped with `do {_ : T1 x}`
  has type `()`

`T1` (ConstructorExpression):
  assigned type `a -> b`
  grouped with `a -> b`
  has bound(s) `T1` `a` `b` (resolved as `(T1 a b)`)
  has type `a -> b`
  is an expression
  resolved to 1 definition(s): `T1 : a b => trait (a -> b)`

`T1 x` (CallExpression):
  grouped with `b`, `_`, `_`
  has type `b`
  is an expression

`x` (VariableExpression):
  assigned type `a`
  grouped with `x`, `a`
  has type `a`
  is an expression
  resolved to 1 definition(s): `x`
  type is annotated

`T2` (ConstructorExpression):
  assigned type `() -> ()`
  grouped with `a -> ()`
  has bound(s) `T2` `()` (resolved as `instance (T2 a) where (T1 a b)`), `T1` `()` `()` (resolved as `instance (T1 () ())`)
  has type `() -> ()`
  is an expression
  resolved to 1 definition(s): `T2 : a => trait (a -> ())`

`T2 ()` (ExpressionStatement):
  assigned type `()`
  grouped with `T2 ()`
  has type `()`

`T2 ()` (CallExpression):
  grouped with `()`, `T2 ()`
  has type `()`
  is an expression

`()` (UnitExpression):
  assigned type `()`
  grouped with `a`
  has type `()`
  is an expression

`show` (VariableExpression):
  assigned type `String -> ()`
  grouped with `value -> ()`
  has bound(s) `Describe` `String` (resolved as `instance (Describe String)`)
  has type `String -> ()`
  is an expression
  resolved to 1 definition(s): `show :: value -> () where (Describe value)`

`show "done"` (ExpressionStatement):
  assigned type `()`
  grouped with `show "done"`
  has type `()`

`show "done"` (CallExpression):
  grouped with `()`, `show "done"`
  has type `()`
  is an expression

`"done"` (StringExpression):
  assigned type `String`
  grouped with `"done"`, `value`
  has type `String`
  is an expression


Output:
done
