Facts (layer 2):

`show` (VariableExpression):
  has bound(s) `Describe` `Boolean` (resolved as `instance (Describe Boolean)`)
  has type `Boolean -> ()`
  is an expression
  resolved to 1 definition(s): `show :: value -> () where (Describe value)`

`show ((negate 3) = -3)` (ExpressionStatement):
  has type `()`

`show ((negate 3) = -3)` (CallExpression):
  has type `()`
  is an expression

`negate` (VariableExpression):
  has type `Number -> Number`
  is an expression
  resolved to 1 definition(s): `negate :: Number -> Number`

`negate 3` (CallExpression):
  has type `Number`
  is an expression

`negate 3) = -3` (OperatorExpression):
  has type `Boolean`
  is an expression

`negate 3) = -3` (CallExpression):
  has type `Boolean`
  is an expression

`negate 3) = -3` (ConstructorExpression):
  has bound(s) `Equal` `Number` (resolved as `instance (Equal Number)`)
  has type `Number Number -> Boolean`
  is an expression
  resolved to 1 definition(s): `Equal : value => trait (value value -> Boolean)`

`3` (NumberExpression):
  has type `Number`
  is an expression

`-3` (NumberExpression):
  has type `Number`
  is an expression


Output:
True
