Facts:
`Elephants : type {count :: Number}` (number-units.wipple:1:1-1:35) (TypeDefinitionSyntax):
  has definition constraints
  has structure fields
  has type `Elephants` (number-units.wipple:1:1-1:35)
  is a definition

`instance (Equal Elephants)` (number-units.wipple:3:1-3:27) (InstanceDefinitionSyntax):
  has definition constraints
  has type `Elephants Elephants -> Boolean` (number-units.wipple:3:30-3:86)
  is a definition
  resolved to 1 definition(s): `Equal : value => trait (value value -> Boolean)` (logic.wipple:77:1-77:48)

`elephants :: Number -> Elephants` (number-units.wipple:5:8-5:40) (ConstantDefinitionSyntax):
  has definition constraints
  has type `Number -> Elephants` (number-units.wipple:5:21-5:40)
  is a definition

`[unit]` (number-units.wipple:5:1-5:7) (AttributeSyntax):
  (no facts)

`elephants : count -> Elephants {count : count}` (number-units.wipple:6:1-6:47) (AssignmentStatementSyntax):
  has type `()` (number-units.wipple:6:1-6:47)

`Number` (number-units.wipple:1:28-1:34) (NamedTypeSyntax):
  has type `Number` (number-units.wipple:1:28-1:34)
  is a type
  resolved to 1 definition(s): `Number : type` (language.wipple:1:38-1:51)

`Elephants` (number-units.wipple:3:17-3:26) (NamedTypeSyntax):
  has type `Elephants` (number-units.wipple:3:17-3:26)
  is a type
  resolved to 1 definition(s): `Elephants : type {count :: Number}` (number-units.wipple:1:1-1:35)

`Number -> Elephants` (number-units.wipple:5:21-5:40) (FunctionTypeSyntax):
  has type `Number -> Elephants` (number-units.wipple:5:21-5:40)
  is a type

`Number` (number-units.wipple:5:21-5:27) (NamedTypeSyntax):
  has type `Number` (number-units.wipple:5:21-5:27)
  is a type
  resolved to 1 definition(s): `Number : type` (language.wipple:1:38-1:51)

`Elephants` (number-units.wipple:5:31-5:40) (NamedTypeSyntax):
  has type `Elephants` (number-units.wipple:5:31-5:40)
  is a type
  resolved to 1 definition(s): `Elephants : type {count :: Number}` (number-units.wipple:1:1-1:35)

`(Elephants {count : a}) (Elephants {count : b}) -> a = b` (number-units.wipple:3:30-3:86) (FunctionExpressionSyntax):
  has type `Elephants Elephants -> Boolean` (number-units.wipple:3:30-3:86)
  is an expression
  no captures

`Elephants {count : a}` (number-units.wipple:3:31-3:52) (StructurePatternSyntax):
  has type `Elephants` (number-units.wipple:3:17-3:26)
  is a pattern
  resolved to 1 definition(s): `Elephants : type {count :: Number}` (number-units.wipple:1:1-1:35)

`a` (number-units.wipple:3:50-3:51) (VariablePatternSyntax):
  has type `Number`
  is a pattern

`Elephants {count : b}` (number-units.wipple:3:55-3:76) (StructurePatternSyntax):
  has type `Elephants` (number-units.wipple:3:17-3:26)
  is a pattern
  resolved to 1 definition(s): `Elephants : type {count :: Number}` (number-units.wipple:1:1-1:35)

`b` (number-units.wipple:3:74-3:75) (VariablePatternSyntax):
  has type `Number`
  is a pattern

`a = b` (number-units.wipple:3:81-3:86) (OperatorExpressionSyntax):
  has type `Boolean`
  is an expression

`=` (number-units.wipple:3:83-3:84) (VisitAs):
  has bound(s) `Equal` `Number` (`instance (Equal Number)` (logic.wipple:85:1-85:24))
  has type `Number Number -> Boolean` (number-units.wipple:3:83-3:84)
  is an expression
  resolved to 1 definition(s): `Equal : value => trait (value value -> Boolean)` (logic.wipple:77:1-77:48)

`a` (number-units.wipple:3:81-3:82) (VisitAs):
  has type `Number`
  is an expression
  resolved to 1 definition(s): `a` (number-units.wipple:3:50-3:51)

`b` (number-units.wipple:3:85-3:86) (VisitAs):
  has type `Number`
  is an expression
  resolved to 1 definition(s): `b` (number-units.wipple:3:74-3:75)

`=` (number-units.wipple:3:83-3:84) (CallExpressionSyntax):
  has type `Boolean`
  is an expression

`count -> Elephants {count : count}` (number-units.wipple:6:13-6:47) (FunctionExpressionSyntax):
  has type `Number -> Elephants` (number-units.wipple:5:21-5:40)
  is an expression
  no captures

`count` (number-units.wipple:6:13-6:18) (VariablePatternSyntax):
  has type `Number` (number-units.wipple:5:21-5:27)
  is a pattern

`Elephants {count : count}` (number-units.wipple:6:22-6:47) (StructureExpressionSyntax):
  has type `Elephants` (number-units.wipple:5:31-5:40)
  is an expression
  resolved to 1 definition(s): `Elephants : type {count :: Number}` (number-units.wipple:1:1-1:35)

`count` (number-units.wipple:6:41-6:46) (VariableExpressionSyntax):
  has type `Number` (number-units.wipple:5:21-5:27)
  is an expression
  resolved to 1 definition(s): `count` (number-units.wipple:6:13-6:18)

`show (42 elephants = elephants 42)` (number-units.wipple:8:1-8:35) (CallExpressionSyntax):
  has type `()`
  is an expression

`show` (number-units.wipple:8:1-8:5) (VariableExpressionSyntax):
  has bound(s) `Describe` `Boolean` (`instance (Describe Boolean)` (io.wipple:16:1-16:28))
  has type `Boolean -> ()` (number-units.wipple:8:1-8:5)
  is an expression
  resolved to 1 definition(s): `show :: value -> () where (Describe value)` (io.wipple:11:1-11:43)

`42 elephants = elephants 42` (number-units.wipple:8:7-8:34) (OperatorExpressionSyntax):
  has type `Boolean`
  is an expression

`=` (number-units.wipple:8:20-8:21) (VisitAs):
  has bound(s) `Equal` `Elephants` (`instance (Equal Elephants)` (number-units.wipple:3:1-3:27))
  has type `Elephants Elephants -> Boolean` (number-units.wipple:8:20-8:21)
  is an expression
  resolved to 1 definition(s): `Equal : value => trait (value value -> Boolean)` (logic.wipple:77:1-77:48)

`42 elephants` (number-units.wipple:8:7-8:19) (VisitAs):
  has type `Elephants`
  is an expression

`elephants 42` (number-units.wipple:8:22-8:34) (VisitAs):
  has type `Elephants`
  is an expression

`=` (number-units.wipple:8:20-8:21) (CallExpressionSyntax):
  has type `Boolean`
  is an expression

`elephants` (number-units.wipple:8:10-8:19) (VariableExpressionSyntax):
  has type `Number -> Elephants` (number-units.wipple:8:10-8:19)
  is an expression
  resolved to 1 definition(s): `elephants :: Number -> Elephants` (number-units.wipple:5:8-5:40)

`42` (number-units.wipple:8:7-8:9) (NumberExpressionSyntax):
  has type `Number` (number-units.wipple:8:7-8:9)
  is an expression

`elephants` (number-units.wipple:8:22-8:31) (VariableExpressionSyntax):
  has type `Number -> Elephants` (number-units.wipple:8:22-8:31)
  is an expression
  resolved to 1 definition(s): `elephants :: Number -> Elephants` (number-units.wipple:5:8-5:40)

`42` (number-units.wipple:8:32-8:34) (NumberExpressionSyntax):
  has type `Number` (number-units.wipple:8:32-8:34)
  is an expression


Output:
True
