Facts (layer 2):

`Number : type` (TypeDefinition):
  has definition constraints
  has type `Number`
  is a definition

`String : type` (TypeDefinition):
  has definition constraints
  has type `String`
  is a definition

`Maybe : value => type` (TypeDefinition):
  has definition constraints
  has type `Maybe value`
  has type parameters
  is a definition

`value` (TypeParameter):
  has type `value`
  is a definition
  is a type
  resolved to 1 definition(s): `value`
  type is annotated

`Describe : value => trait (value -> String)` (TraitDefinition):
  has 2 instances
  has definition constraints
  has type `value -> String`
  has type parameters
  is a definition

`value` (TypeParameter):
  has type `value`
  is a definition
  is a type
  resolved to 1 definition(s): `value`
  type is annotated

`value` (TypeParameter):
  has type `value`
  is a type
  resolved to 1 definition(s): `value`
  type is annotated

`value -> String` (FunctionType):
  has type `value -> String`
  is a type
  type is annotated

`String` (NamedType):
  has type `String`
  is a type
  resolved to 1 definition(s): `String : type`
  type is annotated

`instance (Describe String)` (InstanceDefinition):
  has definition constraints
  has type `String -> String`
  is a definition
  resolved to 1 definition(s): `Describe : value => trait (value -> String)`

`String` (NamedType):
  has type `String`
  is a type
  resolved to 1 definition(s): `String : type`
  type is annotated

`_` (PlaceholderExpression):
  has type `String -> String`
  is an expression

`instance (Describe (Maybe value)) where (Describe value)` (InstanceDefinition):
  has definition constraints
  has type `(Maybe value) -> String`
  has type parameters
  is a definition
  resolved to 1 definition(s): `Describe : value => trait (value -> String)`

`Maybe value` (NamedType):
  has type `Maybe value`
  is a type
  resolved to 1 definition(s): `Maybe : value => type`
  type is annotated

`value` (TypeParameter):
  has type `value`
  is a definition
  is a type
  resolved to 1 definition(s): `value`
  type is annotated

`(Describe value)` (BoundConstraint):
  has bound(s) `Describe` `value` (resolved as `(Describe value)`)
  is a constraint
  resolved to 1 definition(s): `Describe : value => trait (value -> String)`

`value` (TypeParameter):
  has type `value`
  is a type
  resolved to 1 definition(s): `value`
  type is annotated

`_` (PlaceholderExpression):
  has type `(Maybe value) -> String`
  is an expression

`Describe` (ConstructorExpression):
  has bound(s) `Describe` `(Maybe String)` (resolved as `instance (Describe (Maybe value)) where (Describe value)`), `Describe` `String` (resolved as `instance (Describe String)`)
  has type `(Maybe String) -> String`
  is an expression
  resolved to 1 definition(s): `Describe : value => trait (value -> String)`

`Describe (_ :: Maybe String)` (ExpressionStatement):
  has type `String`

`Describe (_ :: Maybe String)` (CallExpression):
  has type `String`
  is an expression

`_` (PlaceholderExpression):
  has type `Maybe String`
  is an expression
  type is annotated

`Maybe String` (NamedType):
  has type `Maybe String`
  is a type
  resolved to 1 definition(s): `Maybe : value => type`
  type is annotated

`String` (NamedType):
  has type `String`
  is a type
  resolved to 1 definition(s): `String : type`
  type is annotated

`Describe` (ConstructorExpression):
  has bound(s) `Describe` `(Maybe Number)` (resolved as `instance (Describe (Maybe value)) where (Describe value)`), `Describe` `Number` (unresolved)
  has type `(Maybe Number) -> String`
  is an expression
  resolved to 1 definition(s): `Describe : value => trait (value -> String)`

`Describe (_ :: Maybe Number)` (ExpressionStatement):
  has type `String`

`Describe (_ :: Maybe Number)` (CallExpression):
  has type `String`
  is an expression

`_` (PlaceholderExpression):
  has type `Maybe Number`
  is an expression
  type is annotated

`Maybe Number` (NamedType):
  has type `Maybe Number`
  is a type
  resolved to 1 definition(s): `Maybe : value => type`
  type is annotated

`Number` (NamedType):
  has type `Number`
  is a type
  resolved to 1 definition(s): `Number : type`
  type is annotated



Feedback:

`Describe` (unresolved-bound)

  `Describe` requires the instance `Describe` `Number`, but this instance isn't defined.
  
  Double-check that these types are correct.
