Facts:
`Number : type` (recursive-bounds.wipple:1:13-1:26) (TypeDefinitionSyntax):
  has definition constraints
  has type `Number` (recursive-bounds.wipple:1:13-1:26)
  is a definition

`[intrinsic]` (recursive-bounds.wipple:1:1-1:12) (AttributeSyntax):
  (no facts)

`String : type` (recursive-bounds.wipple:2:13-2:26) (TypeDefinitionSyntax):
  has definition constraints
  has type `String` (recursive-bounds.wipple:2:13-2:26)
  is a definition

`[intrinsic]` (recursive-bounds.wipple:2:1-2:12) (AttributeSyntax):
  (no facts)

`Maybe : value => type` (recursive-bounds.wipple:3:13-3:34) (TypeDefinitionSyntax):
  has definition constraints
  has type `Maybe value` (recursive-bounds.wipple:3:13-3:34)
  has type parameters
  is a definition

`[intrinsic]` (recursive-bounds.wipple:3:1-3:12) (AttributeSyntax):
  (no facts)

`value` (recursive-bounds.wipple:3:21-3:26) (TypeParameterSyntax):
  has type `value` (recursive-bounds.wipple:3:21-3:26)
  is a definition
  is a type
  resolved to 1 definition(s): `value` (recursive-bounds.wipple:3:21-3:26)

`Describe : value => trait (value -> String)` (recursive-bounds.wipple:5:1-5:44) (TraitDefinitionSyntax):
  has definition constraints
  has instances
  has type `value -> String` (recursive-bounds.wipple:5:28-5:43)
  has type parameters
  is a definition

`value` (recursive-bounds.wipple:5:12-5:17) (TypeParameterSyntax):
  has type `value` (recursive-bounds.wipple:5:12-5:17)
  is a definition
  is a type
  resolved to 1 definition(s): `value` (recursive-bounds.wipple:5:12-5:17)

`instance (Describe String)` (recursive-bounds.wipple:6:1-6:27) (InstanceDefinitionSyntax):
  has definition constraints
  has type `String -> String`
  is a definition
  resolved to 1 definition(s): `Describe : value => trait (value -> String)` (recursive-bounds.wipple:5:1-5:44)

`instance (Describe (Maybe value)) where (Describe value)` (recursive-bounds.wipple:7:1-7:57) (InstanceDefinitionSyntax):
  has definition constraints
  has type `(Maybe value) -> String`
  has type parameters
  is a definition
  resolved to 1 definition(s): `Describe : value => trait (value -> String)` (recursive-bounds.wipple:5:1-5:44)

`String` (recursive-bounds.wipple:6:20-6:26) (NamedTypeSyntax):
  has type `String` (recursive-bounds.wipple:6:20-6:26)
  is a type
  resolved to 1 definition(s): `String : type` (recursive-bounds.wipple:2:13-2:26)

`Maybe value` (recursive-bounds.wipple:7:21-7:32) (NamedTypeSyntax):
  has type `Maybe value` (recursive-bounds.wipple:7:21-7:32)
  is a type
  resolved to 1 definition(s): `Maybe : value => type` (recursive-bounds.wipple:3:13-3:34)

`value` (recursive-bounds.wipple:7:27-7:32) (TypeParameterSyntax):
  has type `value` (recursive-bounds.wipple:7:27-7:32)
  is a definition
  is a type
  resolved to 1 definition(s): `value` (recursive-bounds.wipple:7:27-7:32)

`(Describe value)` (recursive-bounds.wipple:7:41-7:57) (BoundConstraintSyntax):
  has bound(s) `Describe` `value` (recursive-bounds.wipple:7:27-7:32) (`(Describe value)` (recursive-bounds.wipple:7:41-7:57))
  has definition constraints
  is a constraint
  resolved to 1 definition(s): `Describe : value => trait (value -> String)` (recursive-bounds.wipple:5:1-5:44)

`value` (recursive-bounds.wipple:7:51-7:56) (TypeParameterSyntax):
  has type `value` (recursive-bounds.wipple:7:27-7:32)
  is a type
  resolved to 1 definition(s): `value` (recursive-bounds.wipple:7:27-7:32)

`value -> String` (recursive-bounds.wipple:5:28-5:43) (FunctionTypeSyntax):
  has type `value -> String` (recursive-bounds.wipple:5:28-5:43)
  is a type

`value` (recursive-bounds.wipple:5:28-5:33) (TypeParameterSyntax):
  has type `value` (recursive-bounds.wipple:5:12-5:17)
  is a type
  resolved to 1 definition(s): `value` (recursive-bounds.wipple:5:12-5:17)

`String` (recursive-bounds.wipple:5:37-5:43) (NamedTypeSyntax):
  has type `String` (recursive-bounds.wipple:5:37-5:43)
  is a type
  resolved to 1 definition(s): `String : type` (recursive-bounds.wipple:2:13-2:26)

`_` (recursive-bounds.wipple:6:30-6:31) (PlaceholderExpressionSyntax):
  has type `String -> String`
  is a placeholder
  is an expression

`_` (recursive-bounds.wipple:7:60-7:61) (PlaceholderExpressionSyntax):
  has type `(Maybe value) -> String`
  is a placeholder
  is an expression

`Describe (_ :: Maybe String)` (recursive-bounds.wipple:9:1-9:29) (CallExpressionSyntax):
  has type `String`
  is an expression

`Describe` (recursive-bounds.wipple:9:1-9:9) (ConstructorExpressionSyntax):
  has bound(s) `Describe` `(Maybe String)` (`instance (Describe (Maybe value)) where (Describe value)` (recursive-bounds.wipple:7:1-7:57)), `Describe` `String` (`instance (Describe String)` (recursive-bounds.wipple:6:1-6:27))
  has type `(Maybe String) -> String` (recursive-bounds.wipple:9:1-9:9)
  is an expression
  resolved to 1 definition(s): `Describe : value => trait (value -> String)` (recursive-bounds.wipple:5:1-5:44)

`_ :: Maybe String` (recursive-bounds.wipple:9:11-9:28) (AnnotateExpressionSyntax):
  has type `Maybe String`
  is an expression

`_` (recursive-bounds.wipple:9:11-9:12) (PlaceholderExpressionSyntax):
  has type `Maybe String`
  is a placeholder
  is an expression

`Maybe String` (recursive-bounds.wipple:9:16-9:28) (NamedTypeSyntax):
  has type `Maybe String`
  is a type
  resolved to 1 definition(s): `Maybe : value => type` (recursive-bounds.wipple:3:13-3:34)

`String` (recursive-bounds.wipple:9:22-9:28) (NamedTypeSyntax):
  has type `String`
  is a type
  resolved to 1 definition(s): `String : type` (recursive-bounds.wipple:2:13-2:26)

`Describe (_ :: Maybe Number)` (recursive-bounds.wipple:10:1-10:29) (CallExpressionSyntax):
  has type `String`
  is an expression

`Describe` (recursive-bounds.wipple:10:1-10:9) (ConstructorExpressionSyntax):
  has bound(s) `Describe` `(Maybe Number)` (`instance (Describe (Maybe value)) where (Describe value)` (recursive-bounds.wipple:7:1-7:57)), `Describe` `Number` (recursive-bounds.wipple:10:22-10:28) (unresolved)
  has type `(Maybe Number) -> String` (recursive-bounds.wipple:10:1-10:9)
  is an expression
  resolved to 1 definition(s): `Describe : value => trait (value -> String)` (recursive-bounds.wipple:5:1-5:44)

`_ :: Maybe Number` (recursive-bounds.wipple:10:11-10:28) (AnnotateExpressionSyntax):
  has type `Maybe Number`
  is an expression

`_` (recursive-bounds.wipple:10:11-10:12) (PlaceholderExpressionSyntax):
  has type `Maybe Number`
  is a placeholder
  is an expression

`Maybe Number` (recursive-bounds.wipple:10:16-10:28) (NamedTypeSyntax):
  has type `Maybe Number`
  is a type
  resolved to 1 definition(s): `Maybe : value => type` (recursive-bounds.wipple:3:13-3:34)

`Number` (recursive-bounds.wipple:10:22-10:28) (NamedTypeSyntax):
  has type `Number` (recursive-bounds.wipple:10:22-10:28)
  is a type
  resolved to 1 definition(s): `Number : type` (recursive-bounds.wipple:1:13-1:26)



Feedback:

`Describe` (recursive-bounds.wipple:10:1-10:9) (unresolved-bound)

  `Describe` (recursive-bounds.wipple:10:1-10:9) requires the instance `Describe` `Number` (recursive-bounds.wipple:10:22-10:28), but this instance isn't defined.
  
  Double-check that these types are correct.
