Facts:
`show (Some (Some 42))` (recursive-instance.wipple:1:1-1:22) (CallExpressionSyntax):
  has type `()`
  is an expression

`show` (recursive-instance.wipple:1:1-1:5) (VariableExpressionSyntax):
  has bound(s) `Describe` `(Maybe (Maybe Number))` (`instance (Describe (Maybe value)) where (Describe value)` (io.wipple:17:1-17:57)), `Describe` `Number` (`instance (Describe Number)` (io.wipple:15:1-15:27))
  has type `(Maybe (Maybe Number)) -> ()` (recursive-instance.wipple:1:1-1:5)
  is an expression
  resolved to 1 definition(s): `show :: value -> () where (Describe value)` (io.wipple:11:1-11:43)

`Some (Some 42)` (recursive-instance.wipple:1:7-1:21) (CallExpressionSyntax):
  has type `Maybe (Maybe Number)`
  is an expression

`Some` (recursive-instance.wipple:1:7-1:11) (ConstructorExpressionSyntax):
  has type `(Maybe Number) -> Maybe (Maybe Number)` (recursive-instance.wipple:1:7-1:11)
  is an expression
  resolved to 1 definition(s): `Some value` (language.wipple:6:3-6:13)

`Some 42` (recursive-instance.wipple:1:13-1:20) (CallExpressionSyntax):
  has type `Maybe Number`
  is an expression

`Some` (recursive-instance.wipple:1:13-1:17) (ConstructorExpressionSyntax):
  has type `Number -> Maybe Number` (recursive-instance.wipple:1:13-1:17)
  is an expression
  resolved to 1 definition(s): `Some value` (language.wipple:6:3-6:13)

`42` (recursive-instance.wipple:1:18-1:20) (NumberExpressionSyntax):
  has type `Number`
  is an expression


Output:
Some Some 42
