Facts (layer 2):

`remove-duplicates :: (List element) -> Sequence element where (Describe element) (Equal element) (Hash element)` (ConstantDefinition):
  has definition constraints
  has type `(List element) -> Sequence element`
  has type parameters
  is a definition

`(List element) -> Sequence element` (FunctionType):
  has type `(List element) -> Sequence element`
  is a type

`List element` (NamedType):
  has type `List element`
  is a type
  resolved to 1 definition(s): `List : element => type`

`element` (TypeParameter):
  has type `element`
  is a definition
  is a type
  resolved to 1 definition(s): `element`

`Sequence element` (NamedType):
  has type `Sequence element`
  is a type
  resolved to 1 definition(s): `Sequence : element => type {next :: {Maybe element}}`

`element` (TypeParameter):
  has type `element`
  is a type
  resolved to 1 definition(s): `element`

`(Describe element)` (BoundConstraint):
  has bound(s) `Describe` `element` (resolved as `(Describe element)`)
  is a constraint
  resolved to 1 definition(s): `Describe : value => trait (value -> String)`

`element` (TypeParameter):
  has type `element`
  is a type
  resolved to 1 definition(s): `element`

`(Equal element)` (BoundConstraint):
  has bound(s) `Equal` `element` (resolved as `(Equal element)`)
  is a constraint
  resolved to 1 definition(s): `Equal : value => trait (value value -> Boolean)`

`element` (TypeParameter):
  has type `element`
  is a type
  resolved to 1 definition(s): `element`

`(Hash element)` (BoundConstraint):
  has bound(s) `Hash` `element` (resolved as `(Hash element)`)
  is a constraint
  resolved to 1 definition(s): `Hash : value => trait (value -> Number)`

`element` (TypeParameter):
  has type `element`
  is a type
  resolved to 1 definition(s): `element`

`remove-duplicates : do {⋯}` (AssignmentStatement):
  has type `()`

`do {⋯}` (DoExpression):
  has type `(List element) -> Sequence element`
  is an expression

`{⋯}` (BlockExpression):
  has type `{(List element) -> Sequence element}`
  is an expression

`seen` (VariablePattern):
  has type `Set element`
  is a definition
  is a pattern
  is mutated

`seen : (,)` (AssignmentStatement):
  has type `()`

`,` (CollectionExpression):
  has type `Set element`
  is an expression

`filter` (VariableExpression):
  has bound(s) `As-Sequence` `(List element)` `element` (resolved as `instance (As-Sequence (List element) element)`)
  has type `(element -> Boolean) -> (List element) -> Sequence element`
  is an expression
  resolved to 1 definition(s): `filter :: (condition :: (element -> Boolean)) -> container -> Sequence element where (As-Sequence container element)`

`filter (item -> (seen . (not contains?) item) and (do {⋯}))` (ExpressionStatement):
  has type `(List element) -> Sequence element`

`filter (item -> (seen . (not contains?) item) and (do {⋯}))` (CallExpression):
  has type `(List element) -> Sequence element`
  is an expression

`item` (VariablePattern):
  has type `element`
  is a definition
  is a pattern

`item -> (seen . (not contains?) item) and (do {⋯})` (FunctionExpression):
  captures `seen`
  has type `element -> Boolean`
  is an expression

`seen` (VisitAs):
  has type `Set element`
  is an expression
  resolved to 1 definition(s): `seen`

`seen . (not contains?) item` (VisitAs):
  has type `Boolean`
  is an expression

`seen . (not contains?) item) and (do {⋯}` (OperatorExpression):
  has type `Boolean`
  is an expression

`seen . (not contains?) item) and (do {⋯}` (CallExpression):
  has type `Boolean`
  is an expression

`seen . (not contains?) item) and (do {⋯}` (ConstructorExpression):
  has bound(s) `And` `Boolean` `Boolean` `Boolean` (resolved as `instance (And Boolean Boolean Boolean)`)
  has type `Boolean {Boolean} -> Boolean`
  is an expression
  resolved to 1 definition(s): `And : left (infer right) (infer output) => trait (left {right} -> output)`

`(not contains?) item` (CallExpression):
  has type `Boolean`
  is an expression

`(not contains?) item` (VisitAs):
  has type `(Set element) -> Boolean`
  is an expression

`not` (VariableExpression):
  has bound(s) `Not` `(element -> (Set element) -> Boolean)` (resolved as `instance (Not (a -> b)) where (Not b) (b :: Boolean)`), `Not` `((Set element) -> Boolean)` (resolved as `instance (Not (a -> b)) where (Not b) (b :: Boolean)`), `Not` `Boolean` (resolved as `instance (Not Boolean)`)
  has type `(element -> (Set element) -> Boolean) -> element -> (Set element) -> Boolean`
  is an expression
  resolved to 1 definition(s): `not :: value -> value where (Not value) (value :: Boolean)`

`not contains?` (CallExpression):
  has type `element -> (Set element) -> Boolean`
  is an expression

`contains?` (VariableExpression):
  has bound(s) `Container` `(Set element)` `element` (resolved as `instance (Container (Set element) element) where (Equal element) (Hash element)`), `Equal` `element` (resolved as `(Equal element)`), `Hash` `element` (resolved as `(Hash element)`)
  has type `element -> (Set element) -> Boolean`
  is an expression
  resolved to 1 definition(s): `contains? :: element -> collection -> Boolean where (Container collection element)`

`item` (VariableExpression):
  has type `element`
  is an expression
  resolved to 1 definition(s): `item`

`do {⋯}` (VisitAs):
  has type `Boolean`
  is an expression

`do {⋯}` (BlockExpression):
  captures `seen`, `item`
  has type `{Boolean}`
  is an expression

`do {⋯}` (ExpressionStatement):
  has type `Boolean`

`{⋯}` (BlockExpression):
  captures `seen`, `item`
  has type `{Boolean}`
  is an expression

`set seen` (SetPattern):
  has type `Set element`
  is a pattern
  resolved to 1 definition(s): `seen`

`set seen : seen . insert item` (AssignmentStatement):
  has type `()`

`seen` (VisitAs):
  has type `Set element`
  is an expression
  resolved to 1 definition(s): `seen`

`seen . insert item` (OperatorExpression):
  has type `Set element`
  is an expression

`insert` (VariableExpression):
  has bound(s) `Equal` `element` (resolved as `(Equal element)`), `Hash` `element` (resolved as `(Hash element)`)
  has type `element -> (Set element) -> Set element`
  is an expression
  resolved to 1 definition(s): `insert :: element -> (Set element) -> Set element where (Equal element) (Hash element)`

`insert item` (CallExpression):
  has type `Set element`
  is an expression

`insert item` (VisitAs):
  has type `(Set element) -> Set element`
  is an expression

`item` (VariableExpression):
  has type `element`
  is an expression
  resolved to 1 definition(s): `item`

`True` (ExpressionStatement):
  has type `Boolean`

`True` (ConstructorExpression):
  has type `Boolean`
  is an expression
  resolved to 1 definition(s): `True`

`numbers` (VariablePattern):
  has type `List Number`
  is a definition
  is a pattern

`numbers : 5, 5, 4, 3, 3, 3, 2, 1, 2, 3, 4, 5` (AssignmentStatement):
  has type `()`

`5` (VisitAs):
  has type `Number`
  is an expression

`5` (ConstructorExpression):
  has bound(s) `Build-Collection` `Number` `(List Number)` (resolved as `instance (Build-Collection element (List element))`)
  has type `Number (List Number) -> List Number`
  is an expression
  resolved to 1 definition(s): `Build-Collection : (infer element) collection => trait (element collection -> collection)`

`5, 5, 4, 3, 3, 3, 2, 1, 2, 3, 4, 5` (CollectionExpression):
  has type `List Number`
  is an expression

`5` (VisitAs):
  has type `Number`
  is an expression

`5` (ConstructorExpression):
  has bound(s) `Build-Collection` `Number` `(List Number)` (resolved as `instance (Build-Collection element (List element))`)
  has type `Number (List Number) -> List Number`
  is an expression
  resolved to 1 definition(s): `Build-Collection : (infer element) collection => trait (element collection -> collection)`

`4` (VisitAs):
  has type `Number`
  is an expression

`4` (ConstructorExpression):
  has bound(s) `Build-Collection` `Number` `(List Number)` (resolved as `instance (Build-Collection element (List element))`)
  has type `Number (List Number) -> List Number`
  is an expression
  resolved to 1 definition(s): `Build-Collection : (infer element) collection => trait (element collection -> collection)`

`3` (VisitAs):
  has type `Number`
  is an expression

`3` (ConstructorExpression):
  has bound(s) `Build-Collection` `Number` `(List Number)` (resolved as `instance (Build-Collection element (List element))`)
  has type `Number (List Number) -> List Number`
  is an expression
  resolved to 1 definition(s): `Build-Collection : (infer element) collection => trait (element collection -> collection)`

`3` (VisitAs):
  has type `Number`
  is an expression

`3` (ConstructorExpression):
  has bound(s) `Build-Collection` `Number` `(List Number)` (resolved as `instance (Build-Collection element (List element))`)
  has type `Number (List Number) -> List Number`
  is an expression
  resolved to 1 definition(s): `Build-Collection : (infer element) collection => trait (element collection -> collection)`

`3` (VisitAs):
  has type `Number`
  is an expression

`3` (ConstructorExpression):
  has bound(s) `Build-Collection` `Number` `(List Number)` (resolved as `instance (Build-Collection element (List element))`)
  has type `Number (List Number) -> List Number`
  is an expression
  resolved to 1 definition(s): `Build-Collection : (infer element) collection => trait (element collection -> collection)`

`2` (VisitAs):
  has type `Number`
  is an expression

`2` (ConstructorExpression):
  has bound(s) `Build-Collection` `Number` `(List Number)` (resolved as `instance (Build-Collection element (List element))`)
  has type `Number (List Number) -> List Number`
  is an expression
  resolved to 1 definition(s): `Build-Collection : (infer element) collection => trait (element collection -> collection)`

`1` (VisitAs):
  has type `Number`
  is an expression

`1` (ConstructorExpression):
  has bound(s) `Build-Collection` `Number` `(List Number)` (resolved as `instance (Build-Collection element (List element))`)
  has type `Number (List Number) -> List Number`
  is an expression
  resolved to 1 definition(s): `Build-Collection : (infer element) collection => trait (element collection -> collection)`

`2` (VisitAs):
  has type `Number`
  is an expression

`2` (ConstructorExpression):
  has bound(s) `Build-Collection` `Number` `(List Number)` (resolved as `instance (Build-Collection element (List element))`)
  has type `Number (List Number) -> List Number`
  is an expression
  resolved to 1 definition(s): `Build-Collection : (infer element) collection => trait (element collection -> collection)`

`3` (VisitAs):
  has type `Number`
  is an expression

`3` (ConstructorExpression):
  has bound(s) `Build-Collection` `Number` `(List Number)` (resolved as `instance (Build-Collection element (List element))`)
  has type `Number (List Number) -> List Number`
  is an expression
  resolved to 1 definition(s): `Build-Collection : (infer element) collection => trait (element collection -> collection)`

`4` (VisitAs):
  has type `Number`
  is an expression

`4` (ConstructorExpression):
  has bound(s) `Build-Collection` `Number` `(List Number)` (resolved as `instance (Build-Collection element (List element))`)
  has type `Number (List Number) -> List Number`
  is an expression
  resolved to 1 definition(s): `Build-Collection : (infer element) collection => trait (element collection -> collection)`

`5` (VisitAs):
  has type `Number`
  is an expression

`5` (ConstructorExpression):
  has bound(s) `Build-Collection` `Number` `(List Number)` (resolved as `instance (Build-Collection element (List element))`)
  has type `Number (List Number) -> List Number`
  is an expression
  resolved to 1 definition(s): `Build-Collection : (infer element) collection => trait (element collection -> collection)`

`numbers` (VisitAs):
  has type `List Number`
  is an expression
  resolved to 1 definition(s): `numbers`

`numbers . remove-duplicates` (VisitAs):
  has type `Sequence Number`
  is an expression

`numbers . remove-duplicates . each show` (ExpressionStatement):
  has type `()`

`numbers . remove-duplicates . each show` (OperatorExpression):
  has type `()`
  is an expression

`remove-duplicates` (CallExpression):
  has type `Sequence Number`
  is an expression

`remove-duplicates` (VisitAs):
  has bound(s) `Describe` `Number` (resolved as `instance (Describe Number)`), `Equal` `Number` (resolved as `instance (Equal Number)`), `Hash` `Number` (resolved as `instance (Hash Number)`)
  has type `(List Number) -> Sequence Number`
  is an expression
  resolved to 1 definition(s): `remove-duplicates :: (List element) -> Sequence element where (Describe element) (Equal element) (Hash element)`

`each` (VariableExpression):
  has bound(s) `As-Sequence` `(Sequence Number)` `Number` (resolved as `instance (As-Sequence (Sequence element) element)`)
  has type `(Number -> ()) -> (Sequence Number) -> ()`
  is an expression
  resolved to 1 definition(s): `each :: (action :: (element -> ())) -> container -> () where (As-Sequence container element)`

`each show` (CallExpression):
  has type `()`
  is an expression

`each show` (VisitAs):
  has type `(Sequence Number) -> ()`
  is an expression

`show` (VariableExpression):
  has bound(s) `Describe` `Number` (resolved as `instance (Describe Number)`)
  has type `Number -> ()`
  is an expression
  resolved to 1 definition(s): `show :: value -> () where (Describe value)`


Output:
5
4
3
2
1
