Facts (layer 2):

`repeat` (VariableExpression):
  assigned type `Times {()} -> ()`
  grouped with `condition {body} -> ()`
  has bound(s) `Repeat-Condition` `Times` (resolved as `instance (Repeat-Condition Times)`)
  has type `Times {()} -> ()`
  is an expression
  resolved to 1 definition(s): `repeat`

`repeat (4 times) {⋯}` (ExpressionStatement):
  assigned type `()`
  grouped with `repeat (4 times) {⋯}`
  has type `()`

`repeat (4 times) {⋯}` (CallExpression):
  grouped with `()`, `repeat (4 times) {⋯}`
  has type `()`
  is an expression

`4` (NumberExpression):
  assigned type `Number`
  grouped with `4`, `n :: Number`
  has type `Number`
  is an expression

`4 times` (CallExpression):
  grouped with `Times`, `condition`
  has type `Times`
  is an expression

`times` (VariableExpression):
  assigned type `Number -> Times`
  grouped with `(n :: Number) -> Times`
  has type `Number -> Times`
  is an expression
  resolved to 1 definition(s): `times`

`{⋯}` (BlockExpression):
  assigned type `{()}`
  grouped with `{body}`
  has type `{()}`
  is an expression

`show` (VariableExpression):
  assigned type `String -> ()`
  grouped with `value -> ()`
  has bound(s) `Describe` `String` (resolved as `instance (Describe String)`)
  has type `String -> ()`
  is an expression
  resolved to 1 definition(s): `show`

`show "Hello, world!"` (ExpressionStatement):
  assigned type `()`
  grouped with `show "Hello, world!"`, `body`
  has type `()`

`show "Hello, world!"` (CallExpression):
  grouped with `()`, `show "Hello, world!"`
  has type `()`
  is an expression

`"Hello, world!"` (StringExpression):
  assigned type `String`
  grouped with `"Hello, world!"`, `value`
  has type `String`
  is an expression


Output:
Hello, world!
Hello, world!
Hello, world!
Hello, world!
