Facts (layer 2):

`foo` (undefined-name.wipple:1:1-1:4) (ExpressionStatement):
  missing type (group: `foo` (undefined-name.wipple:1:1-1:4), `foo` (undefined-name.wipple:1:1-1:4))

`foo` (undefined-name.wipple:1:1-1:4) (VariableExpression):
  is an expression
  missing type (group: `foo` (undefined-name.wipple:1:1-1:4), `foo` (undefined-name.wipple:1:1-1:4))
  unresolved



Feedback:

`foo` (undefined-name.wipple:1:1-1:4) (unresolved)

  Can't find `foo`.
  
  Did you mean `floor`?
